ARM Linker, 4.1 [Build 894] [Standard]

==============================================================================

Section Cross References

    main.o(i.data_check) refers to _printf_percent.o(.ARM.Collect$$_printf_percent$$00000000) for _printf_percent
    main.o(i.data_check) refers to _printf_f.o(.ARM.Collect$$_printf_percent$$00000003) for _printf_f
    main.o(i.data_check) refers to printf1.o(x$fpl$printf1) for _printf_fp_dec
    main.o(i.data_check) refers to fflt_clz.o(x$fpl$ffltu) for __aeabi_ui2f
    main.o(i.data_check) refers to main.o(i.mYverage) for mYverage
    main.o(i.data_check) refers to ffixu.o(x$fpl$ffixu) for __aeabi_f2uiz
    main.o(i.data_check) refers to fmul.o(x$fpl$fmul) for __aeabi_fmul
    main.o(i.data_check) refers to f2d.o(x$fpl$f2d) for __aeabi_f2d
    main.o(i.data_check) refers to __2sprintf.o(.text) for __2sprintf
    main.o(i.data_check) refers to stm32_usart.o(i.txNByte) for txNByte
    main.o(i.data_check) refers to stm32_usart.o(i.txStr) for txStr
    main.o(i.data_check) refers to main.o(.data) for hlw8012_Pp
    main.o(i.data_check) refers to main.o(.bss) for tempStr
    main.o(i.mYverage) refers to fleqf.o(x$fpl$fleqf) for __aeabi_cfcmple
    main.o(i.mYverage) refers to fflt_clz.o(x$fpl$ffltu) for __aeabi_ui2f
    main.o(i.mYverage) refers to faddsub_clz.o(x$fpl$frsb) for __aeabi_frsub
    main.o(i.mYverage) refers to fdiv.o(x$fpl$fdiv) for __aeabi_fdiv
    main.o(i.mYverage) refers to faddsub_clz.o(x$fpl$fadd) for __aeabi_fadd
    main.o(i.mYverage) refers to faddsub_clz.o(x$fpl$fsub) for __aeabi_fsub
    main.o(i.main) refers to _printf_percent.o(.ARM.Collect$$_printf_percent$$00000000) for _printf_percent
    main.o(i.main) refers to _printf_d.o(.ARM.Collect$$_printf_percent$$00000009) for _printf_d
    main.o(i.main) refers to _printf_dec.o(.text) for _printf_int_dec
    main.o(i.main) refers to stm32_delay.o(i.delay_init) for delay_init
    main.o(i.main) refers to sys.o(i.NVIC_Configuration) for NVIC_Configuration
    main.o(i.main) refers to stm32_usart.o(i.uart_init) for uart_init
    main.o(i.main) refers to stm32_key.o(i.keyInit) for keyInit
    main.o(i.main) refers to stm32_oled.o(i.OLED_Init) for OLED_Init
    main.o(i.main) refers to stm32_led.o(i.LED_Init) for LED_Init
    main.o(i.main) refers to stm32_timer.o(i.TIM3_Int_Init) for TIM3_Int_Init
    main.o(i.main) refers to stm32_oled.o(i.OLED_Clear) for OLED_Clear
    main.o(i.main) refers to stm32_oled.o(i.OLED_ShowCHinese) for OLED_ShowCHinese
    main.o(i.main) refers to stm32_timer.o(i.TIM1_Cap_Init) for TIM1_Cap_Init
    main.o(i.main) refers to stm32f10x_rcc.o(i.RCC_GetClocksFreq) for RCC_GetClocksFreq
    main.o(i.main) refers to __2printf.o(.text) for __2printf
    main.o(i.main) refers to stm32f10x_tim.o(i.TIM_ITConfig) for TIM_ITConfig
    main.o(i.main) refers to stm32f10x_tim.o(i.TIM_Cmd) for TIM_Cmd
    main.o(i.main) refers to main.o(i.data_check) for data_check
    main.o(i.main) refers to frleqf.o(x$fpl$frleqf) for __aeabi_cfrcmple
    main.o(i.main) refers to stm32_oled.o(i.showPower) for showPower
    main.o(i.main) refers to stm32_timer.o(.bss) for tRecType
    stm32_key.o(i.KEY_Scan) refers to stm32f10x_gpio.o(i.GPIO_ReadInputDataBit) for GPIO_ReadInputDataBit
    stm32_key.o(i.KEY_Scan) refers to stm32_delay.o(i.delay_ms) for delay_ms
    stm32_key.o(i.KEY_Scan) refers to stm32_key.o(.data) for key_up
    stm32_key.o(i.keyInit) refers to stm32f10x_rcc.o(i.RCC_APB2PeriphClockCmd) for RCC_APB2PeriphClockCmd
    stm32_key.o(i.keyInit) refers to stm32f10x_gpio.o(i.GPIO_Init) for GPIO_Init
    stm32_led.o(i.LED_Init) refers to stm32f10x_rcc.o(i.RCC_APB2PeriphClockCmd) for RCC_APB2PeriphClockCmd
    stm32_led.o(i.LED_Init) refers to stm32f10x_gpio.o(i.GPIO_Init) for GPIO_Init
    stm32_led.o(i.LED_Init) refers to stm32f10x_gpio.o(i.GPIO_SetBits) for GPIO_SetBits
    stm32_oled.o(i.OLED_Clear) refers to stm32_oled.o(i.OLED_WR_Byte) for OLED_WR_Byte
    stm32_oled.o(i.OLED_Display_Off) refers to stm32_oled.o(i.OLED_WR_Byte) for OLED_WR_Byte
    stm32_oled.o(i.OLED_Display_On) refers to stm32_oled.o(i.OLED_WR_Byte) for OLED_WR_Byte
    stm32_oled.o(i.OLED_DrawBMP) refers to stm32_oled.o(i.OLED_Set_Pos) for OLED_Set_Pos
    stm32_oled.o(i.OLED_DrawBMP) refers to stm32_oled.o(i.OLED_WR_Byte) for OLED_WR_Byte
    stm32_oled.o(i.OLED_Init) refers to stm32f10x_rcc.o(i.RCC_APB2PeriphClockCmd) for RCC_APB2PeriphClockCmd
    stm32_oled.o(i.OLED_Init) refers to stm32f10x_gpio.o(i.GPIO_Init) for GPIO_Init
    stm32_oled.o(i.OLED_Init) refers to stm32f10x_gpio.o(i.GPIO_SetBits) for GPIO_SetBits
    stm32_oled.o(i.OLED_Init) refers to stm32_delay.o(i.delay_ms) for delay_ms
    stm32_oled.o(i.OLED_Init) refers to stm32f10x_gpio.o(i.GPIO_ResetBits) for GPIO_ResetBits
    stm32_oled.o(i.OLED_Init) refers to stm32_oled.o(i.OLED_WR_Byte) for OLED_WR_Byte
    stm32_oled.o(i.OLED_Init) refers to stm32_oled.o(i.OLED_Clear) for OLED_Clear
[...]
    Removing stm32f10x_bkp.o(i.BKP_GetFlagStatus), (12 bytes).
    Removing stm32f10x_bkp.o(i.BKP_GetITStatus), (12 bytes).
    Removing stm32f10x_bkp.o(i.BKP_ITConfig), (12 bytes).
    Removing stm32f10x_bkp.o(i.BKP_RTCOutputConfig), (28 bytes).
    Removing stm32f10x_bkp.o(i.BKP_ReadBackupRegister), (16 bytes).
    Removing stm32f10x_bkp.o(i.BKP_SetRTCCalibrationValue), (28 bytes).
    Removing stm32f10x_bkp.o(i.BKP_TamperPinCmd), (12 bytes).
    Removing stm32f10x_bkp.o(i.BKP_TamperPinLevelConfig), (12 bytes).
    Removing stm32f10x_bkp.o(i.BKP_WriteBackupRegister), (16 bytes).

294 unused section(s) (total 11061 bytes) removed from the image.

==============================================================================

Image Symbol Table

    Local Symbols

    Symbol Name                              Value     Ov Type        Size  Object(Section)

    ../../angel/boardlib.s                   0x00000000   Number         0  boardinit2.o ABSOLUTE
    ../../angel/boardlib.s                   0x00000000   Number         0  boardinit3.o ABSOLUTE
    ../../angel/boardlib.s                   0x00000000   Number         0  boardshut.o ABSOLUTE
    ../../angel/boardlib.s                   0x00000000   Number         0  boardinit1.o ABSOLUTE
    ../../angel/handlers.s                   0x00000000   Number         0  __scatter_copy.o ABSOLUTE
    ../../angel/handlers.s                   0x00000000   Number         0  __scatter_zi.o ABSOLUTE
    ../../angel/kernel.s                     0x00000000   Number         0  rtentry2.o ABSOLUTE
    ../../angel/kernel.s                     0x00000000   Number         0  rtexit.o ABSOLUTE
    ../../angel/kernel.s                     0x00000000   Number         0  rtentry4.o ABSOLUTE
    ../../angel/kernel.s                     0x00000000   Number         0  rtentry.o ABSOLUTE
    ../../angel/kernel.s                     0x00000000   Number         0  rtexit2.o ABSOLUTE
    ../../angel/rt.s                         0x00000000   Number         0  rt_locale_intlibspace.o ABSOLUTE
    ../../angel/rt.s                         0x00000000   Number         0  rt_locale.o ABSOLUTE
    ../../angel/rt.s                         0x00000000   Number         0  rt_raise.o ABSOLUTE
    ../../angel/rt.s                         0x00000000   Number         0  rt_fp_status_addr.o ABSOLUTE
    ../../angel/rt.s                         0x00000000   Number         0  rt_fp_status_addr_intlibspace.o ABSOLUTE
    ../../angel/scatter.s                    0x00000000   Number         0  __scatter.o ABSOLUTE
    ../../angel/startup.s                    0x00000000   Number         0  __main.o ABSOLUTE
    ../../angel/sys.s                        0x00000000   Number         0  sys_stackheap_outer.o ABSOLUTE
    ../../angel/sys.s                        0x00000000   Number         0  indicate_semi.o ABSOLUTE
    ../../angel/sys.s                        0x00000000   Number         0  use_no_semi.o ABSOLUTE
    ../../angel/sys.s                        0x00000000   Number         0  use_no_semi_2.o ABSOLUTE
    ../../angel/sys.s                        0x00000000   Number         0  libspace.o ABSOLUTE
    ../../angel/sysapp.c                     0x00000000   Number         0  sys_command.o ABSOLUTE
    ../../angel/sysapp.c                     0x00000000   Number         0  sys_wrch.o ABSOLUTE
    ../../armsys.c                           0x00000000   Number         0  argv_veneer.o ABSOLUTE
    ../../armsys.c                           0x00000000   Number         0  argv_veneer.o ABSOLUTE
    ../../armsys.c                           0x00000000   Number         0  _get_argv_nomalloc.o ABSOLUTE
    ../../armsys.c                           0x00000000   Number         0  no_argv.o ABSOLUTE
    ../../bigflt.c                           0x00000000   Number         0  bigflt0.o ABSOLUTE
    ../../btod.s                             0x00000000   Number         0  btod.o ABSOLUTE
    ../../dretinf.s                          0x00000000   Number         0  dretinf.o ABSOLUTE
    ../../f2d.s                              0x00000000   Number         0  f2d.o ABSOLUTE
    ../../faddsub.s                          0x00000000   Number         0  faddsub_clz.o ABSOLUTE
    ../../fcmpi.s                            0x00000000   Number         0  fcmpi.o ABSOLUTE
    ../../fdiv.s                             0x00000000   Number         0  fdiv.o ABSOLUTE
    ../../ffix.s                             0x00000000   Number         0  ffix.o ABSOLUTE
    ../../ffixu.s                            0x00000000   Number         0  ffixu.o ABSOLUTE
    ../../fflt.s                             0x00000000   Number         0  fflt_clz.o ABSOLUTE
    ../../fleqf.s                            0x00000000   Number         0  fleqf.o ABSOLUTE
    ../../fmul.s                             0x00000000   Number         0  fmul.o ABSOLUTE
    ../../fnaninf.s                          0x00000000   Number         0  fnaninf.o ABSOLUTE
    ../../fpclassify.c                       0x00000000   Number         0  fpclassify.o ABSOLUTE
    ../../fpinit.s                           0x00000000   Number         0  fpinit.o ABSOLUTE
    ../../fretinf.s                          0x00000000   Number         0  fretinf.o ABSOLUTE
    ../../frleqf.s                           0x00000000   Number         0  frleqf.o ABSOLUTE
    ../../heapalloc.c                        0x00000000   Number         0  hrguard.o ABSOLUTE
    ../../heapaux.c                          0x00000000   Number         0  heapauxi.o ABSOLUTE
    ../../istatus.s                          0x00000000   Number         0  istatus.o ABSOLUTE
    ../../libinit.s                          0x00000000   Number         0  libshutdown2.o ABSOLUTE
    ../../libinit.s                          0x00000000   Number         0  libshutdown.o ABSOLUTE
    ../../libinit.s                          0x00000000   Number         0  libinit2.o ABSOLUTE
    ../../libinit.s                          0x00000000   Number         0  libinit.o ABSOLUTE
    ../../locale.s                           0x00000000   Number         0  lc_numeric_c.o ABSOLUTE
    ../../longlong.s                         0x00000000   Number         0  lludiv10.o ABSOLUTE
    ../../memcpset.s                         0x00000000   Number         0  strcmpv7m.o ABSOLUTE
    ../../misc.s                             0x00000000   Number         0  printf_stubs.o ABSOLUTE
    ../../printf.c                           0x00000000   Number         0  _printf_char_common.o ABSOLUTE
    ../../printf.c                           0x00000000   Number         0  _printf_fp_dec.o ABSOLUTE
    ../../printf.c                           0x00000000   Number         0  _printf_intcommon.o ABSOLUTE
    ../../printf.c                           0x00000000   Number         0  __printf_flags.o ABSOLUTE
    ../../printf.c                           0x00000000   Number         0  __2printf.o ABSOLUTE
    ../../printf.c                           0x00000000   Number         0  __2sprintf.o ABSOLUTE
    ../../printf.c                           0x00000000   Number         0  noretval__2sprintf.o ABSOLUTE
    ../../printf.c                           0x00000000   Number         0  __printf.o ABSOLUTE
    ../../printf.c                           0x00000000   Number         0  _printf_dec.o ABSOLUTE
    ../../printf.c                           0x00000000   Number         0  __printf_ss.o ABSOLUTE
    ../../printf.c                           0x00000000   Number         0  __printf_flags_ss.o ABSOLUTE
    ../../printf.c                           0x00000000   Number         0  __printf_wp.o ABSOLUTE
    ../../printf.c                           0x00000000   Number         0  __printf_flags_wp.o ABSOLUTE
    ../../printf.c                           0x00000000   Number         0  __printf_ss_wp.o ABSOLUTE
    ../../printf.c                           0x00000000   Number         0  __printf_flags_ss_wp.o ABSOLUTE
    ../../printf.c                           0x00000000   Number         0  _printf_char_file.o ABSOLUTE
    ../../printf.c                           0x00000000   Number         0  _sputc.o ABSOLUTE
    ../../printf.c                           0x00000000   Number         0  __printf_nopercent.o ABSOLUTE
    ../../printf.c                           0x00000000   Number         0  _printf_fp_infnan.o ABSOLUTE
    ../../printf.c                           0x00000000   Number         0  noretval__2printf.o ABSOLUTE
    ../../printf1.s                          0x00000000   Number         0  printf1.o ABSOLUTE
    ../../printf_percent.s                   0x00000000   Number         0  _printf_percent_end.o ABSOLUTE
    ../../printf_percent.s                   0x00000000   Number         0  _printf_percent.o ABSOLUTE
    ../../printf_percent.s                   0x00000000   Number         0  _printf_d.o ABSOLUTE
    ../../printf_percent.s                   0x00000000   Number         0  _printf_f.o ABSOLUTE
    ../../signal.c                           0x00000000   Number         0  __raise.o ABSOLUTE
    ../../signal.c                           0x00000000   Number         0  defsig_rtmem_inner.o ABSOLUTE
    ../../signal.c                           0x00000000   Number         0  defsig_fpe_inner.o ABSOLUTE
    ../../signal.c                           0x00000000   Number         0  defsig_abrt_inner.o ABSOLUTE
    ../../signal.c                           0x00000000   Number         0  defsig_exit.o ABSOLUTE
    ../../signal.c                           0x00000000   Number         0  defsig_general.o ABSOLUTE
    ../../signal.c                           0x00000000   Number         0  defsig_other.o ABSOLUTE
    ../../signal.c                           0x00000000   Number         0  defsig_segv_inner.o ABSOLUTE
    ../../signal.c                           0x00000000   Number         0  defsig_rtmem_formal.o ABSOLUTE
    ../../signal.c                           0x00000000   Number         0  defsig_rtmem_outer.o ABSOLUTE
    ../../signal.c                           0x00000000   Number         0  defsig_cppl_inner.o ABSOLUTE
    ../../signal.c                           0x00000000   Number         0  defsig_pvfn_inner.o ABSOLUTE
    ../../signal.c                           0x00000000   Number         0  defsig_stak_inner.o ABSOLUTE
    ../../signal.c                           0x00000000   Number         0  defsig_rtred_inner.o ABSOLUTE
    ../../signal.s                           0x00000000   Number         0  defsig.o ABSOLUTE
    ../../stdio.c                            0x00000000   Number         0  ferror_locked.o ABSOLUTE
    ../../stdio.c                            0x00000000   Number         0  ferror.o ABSOLUTE
    ../../stdlib.c                           0x00000000   Number         0  exit.o ABSOLUTE
    ../../usenofp.s                          0x00000000   Number         0  usenofp.o ABSOLUTE
    ..\App\main.c                            0x00000000   Number         0  main.o ABSOLUTE
    ..\App\stm32_delay.c                     0x00000000   Number         0  stm32_delay.o ABSOLUTE
    ..\App\stm32_key.c                       0x00000000   Number         0  stm32_key.o ABSOLUTE
    ..\App\stm32_led.c                       0x00000000   Number         0  stm32_led.o ABSOLUTE
    ..\App\stm32_oled.c                      0x00000000   Number         0  stm32_oled.o ABSOLUTE
    ..\App\stm32_timer.c                     0x00000000   Number         0  stm32_timer.o ABSOLUTE
    ..\App\stm32_usart.c                     0x00000000   Number         0  stm32_usart.o ABSOLUTE
    ..\App\stm32f10x_it.c                    0x00000000   Number         0  stm32f10x_it.o ABSOLUTE
    ..\App\sys.c                             0x00000000   Number         0  sys.o ABSOLUTE
    ..\Libraries\CMSIS\CM3\CoreSupport\core_cm3.c 0x00000000   Number         0  core_cm3.o ABSOLUTE
    ..\Libraries\CMSIS\CM3\DeviceSupport\ST\STM32F10x\startup\arm\startup_stm32f10x_hd.s 0x00000000   Number         0  startup_stm32f10x_hd.o ABSOLUTE
    ..\Libraries\CMSIS\CM3\DeviceSupport\ST\STM32F10x\system_stm32f10x.c 0x00000000   Number         0  system_stm32f10x.o ABSOLUTE
    ..\Libraries\STM32F10x_StdPeriph_Driver\src\misc.c 0x00000000   Number         0  misc.o ABSOLUTE
    ..\Libraries\STM32F10x_StdPeriph_Driver\src\stm32f10x_bkp.c 0x00000000   Number         0  stm32f10x_bkp.o ABSOLUTE
    ..\Libraries\STM32F10x_StdPeriph_Driver\src\stm32f10x_exti.c 0x00000000   Number         0  stm32f10x_exti.o ABSOLUTE
    ..\Libraries\STM32F10x_StdPeriph_Driver\src\stm32f10x_flash.c 0x00000000   Number         0  stm32f10x_flash.o ABSOLUTE
    ..\Libraries\STM32F10x_StdPeriph_Driver\src\stm32f10x_gpio.c 0x00000000   Number         0  stm32f10x_gpio.o ABSOLUTE
    ..\Libraries\STM32F10x_StdPeriph_Driver\src\stm32f10x_i2c.c 0x00000000   Number         0  stm32f10x_i2c.o ABSOLUTE
    ..\Libraries\STM32F10x_StdPeriph_Driver\src\stm32f10x_iwdg.c 0x00000000   Number         0  stm32f10x_iwdg.o ABSOLUTE
    ..\Libraries\STM32F10x_StdPeriph_Driver\src\stm32f10x_pwr.c 0x00000000   Number         0  stm32f10x_pwr.o ABSOLUTE
    ..\Libraries\STM32F10x_StdPeriph_Driver\src\stm32f10x_rcc.c 0x00000000   Number         0  stm32f10x_rcc.o ABSOLUTE
    ..\Libraries\STM32F10x_StdPeriph_Driver\src\stm32f10x_rtc.c 0x00000000   Number         0  stm32f10x_rtc.o ABSOLUTE
    ..\Libraries\STM32F10x_StdPeriph_Driver\src\stm32f10x_spi.c 0x00000000   Number         0  stm32f10x_spi.o ABSOLUTE
    ..\Libraries\STM32F10x_StdPeriph_Driver\src\stm32f10x_tim.c 0x00000000   Number         0  stm32f10x_tim.o ABSOLUTE
    ..\Libraries\STM32F10x_StdPeriph_Driver\src\stm32f10x_usart.c 0x00000000   Number         0  stm32f10x_usart.o ABSOLUTE
    ..\\Libraries\\CMSIS\\CM3\\CoreSupport\\core_cm3.c 0x00000000   Number         0  core_cm3.o ABSOLUTE
    dc.s                                     0x00000000   Number         0  dc.o ABSOLUTE
    RESET                                    0x08000000   Section      304  startup_stm32f10x_hd.o(RESET)
    !!!main                                  0x08000130   Section        8  __main.o(!!!main)
    !!!scatter                               0x08000138   Section       52  __scatter.o(!!!scatter)
    !!handler_copy                           0x0800016c   Section       26  __scatter_copy.o(!!handler_copy)
    !!handler_zi                             0x08000188   Section       28  __scatter_zi.o(!!handler_zi)
    .ARM.Collect$$_printf_percent$$00000000  0x080001a4   Section        0  _printf_percent.o(.ARM.Collect$$_printf_percent$$00000000)
    .ARM.Collect$$_printf_percent$$00000003  0x080001a4   Section        6  _printf_f.o(.ARM.Collect$$_printf_percent$$00000003)
    .ARM.Collect$$_printf_percent$$00000009  0x080001aa   Section        6  _printf_d.o(.ARM.Collect$$_printf_percent$$00000009)
    .ARM.Collect$$_printf_percent$$00000017  0x080001b0   Section        4  _printf_percent_end.o(.ARM.Collect$$_printf_percent$$00000017)
    .ARM.Collect$$libinit$$00000000          0x080001b4   Section        6  libinit.o(.ARM.Collect$$libinit$$00000000)
    .ARM.Collect$$libinit$$00000006          0x080001ba   Section        0  libinit2.o(.ARM.Collect$$libinit$$00000006)
    .ARM.Collect$$libinit$$00000008          0x080001ba   Section        0  libinit2.o(.ARM.Collect$$libinit$$00000008)
    .ARM.Collect$$libinit$$0000000A          0x080001ba   Section        0  libinit2.o(.ARM.Collect$$libinit$$0000000A)
    .ARM.Collect$$libinit$$0000000B          0x080001ba   Section        6  libinit2.o(.ARM.Collect$$libinit$$0000000B)
    .ARM.Collect$$libinit$$0000000D          0x080001c0   Section        0  libinit2.o(.ARM.Collect$$libinit$$0000000D)
    .ARM.Collect$$libinit$$0000000F          0x080001c0   Section        0  libinit2.o(.ARM.Collect$$libinit$$0000000F)
    .ARM.Collect$$libinit$$00000011          0x080001c0   Section        0  libinit2.o(.ARM.Collect$$libinit$$00000011)
    .ARM.Collect$$libinit$$00000012          0x080001c0   Section       10  libinit2.o(.ARM.Collect$$libinit$$00000012)
    .ARM.Collect$$libinit$$00000013          0x080001ca   Section        0  libinit2.o(.ARM.Collect$$libinit$$00000013)
    .ARM.Collect$$libinit$$00000015          0x080001ca   Section        0  libinit2.o(.ARM.Collect$$libinit$$00000015)
    .ARM.Collect$$libinit$$00000017          0x080001ca   Section        0  libinit2.o(.ARM.Collect$$libinit$$00000017)
    .ARM.Collect$$libinit$$00000019          0x080001ca   Section        0  libinit2.o(.ARM.Collect$$libinit$$00000019)
    .ARM.Collect$$libinit$$0000001B          0x080001ca   Section        0  libinit2.o(.ARM.Collect$$libinit$$0000001B)
    .ARM.Collect$$libinit$$0000001D          0x080001ca   Section        0  libinit2.o(.ARM.Collect$$libinit$$0000001D)
    .ARM.Collect$$libinit$$0000001F          0x080001ca   Section        0  libinit2.o(.ARM.Collect$$libinit$$0000001F)
    .ARM.Collect$$libinit$$00000021          0x080001ca   Section        0  libinit2.o(.ARM.Collect$$libinit$$00000021)
    .ARM.Collect$$libinit$$00000028          0x080001ca   Section        0  libinit2.o(.ARM.Collect$$libinit$$00000028)
    .ARM.Collect$$libinit$$0000002A          0x080001ca   Section        0  libinit2.o(.ARM.Collect$$libinit$$0000002A)
    .ARM.Collect$$libinit$$0000002C          0x080001ca   Section        0  libinit2.o(.ARM.Collect$$libinit$$0000002C)
    .ARM.Collect$$libinit$$0000002E          0x080001ca   Section        0  libinit2.o(.ARM.Collect$$libinit$$0000002E)
    .ARM.Collect$$libinit$$0000002F          0x080001ca   Section        2  libinit2.o(.ARM.Collect$$libinit$$0000002F)
    .ARM.Collect$$libshutdown$$00000000      0x080001cc   Section        2  libshutdown.o(.ARM.Collect$$libshutdown$$00000000)
    .ARM.Collect$$libshutdown$$00000003      0x080001ce   Section        0  libshutdown2.o(.ARM.Collect$$libshutdown$$00000003)
    .ARM.Collect$$libshutdown$$00000006      0x080001ce   Section        0  libshutdown2.o(.ARM.Collect$$libshutdown$$00000006)
    .ARM.Collect$$libshutdown$$00000009      0x080001ce   Section        0  libshutdown2.o(.ARM.Collect$$libshutdown$$00000009)
    .ARM.Collect$$libshutdown$$0000000B      0x080001ce   Section        0  libshutdown2.o(.ARM.Collect$$libshutdown$$0000000B)
    .ARM.Collect$$libshutdown$$0000000E      0x080001ce   Section        0  libshutdown2.o(.ARM.Collect$$libshutdown$$0000000E)
    .ARM.Collect$$libshutdown$$0000000F      0x080001ce   Section        2  libshutdown2.o(.ARM.Collect$$libshutdown$$0000000F)
    .ARM.Collect$$rtentry$$00000000          0x080001d0   Section        0  rtentry.o(.ARM.Collect$$rtentry$$00000000)
    .ARM.Collect$$rtentry$$00000002          0x080001d0   Section        0  rtentry2.o(.ARM.Collect$$rtentry$$00000002)
    .ARM.Collect$$rtentry$$00000004          0x080001d0   Section        6  rtentry4.o(.ARM.Collect$$rtentry$$00000004)
    .ARM.Collect$$rtentry$$00000009          0x080001d6   Section        0  rtentry2.o(.ARM.Collect$$rtentry$$00000009)
    .ARM.Collect$$rtentry$$0000000A          0x080001d6   Section        4  rtentry2.o(.ARM.Collect$$rtentry$$0000000A)
    .ARM.Collect$$rtentry$$0000000C          0x080001da   Section        0  rtentry2.o(.ARM.Collect$$rtentry$$0000000C)
    .ARM.Collect$$rtentry$$0000000D          0x080001da   Section        8  rtentry2.o(.ARM.Collect$$rtentry$$0000000D)
    .ARM.Collect$$rtexit$$00000000           0x080001e2   Section        2  rtexit.o(.ARM.Collect$$rtexit$$00000000)
    .ARM.Collect$$rtexit$$00000002           0x080001e4   Section        0  rtexit2.o(.ARM.Collect$$rtexit$$00000002)
    .ARM.Collect$$rtexit$$00000003           0x080001e4   Section        4  rtexit2.o(.ARM.Collect$$rtexit$$00000003)
    .ARM.Collect$$rtexit$$00000004           0x080001e8   Section        6  rtexit2.o(.ARM.Collect$$rtexit$$00000004)
    .text                                    0x080001f0   Section       64  startup_stm32f10x_hd.o(.text)
    .text                                    0x08000230   Section        2  use_no_semi_2.o(.text)
    .text                                    0x08000234   Section        0  __2printf.o(.text)
    .text                                    0x0800024c   Section        0  __2sprintf.o(.text)
    .text                                    0x08000278   Section        0  __printf.o(.text)
    .text                                    0x080002e4   Section        0  _printf_dec.o(.text)
    .text                                    0x0800035c   Section        0  heapauxi.o(.text)
    .text                                    0x08000362   Section        2  use_no_semi.o(.text)
    .text                                    0x08000364   Section        0  _printf_intcommon.o(.text)
    .text                                    0x0800041c   Section        0  _printf_fp_dec.o(.text)
    _fp_digits                               0x0800041f   Thumb Code   428  _printf_fp_dec.o(.text)
    .text                                    0x0800083c   Section        0  _printf_char_common.o(.text)
    _printf_input_char                       0x0800083d   Thumb Code    10  _printf_char_common.o(.text)
    .text                                    0x0800086c   Section        0  _sputc.o(.text)
    .text                                    0x08000878   Section        0  _printf_char_file.o(.text)
    .text                                    0x0800089c   Section        8  rt_locale_intlibspace.o(.text)
    .text                                    0x080008a4   Section      138  lludiv10.o(.text)
    .text                                    0x08000930   Section        0  _printf_fp_infnan.o(.text)
    .text                                    0x080009b0   Section        0  bigflt0.o(.text)
    .text                                    0x08000a94   Section        0  ferror.o(.text)
    .text                                    0x08000a9c   Section        8  libspace.o(.text)
    .text                                    0x08000aa4   Section       74  sys_stackheap_outer.o(.text)
    .text                                    0x08000aee   Section        0  exit.o(.text)
    .text                                    0x08000afc   Section      128  strcmpv7m.o(.text)
    .text                                    0x08000b7c   Section        8  rt_fp_status_addr_intlibspace.o(.text)
    CL$$btod_d2e                             0x08000b84   Section       62  btod.o(CL$$btod_d2e)
    CL$$btod_d2e_denorm_low                  0x08000bc2   Section       70  btod.o(CL$$btod_d2e_denorm_low)
    CL$$btod_d2e_norm_op1                    0x08000c08   Section       96  btod.o(CL$$btod_d2e_norm_op1)
    CL$$btod_div_common                      0x08000c68   Section      824  btod.o(CL$$btod_div_common)
    CL$$btod_e2e                             0x08000fa0   Section      198  btod.o(CL$$btod_e2e)
    CL$$btod_ediv                            0x08001066   Section       40  btod.o(CL$$btod_ediv)
    CL$$btod_emul                            0x0800108e   Section       40  btod.o(CL$$btod_emul)
    CL$$btod_mult_common                     0x080010b6   Section      580  btod.o(CL$$btod_mult_common)
    i.BusFault_Handler                       0x080012fa   Section        0  stm32f10x_it.o(i.BusFault_Handler)
    i.DebugMon_Handler                       0x080012fe   Section        0  stm32f10x_it.o(i.DebugMon_Handler)
    i.GPIO_Init                              0x08001300   Section        0  stm32f10x_gpio.o(i.GPIO_Init)
    i.GPIO_ResetBits                         0x08001412   Section        0  stm32f10x_gpio.o(i.GPIO_ResetBits)
    i.GPIO_SetBits                           0x08001416   Section        0  stm32f10x_gpio.o(i.GPIO_SetBits)
    i.HardFault_Handler                      0x0800141a   Section        0  stm32f10x_it.o(i.HardFault_Handler)
    i.LED_Init                               0x08001420   Section        0  stm32_led.o(i.LED_Init)
    i.MemManage_Handler                      0x08001458   Section        0  stm32f10x_it.o(i.MemManage_Handler)
    i.NMI_Handler                            0x0800145c   Section        0  stm32f10x_it.o(i.NMI_Handler)
    i.NVIC_Configuration                     0x0800145e   Section        0  sys.o(i.NVIC_Configuration)
    i.NVIC_Init                              0x0800146c   Section        0  misc.o(i.NVIC_Init)
    i.NVIC_PriorityGroupConfig               0x080014e0   Section        0  misc.o(i.NVIC_PriorityGroupConfig)
    i.OLED_Clear                             0x080014f4   Section        0  stm32_oled.o(i.OLED_Clear)
    i.OLED_Init                              0x08001534   Section        0  stm32_oled.o(i.OLED_Init)
    i.OLED_Set_Pos                           0x080016a4   Section        0  stm32_oled.o(i.OLED_Set_Pos)
    i.OLED_Show16X32                         0x080016d4   Section        0  stm32_oled.o(i.OLED_Show16X32)
    i.OLED_ShowCHinese                       0x080017b8   Section        0  stm32_oled.o(i.OLED_ShowCHinese)
    i.OLED_WR_Byte                           0x08001824   Section        0  stm32_oled.o(i.OLED_WR_Byte)
    i.RCC_APB1PeriphClockCmd                 0x0800189c   Section        0  stm32f10x_rcc.o(i.RCC_APB1PeriphClockCmd)
    i.RCC_APB2PeriphClockCmd                 0x080018bc   Section        0  stm32f10x_rcc.o(i.RCC_APB2PeriphClockCmd)
    i.RCC_GetClocksFreq                      0x080018dc   Section        0  stm32f10x_rcc.o(i.RCC_GetClocksFreq)
    i.SVC_Handler                            0x080019b0   Section        0  stm32f10x_it.o(i.SVC_Handler)
    i.SetSysClock                            0x080019b2   Section        0  system_stm32f10x.o(i.SetSysClock)
    SetSysClock                              0x080019b3   Thumb Code     8  system_stm32f10x.o(i.SetSysClock)
    i.SetSysClockTo72                        0x080019bc   Section        0  system_stm32f10x.o(i.SetSysClockTo72)
    SetSysClockTo72                          0x080019bd   Thumb Code   192  system_stm32f10x.o(i.SetSysClockTo72)
    i.SysTick_CLKSourceConfig                0x08001a84   Section        0  misc.o(i.SysTick_CLKSourceConfig)
    i.SystemInit                             0x08001aac   Section        0  system_stm32f10x.o(i.SystemInit)
    i.TI1_Config                             0x08001b0c   Section        0  stm32f10x_tim.o(i.TI1_Config)
    TI1_Config                               0x08001b0d   Thumb Code   106  stm32f10x_tim.o(i.TI1_Config)
    i.TI2_Config                             0x08001b8c   Section        0  stm32f10x_tim.o(i.TI2_Config)
    TI2_Config                               0x08001b8d   Thumb Code   118  stm32f10x_tim.o(i.TI2_Config)
    i.TI3_Config                             0x08001c18   Section        0  stm32f10x_tim.o(i.TI3_Config)
    TI3_Config                               0x08001c19   Thumb Code   114  stm32f10x_tim.o(i.TI3_Config)
    i.TI4_Config                             0x08001ca0   Section        0  stm32f10x_tim.o(i.TI4_Config)
    TI4_Config                               0x08001ca1   Thumb Code   118  stm32f10x_tim.o(i.TI4_Config)
    i.TIM1_CC_IRQHandler                     0x08001d2c   Section        0  stm32_timer.o(i.TIM1_CC_IRQHandler)
    i.TIM1_Cap_Init                          0x08001db4   Section        0  stm32_timer.o(i.TIM1_Cap_Init)
    i.TIM1_UP_IRQHandler                     0x08001e8c   Section        0  stm32_timer.o(i.TIM1_UP_IRQHandler)
    i.TIM3_IRQHandler                        0x08001eb8   Section        0  stm32_timer.o(i.TIM3_IRQHandler)
    i.TIM3_Int_Init                          0x08001f50   Section        0  stm32_timer.o(i.TIM3_Int_Init)
    i.TIM_ClearITPendingBit                  0x08001fb0   Section        0  stm32f10x_tim.o(i.TIM_ClearITPendingBit)
    i.TIM_Cmd                                0x08001fb6   Section        0  stm32f10x_tim.o(i.TIM_Cmd)
    i.TIM_GetITStatus                        0x08001fce   Section        0  stm32f10x_tim.o(i.TIM_GetITStatus)
    i.TIM_ICInit                             0x08001ff0   Section        0  stm32f10x_tim.o(i.TIM_ICInit)
    i.TIM_ITConfig                           0x0800209c   Section        0  stm32f10x_tim.o(i.TIM_ITConfig)
    i.TIM_SetIC1Prescaler                    0x080020b4   Section        0  stm32f10x_tim.o(i.TIM_SetIC1Prescaler)
    i.TIM_SetIC2Prescaler                    0x080020c6   Section        0  stm32f10x_tim.o(i.TIM_SetIC2Prescaler)
    i.TIM_SetIC3Prescaler                    0x080020dc   Section        0  stm32f10x_tim.o(i.TIM_SetIC3Prescaler)
    i.TIM_SetIC4Prescaler                    0x080020ee   Section        0  stm32f10x_tim.o(i.TIM_SetIC4Prescaler)
    i.TIM_TimeBaseInit                       0x08002104   Section        0  stm32f10x_tim.o(i.TIM_TimeBaseInit)
    i.UART4_IRQHandler                       0x080021a8   Section        0  stm32_usart.o(i.UART4_IRQHandler)
    i.USART1_IRQHandler                      0x080021c4   Section        0  stm32_usart.o(i.USART1_IRQHandler)
    i.USART_Cmd                              0x080021e0   Section        0  stm32f10x_usart.o(i.USART_Cmd)
    i.USART_GetFlagStatus                    0x080021f8   Section        0  stm32f10x_usart.o(i.USART_GetFlagStatus)
    i.USART_GetITStatus                      0x08002212   Section        0  stm32f10x_usart.o(i.USART_GetITStatus)
    i.USART_ITConfig                         0x08002266   Section        0  stm32f10x_usart.o(i.USART_ITConfig)
    i.USART_Init                             0x080022b0   Section        0  stm32f10x_usart.o(i.USART_Init)
    i.USART_ReceiveData                      0x08002388   Section        0  stm32f10x_usart.o(i.USART_ReceiveData)
    i.UsageFault_Handler                     0x08002392   Section        0  stm32f10x_it.o(i.UsageFault_Handler)
    i.__ARM_fpclassify                       0x08002396   Section        0  fpclassify.o(i.__ARM_fpclassify)
    i._sys_exit                              0x080023be   Section        0  stm32_usart.o(i._sys_exit)
    i.data_check                             0x080023c4   Section        0  main.o(i.data_check)
    i.delay_init                             0x080025e4   Section        0  stm32_delay.o(i.delay_init)
    i.delay_ms                               0x0800261c   Section        0  stm32_delay.o(i.delay_ms)
    i.fputc                                  0x08002668   Section        0  stm32_usart.o(i.fputc)
    i.keyInit                                0x08002684   Section        0  stm32_key.o(i.keyInit)
    i.mYverage                               0x080026ac   Section        0  main.o(i.mYverage)
    i.main                                   0x0800271c   Section        0  main.o(i.main)
    i.showPower                              0x080028ac   Section        0  stm32_oled.o(i.showPower)
    i.txByte                                 0x08002a94   Section        0  stm32_usart.o(i.txByte)
    i.txNByte                                0x08002aac   Section        0  stm32_usart.o(i.txNByte)
    i.txStr                                  0x08002acc   Section        0  stm32_usart.o(i.txStr)
    i.uart_init                              0x08002ae8   Section        0  stm32_usart.o(i.uart_init)
    locale$$code                             0x08002b88   Section       44  lc_numeric_c.o(locale$$code)
    x$fpl$dretinf                            0x08002bb4   Section       12  dretinf.o(x$fpl$dretinf)
    x$fpl$f2d                                0x08002bc0   Section       86  f2d.o(x$fpl$f2d)
    x$fpl$fadd                               0x08002c18   Section      196  faddsub_clz.o(x$fpl$fadd)
    _fadd1                                   0x08002c27   Thumb Code     0  faddsub_clz.o(x$fpl$fadd)
    x$fpl$fcmpinf                            0x08002cdc   Section       24  fcmpi.o(x$fpl$fcmpinf)
    x$fpl$fdiv                               0x08002cf4   Section      388  fdiv.o(x$fpl$fdiv)
    _fdiv1                                   0x08002cf5   Thumb Code     0  fdiv.o(x$fpl$fdiv)
    x$fpl$ffix                               0x08002e78   Section       54  ffix.o(x$fpl$ffix)
    x$fpl$ffixu                              0x08002eb0   Section       62  ffixu.o(x$fpl$ffixu)
    x$fpl$ffltu                              0x08002ef0   Section       38  fflt_clz.o(x$fpl$ffltu)
    x$fpl$fleqf                              0x08002f18   Section      104  fleqf.o(x$fpl$fleqf)
    x$fpl$fmul                               0x08002f80   Section      258  fmul.o(x$fpl$fmul)
    x$fpl$fnaninf                            0x08003082   Section      140  fnaninf.o(x$fpl$fnaninf)
    x$fpl$fpinit                             0x0800310e   Section       14  fpinit.o(x$fpl$fpinit)
    x$fpl$fretinf                            0x0800311c   Section       10  fretinf.o(x$fpl$fretinf)
    x$fpl$frleqf                             0x08003126   Section       98  frleqf.o(x$fpl$frleqf)
    x$fpl$frsb                               0x08003188   Section       20  faddsub_clz.o(x$fpl$frsb)
    x$fpl$fsub                               0x0800319c   Section      234  faddsub_clz.o(x$fpl$fsub)
    _fsub1                                   0x080031ab   Thumb Code     0  faddsub_clz.o(x$fpl$fsub)
    x$fpl$printf1                            0x08003286   Section        4  printf1.o(x$fpl$printf1)
    .constdata                               0x0800328a   Section     5320  stm32_oled.o(.constdata)
    x$fpl$usenofp                            0x0800328a   Section        0  usenofp.o(x$fpl$usenofp)
    .constdata                               0x08004754   Section      148  bigflt0.o(.constdata)
    tenpwrs_x                                0x08004754   Data          60  bigflt0.o(.constdata)
    tenpwrs_i                                0x08004790   Data          64  bigflt0.o(.constdata)
    locale$$data                             0x08004808   Section       28  lc_numeric_c.o(locale$$data)
    __lcnum_c_name                           0x0800480c   Data           2  lc_numeric_c.o(locale$$data)
    __lcnum_c_start                          0x08004814   Data           0  lc_numeric_c.o(locale$$data)
    __lcnum_c_point                          0x08004820   Data           0  lc_numeric_c.o(locale$$data)
    __lcnum_c_thousands                      0x08004822   Data           0  lc_numeric_c.o(locale$$data)
    __lcnum_c_grouping                       0x08004823   Data           0  lc_numeric_c.o(locale$$data)
    __lcnum_c_end                            0x08004824   Data           0  lc_numeric_c.o(locale$$data)
    .data                                    0x20000000   Section       28  main.o(.data)
    .data                                    0x2000001c   Section        4  stm32_timer.o(.data)
    .data                                    0x20000020   Section        8  stm32_usart.o(.data)
    .data                                    0x20000028   Section        4  stm32_delay.o(.data)
    fac_us                                   0x20000028   Data           1  stm32_delay.o(.data)
    fac_ms                                   0x2000002a   Data           2  stm32_delay.o(.data)
    .data                                    0x2000002c   Section       20  system_stm32f10x.o(.data)
    .data                                    0x20000040   Section       20  stm32f10x_rcc.o(.data)
    APBAHBPrescTable                         0x20000040   Data          16  stm32f10x_rcc.o(.data)
    ADCPrescTable                            0x20000050   Data           4  stm32f10x_rcc.o(.data)
    .bss                                     0x20000054   Section       30  main.o(.bss)
    .bss                                     0x20000072   Section     9204  stm32_timer.o(.bss)
    .bss                                     0x20002468   Section       96  libspace.o(.bss)
    HEAP                                     0x200024c8   Section      512  startup_stm32f10x_hd.o(HEAP)
    Heap_Mem                                 0x200024c8   Data         512  startup_stm32f10x_hd.o(HEAP)
    STACK                                    0x200026c8   Section     1024  startup_stm32f10x_hd.o(STACK)
    Stack_Mem                                0x200026c8   Data        1024  startup_stm32f10x_hd.o(STACK)
    __initial_sp                             0x20002ac8   Data           0  startup_stm32f10x_hd.o(STACK)

    Global Symbols

    Symbol Name                              Value     Ov Type        Size  Object(Section)

    BuildAttributes$$THM_ISAv4$P$D$K$B$S$PE$A:L22UL41UL21$X:L11$S22US41US21$IEEE1$IW$USESV6$~STKCKD$USESV7$~SHL$OTIME$ROPI$IEEEJ$EBA8$UX$STANDARDLIB$REQ8$PRES8$EABIv2 0x00000000   Number         0  anon$$obj.o ABSOLUTE
    __ARM_use_no_argv                        0x00000000   Number         0  main.o ABSOLUTE
    _printf_flags                            0x00000000   Number         0  printf_stubs.o ABSOLUTE
    _printf_return_value                     0x00000000   Number         0  printf_stubs.o ABSOLUTE
    _printf_sizespec                         0x00000000   Number         0  printf_stubs.o ABSOLUTE
    _printf_widthprec                        0x00000000   Number         0  printf_stubs.o ABSOLUTE
    __ARM_exceptions_init                     - Undefined Weak Reference
    __alloca_initialize                       - Undefined Weak Reference
    __cpp_initialize__aeabi_                  - Undefined Weak Reference
    __cxa_finalize                            - Undefined Weak Reference
    __sigvec_lookup                           - Undefined Weak Reference
    _atexit_init                              - Undefined Weak Reference
    _call_atexit_fns                          - Undefined Weak Reference
    _clock_init                               - Undefined Weak Reference
    _fp_trap_init                             - Undefined Weak Reference
    _fp_trap_shutdown                         - Undefined Weak Reference
    _get_lc_collate                           - Undefined Weak Reference
    _get_lc_ctype                             - Undefined Weak Reference
    _get_lc_monetary                          - Undefined Weak Reference
    _get_lc_time                              - Undefined Weak Reference
    _getenv_init                              - Undefined Weak Reference
    _handle_redirection                       - Undefined Weak Reference
    _init_alloc                               - Undefined Weak Reference
    _init_user_alloc                          - Undefined Weak Reference
    _initio                                   - Undefined Weak Reference
    _mutex_acquire                            - Undefined Weak Reference
    _mutex_release                            - Undefined Weak Reference
    _printf_post_padding                      - Undefined Weak Reference
    _printf_pre_padding                       - Undefined Weak Reference
    _printf_truncate_signed                   - Undefined Weak Reference
    _printf_truncate_unsigned                 - Undefined Weak Reference
    _rand_init                                - Undefined Weak Reference
    _signal_finish                            - Undefined Weak Reference
    _signal_init                              - Undefined Weak Reference
    _terminate_alloc                          - Undefined Weak Reference
    _terminate_user_alloc                     - Undefined Weak Reference
    _terminateio                              - Undefined Weak Reference
    __Vectors_Size                           0x00000130   Number         0  startup_stm32f10x_hd.o ABSOLUTE
    __Vectors                                0x08000000   Data           4  startup_stm32f10x_hd.o(RESET)
    __Vectors_End                            0x08000130   Data           0  startup_stm32f10x_hd.o(RESET)
    __main                                   0x08000131   Thumb Code     8  __main.o(!!!main)
    __scatterload                            0x08000139   Thumb Code     0  __scatter.o(!!!scatter)
    __scatterload_rt2                        0x08000139   Thumb Code    44  __scatter.o(!!!scatter)
    __scatterload_rt2_thumb_only             0x08000139   Thumb Code     0  __scatter.o(!!!scatter)
    __scatterload_null                       0x08000147   Thumb Code     0  __scatter.o(!!!scatter)
    __scatterload_copy                       0x0800016d   Thumb Code    26  __scatter_copy.o(!!handler_copy)
    __scatterload_zeroinit                   0x08000189   Thumb Code    28  __scatter_zi.o(!!handler_zi)
    _printf_f                                0x080001a5   Thumb Code     0  _printf_f.o(.ARM.Collect$$_printf_percent$$00000003)
    _printf_percent                          0x080001a5   Thumb Code     0  _printf_percent.o(.ARM.Collect$$_printf_percent$$00000000)
    _printf_d                                0x080001ab   Thumb Code     0  _printf_d.o(.ARM.Collect$$_printf_percent$$00000009)
    _printf_percent_end                      0x080001b1   Thumb Code     0  _printf_percent_end.o(.ARM.Collect$$_printf_percent$$00000017)
    __rt_lib_init                            0x080001b5   Thumb Code     0  libinit.o(.ARM.Collect$$libinit$$00000000)
    __rt_lib_init_heap_1                     0x080001bb   Thumb Code     0  libinit2.o(.ARM.Collect$$libinit$$00000006)
    __rt_lib_init_lc_common                  0x080001bb   Thumb Code     0  libinit2.o(.ARM.Collect$$libinit$$0000000B)
    __rt_lib_init_rand_1                     0x080001bb   Thumb Code     0  libinit2.o(.ARM.Collect$$libinit$$0000000A)
    __rt_lib_init_user_alloc_1               0x080001bb   Thumb Code     0  libinit2.o(.ARM.Collect$$libinit$$00000008)
    __rt_lib_init_lc_collate_1               0x080001c1   Thumb Code     0  libinit2.o(.ARM.Collect$$libinit$$0000000D)
    __rt_lib_init_lc_ctype_1                 0x080001c1   Thumb Code     0  libinit2.o(.ARM.Collect$$libinit$$0000000F)
    __rt_lib_init_lc_monetary_1              0x080001c1   Thumb Code     0  libinit2.o(.ARM.Collect$$libinit$$00000011)
    __rt_lib_init_lc_numeric_2               0x080001c1   Thumb Code     0  libinit2.o(.ARM.Collect$$libinit$$00000012)
    __rt_lib_init_alloca_1                   0x080001cb   Thumb Code     0  libinit2.o(.ARM.Collect$$libinit$$0000002A)
    __rt_lib_init_argv_1                     0x080001cb   Thumb Code     0  libinit2.o(.ARM.Collect$$libinit$$00000028)
    __rt_lib_init_atexit_1                   0x080001cb   Thumb Code     0  libinit2.o(.ARM.Collect$$libinit$$00000017)
    __rt_lib_init_clock_1                    0x080001cb   Thumb Code     0  libinit2.o(.ARM.Collect$$libinit$$0000001D)
    __rt_lib_init_cpp_1                      0x080001cb   Thumb Code     0  libinit2.o(.ARM.Collect$$libinit$$0000002E)
    __rt_lib_init_exceptions_1               0x080001cb   Thumb Code     0  libinit2.o(.ARM.Collect$$libinit$$0000002C)
    __rt_lib_init_fp_trap_1                  0x080001cb   Thumb Code     0  libinit2.o(.ARM.Collect$$libinit$$0000001B)
    __rt_lib_init_getenv_1                   0x080001cb   Thumb Code     0  libinit2.o(.ARM.Collect$$libinit$$0000001F)
    __rt_lib_init_lc_numeric_1               0x080001cb   Thumb Code     0  libinit2.o(.ARM.Collect$$libinit$$00000013)
    __rt_lib_init_lc_time_1                  0x080001cb   Thumb Code     0  libinit2.o(.ARM.Collect$$libinit$$00000015)
    __rt_lib_init_return                     0x080001cb   Thumb Code     0  libinit2.o(.ARM.Collect$$libinit$$0000002F)
    __rt_lib_init_signal_1                   0x080001cb   Thumb Code     0  libinit2.o(.ARM.Collect$$libinit$$00000019)
    __rt_lib_init_stdio_1                    0x080001cb   Thumb Code     0  libinit2.o(.ARM.Collect$$libinit$$00000021)
    __rt_lib_shutdown                        0x080001cd   Thumb Code     0  libshutdown.o(.ARM.Collect$$libshutdown$$00000000)
    __rt_lib_shutdown_fp_trap_1              0x080001cf   Thumb Code     0  libshutdown2.o(.ARM.Collect$$libshutdown$$00000006)
    __rt_lib_shutdown_heap_1                 0x080001cf   Thumb Code     0  libshutdown2.o(.ARM.Collect$$libshutdown$$0000000E)
    __rt_lib_shutdown_return                 0x080001cf   Thumb Code     0  libshutdown2.o(.ARM.Collect$$libshutdown$$0000000F)
    __rt_lib_shutdown_signal_1               0x080001cf   Thumb Code     0  libshutdown2.o(.ARM.Collect$$libshutdown$$00000009)
    __rt_lib_shutdown_stdio_1                0x080001cf   Thumb Code     0  libshutdown2.o(.ARM.Collect$$libshutdown$$00000003)
    __rt_lib_shutdown_user_alloc_1           0x080001cf   Thumb Code     0  libshutdown2.o(.ARM.Collect$$libshutdown$$0000000B)
    __rt_entry                               0x080001d1   Thumb Code     0  rtentry.o(.ARM.Collect$$rtentry$$00000000)
    __rt_entry_presh_1                       0x080001d1   Thumb Code     0  rtentry2.o(.ARM.Collect$$rtentry$$00000002)
    __rt_entry_sh                            0x080001d1   Thumb Code     0  rtentry4.o(.ARM.Collect$$rtentry$$00000004)
    __rt_entry_li                            0x080001d7   Thumb Code     0  rtentry2.o(.ARM.Collect$$rtentry$$0000000A)
    __rt_entry_postsh_1                      0x080001d7   Thumb Code     0  rtentry2.o(.ARM.Collect$$rtentry$$00000009)
    __rt_entry_main                          0x080001db   Thumb Code     0  rtentry2.o(.ARM.Collect$$rtentry$$0000000D)
    __rt_entry_postli_1                      0x080001db   Thumb Code     0  rtentry2.o(.ARM.Collect$$rtentry$$0000000C)
    __rt_exit                                0x080001e3   Thumb Code     0  rtexit.o(.ARM.Collect$$rtexit$$00000000)
    __rt_exit_ls                             0x080001e5   Thumb Code     0  rtexit2.o(.ARM.Collect$$rtexit$$00000003)
    __rt_exit_prels_1                        0x080001e5   Thumb Code     0  rtexit2.o(.ARM.Collect$$rtexit$$00000002)
    __rt_exit_exit                           0x080001e9   Thumb Code     0  rtexit2.o(.ARM.Collect$$rtexit$$00000004)
    Reset_Handler                            0x080001f1   Thumb Code     8  startup_stm32f10x_hd.o(.text)
    PendSV_Handler                           0x08000207   Thumb Code     2  startup_stm32f10x_hd.o(.text)
    SysTick_Handler                          0x08000209   Thumb Code     2  startup_stm32f10x_hd.o(.text)
    ADC1_2_IRQHandler                        0x0800020b   Thumb Code     0  startup_stm32f10x_hd.o(.text)
    ADC3_IRQHandler                          0x0800020b   Thumb Code     0  startup_stm32f10x_hd.o(.text)
    CAN1_RX1_IRQHandler                      0x0800020b   Thumb Code     0  startup_stm32f10x_hd.o(.text)
    CAN1_SCE_IRQHandler                      0x0800020b   Thumb Code     0  startup_stm32f10x_hd.o(.text)
    DMA1_Channel1_IRQHandler                 0x0800020b   Thumb Code     0  startup_stm32f10x_hd.o(.text)
    DMA1_Channel2_IRQHandler                 0x0800020b   Thumb Code     0  startup_stm32f10x_hd.o(.text)
    DMA1_Channel3_IRQHandler                 0x0800020b   Thumb Code     0  startup_stm32f10x_hd.o(.text)
    DMA1_Channel4_IRQHandler                 0x0800020b   Thumb Code     0  startup_stm32f10x_hd.o(.text)
    DMA1_Channel5_IRQHandler                 0x0800020b   Thumb Code     0  startup_stm32f10x_hd.o(.text)
    DMA1_Channel6_IRQHandler                 0x0800020b   Thumb Code     0  startup_stm32f10x_hd.o(.text)
    DMA1_Channel7_IRQHandler                 0x0800020b   Thumb Code     0  startup_stm32f10x_hd.o(.text)
    DMA2_Channel1_IRQHandler                 0x0800020b   Thumb Code     0  startup_stm32f10x_hd.o(.text)
    DMA2_Channel2_IRQHandler                 0x0800020b   Thumb Code     0  startup_stm32f10x_hd.o(.text)
    DMA2_Channel3_IRQHandler                 0x0800020b   Thumb Code     0  startup_stm32f10x_hd.o(.text)
    DMA2_Channel4_5_IRQHandler               0x0800020b   Thumb Code     0  startup_stm32f10x_hd.o(.text)
    EXTI0_IRQHandler                         0x0800020b   Thumb Code     0  startup_stm32f10x_hd.o(.text)
    EXTI15_10_IRQHandler                     0x0800020b   Thumb Code     0  startup_stm32f10x_hd.o(.text)
    EXTI1_IRQHandler                         0x0800020b   Thumb Code     0  startup_stm32f10x_hd.o(.text)
    EXTI2_IRQHandler                         0x0800020b   Thumb Code     0  startup_stm32f10x_hd.o(.text)
    EXTI3_IRQHandler                         0x0800020b   Thumb Code     0  startup_stm32f10x_hd.o(.text)
    EXTI4_IRQHandler                         0x0800020b   Thumb Code     0  startup_stm32f10x_hd.o(.text)
    EXTI9_5_IRQHandler                       0x0800020b   Thumb Code     0  startup_stm32f10x_hd.o(.text)
    FLASH_IRQHandler                         0x0800020b   Thumb Code     0  startup_stm32f10x_hd.o(.text)
    FSMC_IRQHandler                          0x0800020b   Thumb Code     0  startup_stm32f10x_hd.o(.text)
    I2C1_ER_IRQHandler                       0x0800020b   Thumb Code     0  startup_stm32f10x_hd.o(.text)
    I2C1_EV_IRQHandler                       0x0800020b   Thumb Code     0  startup_stm32f10x_hd.o(.text)
    I2C2_ER_IRQHandler                       0x0800020b   Thumb Code     0  startup_stm32f10x_hd.o(.text)
    I2C2_EV_IRQHandler                       0x0800020b   Thumb Code     0  startup_stm32f10x_hd.o(.text)
    PVD_IRQHandler                           0x0800020b   Thumb Code     0  startup_stm32f10x_hd.o(.text)
    RCC_IRQHandler                           0x0800020b   Thumb Code     0  startup_stm32f10x_hd.o(.text)
    RTCAlarm_IRQHandler                      0x0800020b   Thumb Code     0  startup_stm32f10x_hd.o(.text)
    RTC_IRQHandler                           0x0800020b   Thumb Code     0  startup_stm32f10x_hd.o(.text)
    SDIO_IRQHandler                          0x0800020b   Thumb Code     0  startup_stm32f10x_hd.o(.text)
    SPI1_IRQHandler                          0x0800020b   Thumb Code     0  startup_stm32f10x_hd.o(.text)
    SPI2_IRQHandler                          0x0800020b   Thumb Code     0  startup_stm32f10x_hd.o(.text)
    SPI3_IRQHandler                          0x0800020b   Thumb Code     0  startup_stm32f10x_hd.o(.text)
    TAMPER_IRQHandler                        0x0800020b   Thumb Code     0  startup_stm32f10x_hd.o(.text)
    TIM1_BRK_IRQHandler                      0x0800020b   Thumb Code     0  startup_stm32f10x_hd.o(.text)
    TIM1_TRG_COM_IRQHandler                  0x0800020b   Thumb Code     0  startup_stm32f10x_hd.o(.text)
    TIM2_IRQHandler                          0x0800020b   Thumb Code     0  startup_stm32f10x_hd.o(.text)
    TIM4_IRQHandler                          0x0800020b   Thumb Code     0  startup_stm32f10x_hd.o(.text)
    TIM5_IRQHandler                          0x0800020b   Thumb Code     0  startup_stm32f10x_hd.o(.text)
    TIM6_IRQHandler                          0x0800020b   Thumb Code     0  startup_stm32f10x_hd.o(.text)
    TIM7_IRQHandler                          0x0800020b   Thumb Code     0  startup_stm32f10x_hd.o(.text)
    TIM8_BRK_IRQHandler                      0x0800020b   Thumb Code     0  startup_stm32f10x_hd.o(.text)
    TIM8_CC_IRQHandler                       0x0800020b   Thumb Code     0  startup_stm32f10x_hd.o(.text)
    TIM8_TRG_COM_IRQHandler                  0x0800020b   Thumb Code     0  startup_stm32f10x_hd.o(.text)
    TIM8_UP_IRQHandler                       0x0800020b   Thumb Code     0  startup_stm32f10x_hd.o(.text)
    UART5_IRQHandler                         0x0800020b   Thumb Code     0  startup_stm32f10x_hd.o(.text)
    USART2_IRQHandler                        0x0800020b   Thumb Code     0  startup_stm32f10x_hd.o(.text)
    USART3_IRQHandler                        0x0800020b   Thumb Code     0  startup_stm32f10x_hd.o(.text)
    USBWakeUp_IRQHandler                     0x0800020b   Thumb Code     0  startup_stm32f10x_hd.o(.text)
    USB_HP_CAN1_TX_IRQHandler                0x0800020b   Thumb Code     0  startup_stm32f10x_hd.o(.text)
    USB_LP_CAN1_RX0_IRQHandler               0x0800020b   Thumb Code     0  startup_stm32f10x_hd.o(.text)
    WWDG_IRQHandler                          0x0800020b   Thumb Code     0  startup_stm32f10x_hd.o(.text)
    __user_initial_stackheap                 0x0800020d   Thumb Code     0  startup_stm32f10x_hd.o(.text)
    __use_no_semihosting                     0x08000231   Thumb Code     2  use_no_semi_2.o(.text)
    __2printf                                0x08000235   Thumb Code    20  __2printf.o(.text)
    __2sprintf                               0x0800024d   Thumb Code    38  __2sprintf.o(.text)
    __printf                                 0x08000279   Thumb Code   106  __printf.o(.text)
    _printf_int_dec                          0x080002e5   Thumb Code   102  _printf_dec.o(.text)
    __use_two_region_memory                  0x0800035d   Thumb Code     2  heapauxi.o(.text)
    __rt_heap_escrow$2region                 0x0800035f   Thumb Code     2  heapauxi.o(.text)
    __rt_heap_expand$2region                 0x08000361   Thumb Code     2  heapauxi.o(.text)
    __I$use$semihosting                      0x08000363   Thumb Code     0  use_no_semi.o(.text)
    __use_no_semihosting_swi                 0x08000363   Thumb Code     2  use_no_semi.o(.text)
    _printf_int_common                       0x08000365   Thumb Code   184  _printf_intcommon.o(.text)
    __lib_sel_fp_printf                      0x0800041d   Thumb Code     2  _printf_fp_dec.o(.text)
    _printf_fp_dec_real                      0x080005cb   Thumb Code   626  _printf_fp_dec.o(.text)
    _printf_char_common                      0x08000847   Thumb Code    32  _printf_char_common.o(.text)
    _sputc                                   0x0800086d   Thumb Code    10  _sputc.o(.text)
    _printf_char_file                        0x08000879   Thumb Code    32  _printf_char_file.o(.text)
    __rt_locale                              0x0800089d   Thumb Code     8  rt_locale_intlibspace.o(.text)
    _ll_udiv10                               0x080008a5   Thumb Code   138  lludiv10.o(.text)
    _printf_fp_infnan                        0x08000931   Thumb Code   112  _printf_fp_infnan.o(.text)
    _btod_etento                             0x080009b1   Thumb Code   222  bigflt0.o(.text)
    ferror                                   0x08000a95   Thumb Code     8  ferror.o(.text)
    __user_libspace                          0x08000a9d   Thumb Code     8  libspace.o(.text)
    __user_perproc_libspace                  0x08000a9d   Thumb Code     0  libspace.o(.text)
    __user_perthread_libspace                0x08000a9d   Thumb Code     0  libspace.o(.text)
    __user_setup_stackheap                   0x08000aa5   Thumb Code    74  sys_stackheap_outer.o(.text)
    exit                                     0x08000aef   Thumb Code    12  exit.o(.text)
    strcmp                                   0x08000afd   Thumb Code   128  strcmpv7m.o(.text)
    __rt_fp_status_addr                      0x08000b7d   Thumb Code     8  rt_fp_status_addr_intlibspace.o(.text)
    _btod_d2e                                0x08000b85   Thumb Code    62  btod.o(CL$$btod_d2e)
    _d2e_denorm_low                          0x08000bc3   Thumb Code    70  btod.o(CL$$btod_d2e_denorm_low)
    _d2e_norm_op1                            0x08000c09   Thumb Code    96  btod.o(CL$$btod_d2e_norm_op1)
    __btod_div_common                        0x08000c69   Thumb Code   696  btod.o(CL$$btod_div_common)
    _e2e                                     0x08000fa1   Thumb Code   198  btod.o(CL$$btod_e2e)
    _btod_ediv                               0x08001067   Thumb Code    40  btod.o(CL$$btod_ediv)
    _btod_emul                               0x0800108f   Thumb Code    40  btod.o(CL$$btod_emul)
    __btod_mult_common                       0x080010b7   Thumb Code   580  btod.o(CL$$btod_mult_common)
    BusFault_Handler                         0x080012fb   Thumb Code     4  stm32f10x_it.o(i.BusFault_Handler)
    DebugMon_Handler                         0x080012ff   Thumb Code     2  stm32f10x_it.o(i.DebugMon_Handler)
    GPIO_Init                                0x08001301   Thumb Code   274  stm32f10x_gpio.o(i.GPIO_Init)
    GPIO_ResetBits                           0x08001413   Thumb Code     4  stm32f10x_gpio.o(i.GPIO_ResetBits)
    GPIO_SetBits                             0x08001417   Thumb Code     4  stm32f10x_gpio.o(i.GPIO_SetBits)
    HardFault_Handler                        0x0800141b   Thumb Code     4  stm32f10x_it.o(i.HardFault_Handler)
    LED_Init                                 0x08001421   Thumb Code    50  stm32_led.o(i.LED_Init)
    MemManage_Handler                        0x08001459   Thumb Code     4  stm32f10x_it.o(i.MemManage_Handler)
    NMI_Handler                              0x0800145d   Thumb Code     2  stm32f10x_it.o(i.NMI_Handler)
    NVIC_Configuration                       0x0800145f   Thumb Code    12  sys.o(i.NVIC_Configuration)
    NVIC_Init                                0x0800146d   Thumb Code   102  misc.o(i.NVIC_Init)
    NVIC_PriorityGroupConfig                 0x080014e1   Thumb Code    10  misc.o(i.NVIC_PriorityGroupConfig)
    OLED_Clear                               0x080014f5   Thumb Code    64  stm32_oled.o(i.OLED_Clear)
    OLED_Init                                0x08001535   Thumb Code   364  stm32_oled.o(i.OLED_Init)
    OLED_Set_Pos                             0x080016a5   Thumb Code    46  stm32_oled.o(i.OLED_Set_Pos)
    OLED_Show16X32                           0x080016d5   Thumb Code   222  stm32_oled.o(i.OLED_Show16X32)
    OLED_ShowCHinese                         0x080017b9   Thumb Code   104  stm32_oled.o(i.OLED_ShowCHinese)
    OLED_WR_Byte                             0x08001825   Thumb Code   116  stm32_oled.o(i.OLED_WR_Byte)
    RCC_APB1PeriphClockCmd                   0x0800189d   Thumb Code    26  stm32f10x_rcc.o(i.RCC_APB1PeriphClockCmd)
    RCC_APB2PeriphClockCmd                   0x080018bd   Thumb Code    26  stm32f10x_rcc.o(i.RCC_APB2PeriphClockCmd)
    RCC_GetClocksFreq                        0x080018dd   Thumb Code   192  stm32f10x_rcc.o(i.RCC_GetClocksFreq)
    SVC_Handler                              0x080019b1   Thumb Code     2  stm32f10x_it.o(i.SVC_Handler)
    SysTick_CLKSourceConfig                  0x08001a85   Thumb Code    40  misc.o(i.SysTick_CLKSourceConfig)
    SystemInit                               0x08001aad   Thumb Code    78  system_stm32f10x.o(i.SystemInit)
    TIM1_CC_IRQHandler                       0x08001d2d   Thumb Code   118  stm32_timer.o(i.TIM1_CC_IRQHandler)
    TIM1_Cap_Init                            0x08001db5   Thumb Code   202  stm32_timer.o(i.TIM1_Cap_Init)
    TIM1_UP_IRQHandler                       0x08001e8d   Thumb Code    36  stm32_timer.o(i.TIM1_UP_IRQHandler)
    TIM3_IRQHandler                          0x08001eb9   Thumb Code   126  stm32_timer.o(i.TIM3_IRQHandler)
    TIM3_Int_Init                            0x08001f51   Thumb Code    90  stm32_timer.o(i.TIM3_Int_Init)
    TIM_ClearITPendingBit                    0x08001fb1   Thumb Code     6  stm32f10x_tim.o(i.TIM_ClearITPendingBit)
    TIM_Cmd                                  0x08001fb7   Thumb Code    24  stm32f10x_tim.o(i.TIM_Cmd)
    TIM_GetITStatus                          0x08001fcf   Thumb Code    34  stm32f10x_tim.o(i.TIM_GetITStatus)
    TIM_ICInit                               0x08001ff1   Thumb Code   150  stm32f10x_tim.o(i.TIM_ICInit)
    TIM_ITConfig                             0x0800209d   Thumb Code    24  stm32f10x_tim.o(i.TIM_ITConfig)
    TIM_SetIC1Prescaler                      0x080020b5   Thumb Code    18  stm32f10x_tim.o(i.TIM_SetIC1Prescaler)
    TIM_SetIC2Prescaler                      0x080020c7   Thumb Code    22  stm32f10x_tim.o(i.TIM_SetIC2Prescaler)
    TIM_SetIC3Prescaler                      0x080020dd   Thumb Code    18  stm32f10x_tim.o(i.TIM_SetIC3Prescaler)
    TIM_SetIC4Prescaler                      0x080020ef   Thumb Code    22  stm32f10x_tim.o(i.TIM_SetIC4Prescaler)
    TIM_TimeBaseInit                         0x08002105   Thumb Code   122  stm32f10x_tim.o(i.TIM_TimeBaseInit)
    UART4_IRQHandler                         0x080021a9   Thumb Code    24  stm32_usart.o(i.UART4_IRQHandler)
    USART1_IRQHandler                        0x080021c5   Thumb Code    24  stm32_usart.o(i.USART1_IRQHandler)
    USART_Cmd                                0x080021e1   Thumb Code    24  stm32f10x_usart.o(i.USART_Cmd)
    USART_GetFlagStatus                      0x080021f9   Thumb Code    26  stm32f10x_usart.o(i.USART_GetFlagStatus)
    USART_GetITStatus                        0x08002213   Thumb Code    84  stm32f10x_usart.o(i.USART_GetITStatus)
    USART_ITConfig                           0x08002267   Thumb Code    74  stm32f10x_usart.o(i.USART_ITConfig)
    USART_Init                               0x080022b1   Thumb Code   210  stm32f10x_usart.o(i.USART_Init)
    USART_ReceiveData                        0x08002389   Thumb Code    10  stm32f10x_usart.o(i.USART_ReceiveData)
    UsageFault_Handler                       0x08002393   Thumb Code     4  stm32f10x_it.o(i.UsageFault_Handler)
    __ARM_fpclassify                         0x08002397   Thumb Code    40  fpclassify.o(i.__ARM_fpclassify)
    _sys_exit                                0x080023bf   Thumb Code     4  stm32_usart.o(i._sys_exit)
    data_check                               0x080023c5   Thumb Code   510  main.o(i.data_check)
    delay_init                               0x080025e5   Thumb Code    40  stm32_delay.o(i.delay_init)
    delay_ms                                 0x0800261d   Thumb Code    70  stm32_delay.o(i.delay_ms)
    fputc                                    0x08002669   Thumb Code    22  stm32_usart.o(i.fputc)
    keyInit                                  0x08002685   Thumb Code    34  stm32_key.o(i.keyInit)
    mYverage                                 0x080026ad   Thumb Code   112  main.o(i.mYverage)
    main                                     0x0800271d   Thumb Code   266  main.o(i.main)
    showPower                                0x080028ad   Thumb Code   438  stm32_oled.o(i.showPower)
    txByte                                   0x08002a95   Thumb Code    24  stm32_usart.o(i.txByte)
    txNByte                                  0x08002aad   Thumb Code    32  stm32_usart.o(i.txNByte)
    txStr                                    0x08002acd   Thumb Code    26  stm32_usart.o(i.txStr)
    uart_init                                0x08002ae9   Thumb Code   152  stm32_usart.o(i.uart_init)
    _get_lc_numeric                          0x08002b89   Thumb Code    44  lc_numeric_c.o(locale$$code)
    __fpl_dretinf                            0x08002bb5   Thumb Code    12  dretinf.o(x$fpl$dretinf)
    __aeabi_f2d                              0x08002bc1   Thumb Code     0  f2d.o(x$fpl$f2d)
    _f2d                                     0x08002bc1   Thumb Code    86  f2d.o(x$fpl$f2d)
    __aeabi_fadd                             0x08002c19   Thumb Code     0  faddsub_clz.o(x$fpl$fadd)
    _fadd                                    0x08002c19   Thumb Code   196  faddsub_clz.o(x$fpl$fadd)
    __fpl_fcmp_Inf                           0x08002cdd   Thumb Code    24  fcmpi.o(x$fpl$fcmpinf)
    __aeabi_fdiv                             0x08002cf5   Thumb Code     0  fdiv.o(x$fpl$fdiv)
    _fdiv                                    0x08002cf5   Thumb Code   384  fdiv.o(x$fpl$fdiv)
    __aeabi_f2iz                             0x08002e79   Thumb Code     0  ffix.o(x$fpl$ffix)
    _ffix                                    0x08002e79   Thumb Code    54  ffix.o(x$fpl$ffix)
    __aeabi_f2uiz                            0x08002eb1   Thumb Code     0  ffixu.o(x$fpl$ffixu)
    _ffixu                                   0x08002eb1   Thumb Code    62  ffixu.o(x$fpl$ffixu)
    __aeabi_ui2f                             0x08002ef1   Thumb Code     0  fflt_clz.o(x$fpl$ffltu)
    _ffltu                                   0x08002ef1   Thumb Code    38  fflt_clz.o(x$fpl$ffltu)
    __aeabi_cfcmple                          0x08002f19   Thumb Code     0  fleqf.o(x$fpl$fleqf)
    _fcmple                                  0x08002f19   Thumb Code   104  fleqf.o(x$fpl$fleqf)
    __fpl_fcmple_InfNaN                      0x08002f6b   Thumb Code     0  fleqf.o(x$fpl$fleqf)
    __aeabi_fmul                             0x08002f81   Thumb Code     0  fmul.o(x$fpl$fmul)
    _fmul                                    0x08002f81   Thumb Code   258  fmul.o(x$fpl$fmul)
    __fpl_fnaninf                            0x08003083   Thumb Code   140  fnaninf.o(x$fpl$fnaninf)
    _fp_init                                 0x0800310f   Thumb Code    14  fpinit.o(x$fpl$fpinit)
    __fplib_config_pureend_doubles           0x0800311b   Thumb Code     0  fpinit.o(x$fpl$fpinit)
    __fpl_fretinf                            0x0800311d   Thumb Code    10  fretinf.o(x$fpl$fretinf)
    __aeabi_cfrcmple                         0x08003127   Thumb Code     0  frleqf.o(x$fpl$frleqf)
    _frcmple                                 0x08003127   Thumb Code    98  frleqf.o(x$fpl$frleqf)
    __aeabi_frsub                            0x08003189   Thumb Code     0  faddsub_clz.o(x$fpl$frsb)
    _frsb                                    0x08003189   Thumb Code    20  faddsub_clz.o(x$fpl$frsb)
    __aeabi_fsub                             0x0800319d   Thumb Code     0  faddsub_clz.o(x$fpl$fsub)
    _fsub                                    0x0800319d   Thumb Code   234  faddsub_clz.o(x$fpl$fsub)
    _printf_fp_dec                           0x08003287   Thumb Code     4  printf1.o(x$fpl$printf1)
    F6x8                                     0x0800328a   Data         552  stm32_oled.o(.constdata)
    __I$use$fp                               0x0800328b   Thumb Code     0  usenofp.o(x$fpl$usenofp)
    F8X16                                    0x080034b2   Data        1520  stm32_oled.o(.constdata)
    Hzk                                      0x08003aa2   Data         256  stm32_oled.o(.constdata)
    Num24x48                                 0x08003ba2   Data        2160  stm32_oled.o(.constdata)
    Num16x32                                 0x08004412   Data         832  stm32_oled.o(.constdata)
    Region$$Table$$Base                      0x080047e8   Number         0  anon$$obj.o(Region$$Table)
    Region$$Table$$Limit                     0x08004808   Number         0  anon$$obj.o(Region$$Table)
    hlw8012_Pp                               0x20000000   Data           4  main.o(.data)
    tempStrLen                               0x20000004   Data           4  main.o(.data)
    tempI                                    0x20000008   Data           4  main.o(.data)
    hlw8012_f                                0x2000000c   Data           4  main.o(.data)
    hlw8012_P                                0x20000010   Data           4  main.o(.data)
    countTotal                               0x20000014   Data           4  main.o(.data)
    freq_arr                                 0x20000018   Data           4  main.o(.data)
    hour                                     0x2000001c   Data           1  stm32_timer.o(.data)
    minute                                   0x2000001d   Data           1  stm32_timer.o(.data)
    second                                   0x2000001e   Data           1  stm32_timer.o(.data)
    secondFlag                               0x2000001f   Data           1  stm32_timer.o(.data)
    USART_RX_STA                             0x20000020   Data           2  stm32_usart.o(.data)
    __stdout                                 0x20000024   Data           4  stm32_usart.o(.data)
    SystemCoreClock                          0x2000002c   Data           4  system_stm32f10x.o(.data)
    AHBPrescTable                            0x20000030   Data          16  system_stm32f10x.o(.data)
    tempStr                                  0x20000054   Data          30  main.o(.bss)
    tRecType                                 0x20000072   Data        9204  stm32_timer.o(.bss)
    __libspace_start                         0x20002468   Data          96  libspace.o(.bss)
    __temporary_stack_top$libspace           0x200024c8   Data           0  libspace.o(.bss)



==============================================================================

Memory Map of the image

  Image Entry point : 0x08000131

  Load Region LR_IROM1 (Base: 0x08000000, Size: 0x00004878, Max: 0x00010000, ABSOLUTE)

    Execution Region ER_IROM1 (Base: 0x08000000, Size: 0x00004824, Max: 0x00010000, ABSOLUTE)

    Base Addr    Size         Type   Attr      Idx    E Section Name        Object

    0x08000000   0x00000130   Data   RO          434    RESET               startup_stm32f10x_hd.o
    0x08000130   0x00000008   Code   RO         2470  * !!!main             c_w.l(__main.o)
    0x08000138   0x00000034   Code   RO         2728    !!!scatter          c_w.l(__scatter.o)
    0x0800016c   0x0000001a   Code   RO         2730    !!handler_copy      c_w.l(__scatter_copy.o)
    0x08000186   0x00000002   PAD
    0x08000188   0x0000001c   Code   RO         2732    !!handler_zi        c_w.l(__scatter_zi.o)
    0x080001a4   0x00000000   Code   RO         2467    .ARM.Collect$$_printf_percent$$00000000  c_w.l(_printf_percent.o)
    0x080001a4   0x00000006   Code   RO         2466    .ARM.Collect$$_printf_percent$$00000003  c_w.l(_printf_f.o)
    0x080001aa   0x00000006   Code   RO         2465    .ARM.Collect$$_printf_percent$$00000009  c_w.l(_printf_d.o)
    0x080001b0   0x00000004   Code   RO         2519    .ARM.Collect$$_printf_percent$$00000017  c_w.l(_printf_percent_end.o)
    0x080001b4   0x00000006   Code   RO         2605    .ARM.Collect$$libinit$$00000000  c_w.l(libinit.o)
    0x080001ba   0x00000000   Code   RO         2608    .ARM.Collect$$libinit$$00000006  c_w.l(libinit2.o)
    0x080001ba   0x00000000   Code   RO         2610    .ARM.Collect$$libinit$$00000008  c_w.l(libinit2.o)
    0x080001ba   0x00000000   Code   RO         2612    .ARM.Collect$$libinit$$0000000A  c_w.l(libinit2.o)
    0x080001ba   0x00000006   Code   RO         2613    .ARM.Collect$$libinit$$0000000B  c_w.l(libinit2.o)
    0x080001c0   0x00000000   Code   RO         2615    .ARM.Collect$$libinit$$0000000D  c_w.l(libinit2.o)
    0x080001c0   0x00000000   Code   RO         2617    .ARM.Collect$$libinit$$0000000F  c_w.l(libinit2.o)
    0x080001c0   0x00000000   Code   RO         2619    .ARM.Collect$$libinit$$00000011  c_w.l(libinit2.o)
    0x080001c0   0x0000000a   Code   RO         2620    .ARM.Collect$$libinit$$00000012  c_w.l(libinit2.o)
    0x080001ca   0x00000000   Code   RO         2621    .ARM.Collect$$libinit$$00000013  c_w.l(libinit2.o)
    0x080001ca   0x00000000   Code   RO         2623    .ARM.Collect$$libinit$$00000015  c_w.l(libinit2.o)
    0x080001ca   0x00000000   Code   RO         2625    .ARM.Collect$$libinit$$00000017  c_w.l(libinit2.o)
    0x080001ca   0x00000000   Code   RO         2627    .ARM.Collect$$libinit$$00000019  c_w.l(libinit2.o)
    0x080001ca   0x00000000   Code   RO         2629    .ARM.Collect$$libinit$$0000001B  c_w.l(libinit2.o)
    0x080001ca   0x00000000   Code   RO         2631    .ARM.Collect$$libinit$$0000001D  c_w.l(libinit2.o)
    0x080001ca   0x00000000   Code   RO         2633    .ARM.Collect$$libinit$$0000001F  c_w.l(libinit2.o)
    0x080001ca   0x00000000   Code   RO         2635    .ARM.Collect$$libinit$$00000021  c_w.l(libinit2.o)
    0x080001ca   0x00000000   Code   RO         2639    .ARM.Collect$$libinit$$00000028  c_w.l(libinit2.o)
    0x080001ca   0x00000000   Code   RO         2641    .ARM.Collect$$libinit$$0000002A  c_w.l(libinit2.o)
    0x080001ca   0x00000000   Code   RO         2643    .ARM.Collect$$libinit$$0000002C  c_w.l(libinit2.o)
    0x080001ca   0x00000000   Code   RO         2645    .ARM.Collect$$libinit$$0000002E  c_w.l(libinit2.o)
    0x080001ca   0x00000002   Code   RO         2646    .ARM.Collect$$libinit$$0000002F  c_w.l(libinit2.o)
    0x080001cc   0x00000002   Code   RO         2679    .ARM.Collect$$libshutdown$$00000000  c_w.l(libshutdown.o)
    0x080001ce   0x00000000   Code   RO         2689    .ARM.Collect$$libshutdown$$00000003  c_w.l(libshutdown2.o)
    0x080001ce   0x00000000   Code   RO         2692    .ARM.Collect$$libshutdown$$00000006  c_w.l(libshutdown2.o)
    0x080001ce   0x00000000   Code   RO         2695    .ARM.Collect$$libshutdown$$00000009  c_w.l(libshutdown2.o)
    0x080001ce   0x00000000   Code   RO         2697    .ARM.Collect$$libshutdown$$0000000B  c_w.l(libshutdown2.o)
    0x080001ce   0x00000000   Code   RO         2700    .ARM.Collect$$libshutdown$$0000000E  c_w.l(libshutdown2.o)
    0x080001ce   0x00000002   Code   RO         2701    .ARM.Collect$$libshutdown$$0000000F  c_w.l(libshutdown2.o)
    0x080001d0   0x00000000   Code   RO         2508    .ARM.Collect$$rtentry$$00000000  c_w.l(rtentry.o)
    0x080001d0   0x00000000   Code   RO         2530    .ARM.Collect$$rtentry$$00000002  c_w.l(rtentry2.o)
    0x080001d0   0x00000006   Code   RO         2542    .ARM.Collect$$rtentry$$00000004  c_w.l(rtentry4.o)
    0x080001d6   0x00000000   Code   RO         2532    .ARM.Collect$$rtentry$$00000009  c_w.l(rtentry2.o)
    0x080001d6   0x00000004   Code   RO         2533    .ARM.Collect$$rtentry$$0000000A  c_w.l(rtentry2.o)
    0x080001da   0x00000000   Code   RO         2535    .ARM.Collect$$rtentry$$0000000C  c_w.l(rtentry2.o)
    0x080001da   0x00000008   Code   RO         2536    .ARM.Collect$$rtentry$$0000000D  c_w.l(rtentry2.o)
    0x080001e2   0x00000002   Code   RO         2647    .ARM.Collect$$rtexit$$00000000  c_w.l(rtexit.o)
    0x080001e4   0x00000000   Code   RO         2654    .ARM.Collect$$rtexit$$00000002  c_w.l(rtexit2.o)
    0x080001e4   0x00000004   Code   RO         2655    .ARM.Collect$$rtexit$$00000003  c_w.l(rtexit2.o)
    0x080001e8   0x00000006   Code   RO         2656    .ARM.Collect$$rtexit$$00000004  c_w.l(rtexit2.o)
    0x080001ee   0x00000002   PAD
    0x080001f0   0x00000040   Code   RO          435    .text               startup_stm32f10x_hd.o
    0x08000230   0x00000002   Code   RO         2431    .text               c_w.l(use_no_semi_2.o)
    0x08000232   0x00000002   PAD
    0x08000234   0x00000018   Code   RO         2433    .text               c_w.l(__2printf.o)
    0x0800024c   0x0000002c   Code   RO         2435    .text               c_w.l(__2sprintf.o)
    0x08000278   0x0000006a   Code   RO         2441    .text               c_w.l(__printf.o)
    0x080002e2   0x00000002   PAD
    0x080002e4   0x00000078   Code   RO         2443    .text               c_w.l(_printf_dec.o)
    0x0800035c   0x00000006   Code   RO         2468    .text               c_w.l(heapauxi.o)
    0x08000362   0x00000002   Code   RO         2506    .text               c_w.l(use_no_semi.o)
    0x08000364   0x000000b8   Code   RO         2509    .text               c_w.l(_printf_intcommon.o)
    0x0800041c   0x00000420   Code   RO         2511    .text               c_w.l(_printf_fp_dec.o)
    0x0800083c   0x00000030   Code   RO         2513    .text               c_w.l(_printf_char_common.o)
    0x0800086c   0x0000000a   Code   RO         2515    .text               c_w.l(_sputc.o)
    0x08000876   0x00000002   PAD
    0x08000878   0x00000024   Code   RO         2517    .text               c_w.l(_printf_char_file.o)
    0x0800089c   0x00000008   Code   RO         2547    .text               c_w.l(rt_locale_intlibspace.o)
    0x080008a4   0x0000008a   Code   RO         2549    .text               c_w.l(lludiv10.o)
    0x0800092e   0x00000002   PAD
    0x08000930   0x00000080   Code   RO         2551    .text               c_w.l(_printf_fp_infnan.o)
    0x080009b0   0x000000e4   Code   RO         2555    .text               c_w.l(bigflt0.o)
    0x08000a94   0x00000008   Code   RO         2580    .text               c_w.l(ferror.o)
    0x08000a9c   0x00000008   Code   RO         2591    .text               c_w.l(libspace.o)
    0x08000aa4   0x0000004a   Code   RO         2594    .text               c_w.l(sys_stackheap_outer.o)
    0x08000aee   0x0000000c   Code   RO         2596    .text               c_w.l(exit.o)
    0x08000afa   0x00000002   PAD
    0x08000afc   0x00000080   Code   RO         2598    .text               c_w.l(strcmpv7m.o)
    0x08000b7c   0x00000008   Code   RO         2663    .text               c_w.l(rt_fp_status_addr_intlibspace.o)
    0x08000b84   0x0000003e   Code   RO         2558    CL$$btod_d2e        c_w.l(btod.o)
    0x08000bc2   0x00000046   Code   RO         2560    CL$$btod_d2e_denorm_low  c_w.l(btod.o)
    0x08000c08   0x00000060   Code   RO         2559    CL$$btod_d2e_norm_op1  c_w.l(btod.o)
    0x08000c68   0x00000338   Code   RO         2568    CL$$btod_div_common  c_w.l(btod.o)
    0x08000fa0   0x000000c6   Code   RO         2565    CL$$btod_e2e        c_w.l(btod.o)
    0x08001066   0x00000028   Code   RO         2562    CL$$btod_ediv       c_w.l(btod.o)
    0x0800108e   0x00000028   Code   RO         2561    CL$$btod_emul       c_w.l(btod.o)
    0x080010b6   0x00000244   Code   RO         2567    CL$$btod_mult_common  c_w.l(btod.o)
    0x080012fa   0x00000004   Code   RO          343    i.BusFault_Handler  stm32f10x_it.o
    0x080012fe   0x00000002   Code   RO          344    i.DebugMon_Handler  stm32f10x_it.o
    0x08001300   0x00000112   Code   RO          760    i.GPIO_Init         stm32f10x_gpio.o
    0x08001412   0x00000004   Code   RO          767    i.GPIO_ResetBits    stm32f10x_gpio.o
    0x08001416   0x00000004   Code   RO          768    i.GPIO_SetBits      stm32f10x_gpio.o
    0x0800141a   0x00000004   Code   RO          345    i.HardFault_Handler  stm32f10x_it.o
    0x0800141e   0x00000002   PAD
    0x08001420   0x00000038   Code   RO          115    i.LED_Init          stm32_led.o
    0x08001458   0x00000004   Code   RO          346    i.MemManage_Handler  stm32f10x_it.o
    0x0800145c   0x00000002   Code   RO          347    i.NMI_Handler       stm32f10x_it.o
    0x0800145e   0x0000000c   Code   RO          394    i.NVIC_Configuration  sys.o
    0x0800146a   0x00000002   PAD
    0x0800146c   0x00000074   Code   RO          484    i.NVIC_Init         misc.o
    0x080014e0   0x00000014   Code   RO          485    i.NVIC_PriorityGroupConfig  misc.o
    0x080014f4   0x00000040   Code   RO          127    i.OLED_Clear        stm32_oled.o
    0x08001534   0x00000170   Code   RO          131    i.OLED_Init         stm32_oled.o
    0x080016a4   0x0000002e   Code   RO          132    i.OLED_Set_Pos      stm32_oled.o
    0x080016d2   0x00000002   PAD
    0x080016d4   0x000000e4   Code   RO          133    i.OLED_Show16X32    stm32_oled.o
    0x080017b8   0x0000006c   Code   RO          134    i.OLED_ShowCHinese  stm32_oled.o
    0x08001824   0x00000078   Code   RO          139    i.OLED_WR_Byte      stm32_oled.o
    0x0800189c   0x00000020   Code   RO         1119    i.RCC_APB1PeriphClockCmd  stm32f10x_rcc.o
    0x080018bc   0x00000020   Code   RO         1121    i.RCC_APB2PeriphClockCmd  stm32f10x_rcc.o
    0x080018dc   0x000000d4   Code   RO         1129    i.RCC_GetClocksFreq  stm32f10x_rcc.o
    0x080019b0   0x00000002   Code   RO          348    i.SVC_Handler       stm32f10x_it.o
    0x080019b2   0x00000008   Code   RO          450    i.SetSysClock       system_stm32f10x.o
    0x080019ba   0x00000002   PAD
    0x080019bc   0x000000c8   Code   RO          451    i.SetSysClockTo72   system_stm32f10x.o
    0x08001a84   0x00000028   Code   RO          488    i.SysTick_CLKSourceConfig  misc.o
    0x08001aac   0x00000060   Code   RO          453    i.SystemInit        system_stm32f10x.o
    0x08001b0c   0x00000080   Code   RO         1557    i.TI1_Config        stm32f10x_tim.o
    0x08001b8c   0x0000008c   Code   RO         1558    i.TI2_Config        stm32f10x_tim.o
    0x08001c18   0x00000088   Code   RO         1559    i.TI3_Config        stm32f10x_tim.o
    0x08001ca0   0x0000008c   Code   RO         1560    i.TI4_Config        stm32f10x_tim.o
    0x08001d2c   0x00000088   Code   RO          232    i.TIM1_CC_IRQHandler  stm32_timer.o
    0x08001db4   0x000000d8   Code   RO          233    i.TIM1_Cap_Init     stm32_timer.o
    0x08001e8c   0x0000002c   Code   RO          234    i.TIM1_UP_IRQHandler  stm32_timer.o
    0x08001eb8   0x00000098   Code   RO          235    i.TIM3_IRQHandler   stm32_timer.o
    0x08001f50   0x00000060   Code   RO          236    i.TIM3_Int_Init     stm32_timer.o
    0x08001fb0   0x00000006   Code   RO         1568    i.TIM_ClearITPendingBit  stm32f10x_tim.o
    0x08001fb6   0x00000018   Code   RO         1573    i.TIM_Cmd           stm32f10x_tim.o
    0x08001fce   0x00000022   Code   RO         1594    i.TIM_GetITStatus   stm32f10x_tim.o
    0x08001ff0   0x000000ac   Code   RO         1596    i.TIM_ICInit        stm32f10x_tim.o
    0x0800209c   0x00000018   Code   RO         1598    i.TIM_ITConfig      stm32f10x_tim.o
    0x080020b4   0x00000012   Code   RO         1639    i.TIM_SetIC1Prescaler  stm32f10x_tim.o
    0x080020c6   0x00000016   Code   RO         1640    i.TIM_SetIC2Prescaler  stm32f10x_tim.o
    0x080020dc   0x00000012   Code   RO         1641    i.TIM_SetIC3Prescaler  stm32f10x_tim.o
    0x080020ee   0x00000016   Code   RO         1642    i.TIM_SetIC4Prescaler  stm32f10x_tim.o
    0x08002104   0x000000a4   Code   RO         1644    i.TIM_TimeBaseInit  stm32f10x_tim.o
    0x080021a8   0x0000001c   Code   RO          272    i.UART4_IRQHandler  stm32_usart.o
    0x080021c4   0x0000001c   Code   RO          273    i.USART1_IRQHandler  stm32_usart.o
    0x080021e0   0x00000018   Code   RO         2109    i.USART_Cmd         stm32f10x_usart.o
    0x080021f8   0x0000001a   Code   RO         2112    i.USART_GetFlagStatus  stm32f10x_usart.o
    0x08002212   0x00000054   Code   RO         2113    i.USART_GetITStatus  stm32f10x_usart.o
    0x08002266   0x0000004a   Code   RO         2115    i.USART_ITConfig    stm32f10x_usart.o
    0x080022b0   0x000000d8   Code   RO         2116    i.USART_Init        stm32f10x_usart.o
    0x08002388   0x0000000a   Code   RO         2123    i.USART_ReceiveData  stm32f10x_usart.o
    0x08002392   0x00000004   Code   RO          349    i.UsageFault_Handler  stm32f10x_it.o
    0x08002396   0x00000028   Code   RO         2589    i.__ARM_fpclassify  m_ws.l(fpclassify.o)
    0x080023be   0x00000004   Code   RO          274    i._sys_exit         stm32_usart.o
    0x080023c2   0x00000002   PAD
    0x080023c4   0x00000220   Code   RO            1    i.data_check        main.o
    0x080025e4   0x00000038   Code   RO          406    i.delay_init        stm32_delay.o
    0x0800261c   0x0000004c   Code   RO          407    i.delay_ms          stm32_delay.o
    0x08002668   0x0000001c   Code   RO          275    i.fputc             stm32_usart.o
    0x08002684   0x00000028   Code   RO           97    i.keyInit           stm32_key.o
    0x080026ac   0x00000070   Code   RO            2    i.mYverage          main.o
    0x0800271c   0x00000190   Code   RO            3    i.main              main.o
    0x080028ac   0x000001e8   Code   RO          141    i.showPower         stm32_oled.o
    0x08002a94   0x00000018   Code   RO          276    i.txByte            stm32_usart.o
    0x08002aac   0x00000020   Code   RO          277    i.txNByte           stm32_usart.o
    0x08002acc   0x0000001a   Code   RO          278    i.txStr             stm32_usart.o
    0x08002ae6   0x00000002   PAD
    0x08002ae8   0x000000a0   Code   RO          280    i.uart_init         stm32_usart.o
    0x08002b88   0x0000002c   Code   RO         2585    locale$$code        c_w.l(lc_numeric_c.o)
    0x08002bb4   0x0000000c   Code   RO         2520    x$fpl$dretinf       fz_ws.l(dretinf.o)
    0x08002bc0   0x00000056   Code   RO         2472    x$fpl$f2d           fz_ws.l(f2d.o)
    0x08002c16   0x00000002   PAD
    0x08002c18   0x000000c4   Code   RO         2474    x$fpl$fadd          fz_ws.l(faddsub_clz.o)
    0x08002cdc   0x00000018   Code   RO         2522    x$fpl$fcmpinf       fz_ws.l(fcmpi.o)
    0x08002cf4   0x00000184   Code   RO         2481    x$fpl$fdiv          fz_ws.l(fdiv.o)
    0x08002e78   0x00000036   Code   RO         2484    x$fpl$ffix          fz_ws.l(ffix.o)
    0x08002eae   0x00000002   PAD
    0x08002eb0   0x0000003e   Code   RO         2488    x$fpl$ffixu         fz_ws.l(ffixu.o)
    0x08002eee   0x00000002   PAD
    0x08002ef0   0x00000026   Code   RO         2492    x$fpl$ffltu         fz_ws.l(fflt_clz.o)
    0x08002f16   0x00000002   PAD
    0x08002f18   0x00000068   Code   RO         2498    x$fpl$fleqf         fz_ws.l(fleqf.o)
    0x08002f80   0x00000102   Code   RO         2500    x$fpl$fmul          fz_ws.l(fmul.o)
    0x08003082   0x0000008c   Code   RO         2524    x$fpl$fnaninf       fz_ws.l(fnaninf.o)
    0x0800310e   0x0000000e   Code   RO         2651    x$fpl$fpinit        fz_ws.l(fpinit.o)
    0x0800311c   0x0000000a   Code   RO         2526    x$fpl$fretinf       fz_ws.l(fretinf.o)
    0x08003126   0x00000062   Code   RO         2502    x$fpl$frleqf        fz_ws.l(frleqf.o)
    0x08003188   0x00000014   Code   RO         2475    x$fpl$frsb          fz_ws.l(faddsub_clz.o)
    0x0800319c   0x000000ea   Code   RO         2476    x$fpl$fsub          fz_ws.l(faddsub_clz.o)
    0x08003286   0x00000004   Code   RO         2504    x$fpl$printf1       fz_ws.l(printf1.o)
    0x0800328a   0x00000000   Code   RO         2528    x$fpl$usenofp       fz_ws.l(usenofp.o)
    0x0800328a   0x000014c8   Data   RO          142    .constdata          stm32_oled.o
    0x08004752   0x00000002   PAD
    0x08004754   0x00000094   Data   RO         2556    .constdata          c_w.l(bigflt0.o)
    0x080047e8   0x00000020   Data   RO         2726    Region$$Table       anon$$obj.o
    0x08004808   0x0000001c   Data   RO         2584    locale$$data        c_w.l(lc_numeric_c.o)


    Execution Region RW_IRAM1 (Base: 0x20000000, Size: 0x00002ac8, Max: 0x00005000, ABSOLUTE)

    Base Addr    Size         Type   Attr      Idx    E Section Name        Object

    0x20000000   0x0000001c   Data   RW            5    .data               main.o
    0x2000001c   0x00000004   Data   RW          238    .data               stm32_timer.o
    0x20000020   0x00000008   Data   RW          282    .data               stm32_usart.o
    0x20000028   0x00000004   Data   RW          409    .data               stm32_delay.o
    0x2000002c   0x00000014   Data   RW          454    .data               system_stm32f10x.o
    0x20000040   0x00000014   Data   RW         1149    .data               stm32f10x_rcc.o
    0x20000054   0x0000001e   Zero   RW            4    .bss                main.o
    0x20000072   0x000023f4   Zero   RW          237    .bss                stm32_timer.o
    0x20002466   0x00000002   PAD
    0x20002468   0x00000060   Zero   RW         2592    .bss                c_w.l(libspace.o)
    0x200024c8   0x00000200   Zero   RW          433    HEAP                startup_stm32f10x_hd.o
    0x200026c8   0x00000400   Zero   RW          432    STACK               startup_stm32f10x_hd.o


==============================================================================

Image component sizes


      Code (inc. data)   RO Data    RW Data    ZI Data      Debug   Object Name

      1056        168          0         28         30     257380   main.o
       176         24          0          0          0       2305   misc.o
        64         26        304          0       1536        952   startup_stm32f10x_hd.o
       132         22          0          4          0       1224   stm32_delay.o
        40          6          0          0          0        490   stm32_key.o
        56          6          0          0          0        495   stm32_led.o
      1422         68       5320          0          0       5546   stm32_oled.o
       644         72          0          4       9204       3385   stm32_timer.o
       330         22          0          8          0       6342   stm32_usart.o
       282          0          0          0          0       3280   stm32f10x_gpio.o
        22          0          0          0          0       3091   stm32f10x_it.o
       276         32          0         20          0       4710   stm32f10x_rcc.o
      1048        152          0          0          0      10435   stm32f10x_tim.o
       434          6          0          0          0       6056   stm32f10x_usart.o
        12          0          0          0          0        453   sys.o
       304         26          0         20          0       2669   system_stm32f10x.o

    ----------------------------------------------------------------------
      6310        630       5658         84      10772     308813   Object Totals
         0          0         32          0          0          0   (incl. Generated)
        12          0          2          0          2          0   (incl. Padding)

    ----------------------------------------------------------------------

      Code (inc. data)   RO Data    RW Data    ZI Data      Debug   Library Member Name

        24          4          0          0          0         84   __2printf.o
        44          6          0          0          0         84   __2sprintf.o
         8          0          0          0          0         68   __main.o
       106          0          0          0          0         84   __printf.o
        52          8          0          0          0          0   __scatter.o
        26          0          0          0          0          0   __scatter_copy.o
        28          0          0          0          0          0   __scatter_zi.o
        48          6          0          0          0         96   _printf_char_common.o
        36          4          0          0          0         80   _printf_char_file.o
         6          0          0          0          0          0   _printf_d.o
       120         18          0          0          0         92   _printf_dec.o
         6          0          0          0          0          0   _printf_f.o
      1056          0          0          0          0        216   _printf_fp_dec.o
       128         16          0          0          0         84   _printf_fp_infnan.o
       184          0          0          0          0         88   _printf_intcommon.o
         0          0          0          0          0          0   _printf_percent.o
         4          0          0          0          0          0   _printf_percent_end.o
        10          0          0          0          0         68   _sputc.o
       228          6        148          0          0         96   bigflt0.o
      1910        128          0          0          0        672   btod.o
        12          0          0          0          0         72   exit.o
         8          0          0          0          0         68   ferror.o
         6          0          0          0          0        152   heapauxi.o
        44         10         28          0          0         76   lc_numeric_c.o
         6          0          0          0          0          0   libinit.o
        18          0          0          0          0          0   libinit2.o
         2          0          0          0          0          0   libshutdown.o
         2          0          0          0          0          0   libshutdown2.o
         8          4          0          0         96         68   libspace.o
       138          0          0          0          0         80   lludiv10.o
         8          4          0          0          0         68   rt_fp_status_addr_intlibspace.o
         8          4          0          0          0         68   rt_locale_intlibspace.o
         0          0          0          0          0          0   rtentry.o
        12          0          0          0          0          0   rtentry2.o
         6          0          0          0          0          0   rtentry4.o
         2          0          0          0          0          0   rtexit.o
        10          0          0          0          0          0   rtexit2.o
       128          0          0          0          0         68   strcmpv7m.o
        74          0          0          0          0         80   sys_stackheap_outer.o
         2          0          0          0          0         68   use_no_semi.o
         2          0          0          0          0         68   use_no_semi_2.o
        12          0          0          0          0         68   dretinf.o
        86          4          0          0          0         84   f2d.o
       450          8          0          0          0        236   faddsub_clz.o
        24          0          0          0          0         68   fcmpi.o
       388         76          0          0          0         96   fdiv.o
        54          4          0          0          0         84   ffix.o
        62          4          0          0          0         84   ffixu.o
        38          0          0          0          0         68   fflt_clz.o
       104          4          0          0          0         84   fleqf.o
       258          4          0          0          0         84   fmul.o
       140          4          0          0          0         84   fnaninf.o
        14          0          0          0          0         76   fpinit.o
        10          0          0          0          0         68   fretinf.o
        98          0          0          0          0         68   frleqf.o
         4          0          0          0          0         68   printf1.o
         0          0          0          0          0          0   usenofp.o
        40          0          0          0          0         68   fpclassify.o

    ----------------------------------------------------------------------
      6324        326        176          0         96       4136   Library Totals
        22          0          0          0          0          0   (incl. Padding)

    ----------------------------------------------------------------------

      Code (inc. data)   RO Data    RW Data    ZI Data      Debug   Library Name

      4520        218        176          0         96       2748   c_w.l
      1742        108          0          0          0       1320   fz_ws.l
        40          0          0          0          0         68   m_ws.l

    ----------------------------------------------------------------------
      6324        326        176          0         96       4136   Library Totals

    ----------------------------------------------------------------------

==============================================================================


      Code (inc. data)   RO Data    RW Data    ZI Data      Debug   

     12634        956       5834         84      10868     307073   Grand Totals
     12634        956       5834         84      10868     307073   ELF Image Totals
     12634        956       5834         84          0          0   ROM Totals

==============================================================================

    Total RO  Size (Code + RO Data)                18468 (  18.04kB)
    Total RW  Size (RW Data + ZI Data)             10952 (  10.70kB)
    Total ROM Size (Code + RO Data + RW Data)      18552 (  18.12kB)

==============================================================================

