Component: ARM Compiler 5.06 update 5 (build 528) Tool: armlink [4d35e2]

==============================================================================

Section Cross References

    startup_stm32f103xb.o(RESET) refers to startup_stm32f103xb.o(STACK) for __initial_sp
    startup_stm32f103xb.o(RESET) refers to startup_stm32f103xb.o(.text) for Reset_Handler
    startup_stm32f103xb.o(RESET) refers to stm32f1xx_it.o(i.NMI_Handler) for NMI_Handler
    startup_stm32f103xb.o(RESET) refers to stm32f1xx_it.o(i.HardFault_Handler) for HardFault_Handler
    startup_stm32f103xb.o(RESET) refers to stm32f1xx_it.o(i.MemManage_Handler) for MemManage_Handler
    startup_stm32f103xb.o(RESET) refers to stm32f1xx_it.o(i.BusFault_Handler) for BusFault_Handler
    startup_stm32f103xb.o(RESET) refers to stm32f1xx_it.o(i.UsageFault_Handler) for UsageFault_Handler
    startup_stm32f103xb.o(RESET) refers to port.o(.emb_text) for SVC_Handler
    startup_stm32f103xb.o(RESET) refers to stm32f1xx_it.o(i.DebugMon_Handler) for DebugMon_Handler
    startup_stm32f103xb.o(RESET) refers to stm32f1xx_it.o(i.SysTick_Handler) for SysTick_Handler
    startup_stm32f103xb.o(RESET) refers to stm32f1xx_it.o(i.DMA1_Channel2_IRQHandler) for DMA1_Channel2_IRQHandler
    startup_stm32f103xb.o(RESET) refers to stm32f1xx_it.o(i.DMA1_Channel3_IRQHandler) for DMA1_Channel3_IRQHandler
    startup_stm32f103xb.o(RESET) refers to stm32f1xx_it.o(i.DMA1_Channel5_IRQHandler) for DMA1_Channel5_IRQHandler
    startup_stm32f103xb.o(RESET) refers to stm32f1xx_it.o(i.USART1_IRQHandler) for USART1_IRQHandler
    startup_stm32f103xb.o(RESET) refers to stm32f1xx_it.o(i.USART3_IRQHandler) for USART3_IRQHandler
    startup_stm32f103xb.o(.text) refers to system_stm32f1xx.o(i.SystemInit) for SystemInit
    startup_stm32f103xb.o(.text) refers to entry.o(.ARM.Collect$$$$00000000) for __main
    main.o(i.HAL_UART_ErrorCallback) refers to stm32f1xx_hal_uart.o(i.HAL_UART_Receive_IT) for HAL_UART_Receive_IT
    main.o(i.HAL_UART_ErrorCallback) refers to main.o(.bss) for .bss
    main.o(i.HAL_UART_RxCpltCallback) refers to main.o(.data) for .data
    main.o(i.SystemClock_Config) refers to stm32f1xx_hal_rcc.o(i.HAL_RCC_OscConfig) for HAL_RCC_OscConfig
    main.o(i.SystemClock_Config) refers to stm32f1xx_hal_rcc.o(i.HAL_RCC_ClockConfig) for HAL_RCC_ClockConfig
    main.o(i.SystemClock_Config) refers to stm32f1xx_hal_rcc.o(i.HAL_RCC_GetHCLKFreq) for HAL_RCC_GetHCLKFreq
    main.o(i.SystemClock_Config) refers to stm32f1xx_hal_cortex.o(i.HAL_SYSTICK_Config) for HAL_SYSTICK_Config
    main.o(i.SystemClock_Config) refers to stm32f1xx_hal_cortex.o(i.HAL_SYSTICK_CLKSourceConfig) for HAL_SYSTICK_CLKSourceConfig
    main.o(i.SystemClock_Config) refers to stm32f1xx_hal_cortex.o(i.HAL_NVIC_SetPriority) for HAL_NVIC_SetPriority
    main.o(i.cur_value2str_in_out) refers to main.o(.data) for .data
    main.o(i.fputc) refers to stm32f1xx_hal_uart.o(i.HAL_UART_Transmit) for HAL_UART_Transmit
    main.o(i.fputc) refers to main.o(.bss) for .bss
    main.o(i.hlw8032_value_adjust) refers to memcpya.o(.text) for __aeabi_memcpy
    main.o(i.main) refers to stm32f1xx_hal.o(i.HAL_Init) for HAL_Init
    main.o(i.main) refers to main.o(i.SystemClock_Config) for SystemClock_Config
    main.o(i.main) refers to stm32f1xx_hal_gpio.o(i.HAL_GPIO_WritePin) for HAL_GPIO_WritePin
    main.o(i.main) refers to stm32f1xx_hal_gpio.o(i.HAL_GPIO_Init) for HAL_GPIO_Init
    main.o(i.main) refers to stm32f1xx_hal_cortex.o(i.HAL_NVIC_SetPriority) for HAL_NVIC_SetPriority
    main.o(i.main) refers to stm32f1xx_hal_cortex.o(i.HAL_NVIC_EnableIRQ) for HAL_NVIC_EnableIRQ
    main.o(i.main) refers to stm32f1xx_hal_uart.o(i.HAL_UART_Init) for HAL_UART_Init
    main.o(i.main) refers to stm32f1xx_hal_iwdg.o(i.HAL_IWDG_Init) for HAL_IWDG_Init
    main.o(i.main) refers to printf5.o(i.__0printf$5) for __2printf
    main.o(i.main) refers to stm32f1xx_hal_uart.o(i.HAL_UART_Receive_DMA) for HAL_UART_Receive_DMA
    main.o(i.main) refers to stm32f1xx_hal_uart.o(i.HAL_UART_Receive_IT) for HAL_UART_Receive_IT
    main.o(i.main) refers to cmsis_os.o(i.osSemaphoreCreate) for osSemaphoreCreate
    main.o(i.main) refers to memcpya.o(.text) for __aeabi_memcpy4
    main.o(i.main) refers to cmsis_os.o(i.osThreadCreate) for osThreadCreate
    main.o(i.main) refers to cmsis_os.o(i.osKernelStart) for osKernelStart
    main.o(i.main) refers to main.o(.bss) for .bss
    main.o(i.main) refers to main.o(.data) for .data
    main.o(i.main) refers to main.o(.constdata) for .constdata
    main.o(i.net_sendcmd_noblock) refers to printf5.o(i.__0printf$5) for __2printf
    main.o(i.net_sendcmd_noblock) refers to strlen.o(.text) for strlen
    main.o(i.net_sendcmd_noblock) refers to stm32f1xx_hal_msp.o(i.dma_send) for dma_send
    main.o(i.pwr_value2str_in_out) refers to main.o(.data) for .data
    main.o(i.start_power_recv) refers to stm32f1xx_hal_iwdg.o(i.HAL_IWDG_Refresh) for HAL_IWDG_Refresh
[...]
    ../Drivers/STM32F1xx_HAL_Driver/Src/stm32f1xx_hal_dma.c 0x00000000   Number         0  stm32f1xx_hal_dma.o ABSOLUTE
    ../Drivers/STM32F1xx_HAL_Driver/Src/stm32f1xx_hal_flash.c 0x00000000   Number         0  stm32f1xx_hal_flash.o ABSOLUTE
    ../Drivers/STM32F1xx_HAL_Driver/Src/stm32f1xx_hal_flash_ex.c 0x00000000   Number         0  stm32f1xx_hal_flash_ex.o ABSOLUTE
    ../Drivers/STM32F1xx_HAL_Driver/Src/stm32f1xx_hal_gpio.c 0x00000000   Number         0  stm32f1xx_hal_gpio.o ABSOLUTE
    ../Drivers/STM32F1xx_HAL_Driver/Src/stm32f1xx_hal_gpio_ex.c 0x00000000   Number         0  stm32f1xx_hal_gpio_ex.o ABSOLUTE
    ../Drivers/STM32F1xx_HAL_Driver/Src/stm32f1xx_hal_iwdg.c 0x00000000   Number         0  stm32f1xx_hal_iwdg.o ABSOLUTE
    ../Drivers/STM32F1xx_HAL_Driver/Src/stm32f1xx_hal_pwr.c 0x00000000   Number         0  stm32f1xx_hal_pwr.o ABSOLUTE
    ../Drivers/STM32F1xx_HAL_Driver/Src/stm32f1xx_hal_rcc.c 0x00000000   Number         0  stm32f1xx_hal_rcc.o ABSOLUTE
    ../Drivers/STM32F1xx_HAL_Driver/Src/stm32f1xx_hal_rcc_ex.c 0x00000000   Number         0  stm32f1xx_hal_rcc_ex.o ABSOLUTE
    ../Drivers/STM32F1xx_HAL_Driver/Src/stm32f1xx_hal_tim.c 0x00000000   Number         0  stm32f1xx_hal_tim.o ABSOLUTE
    ../Drivers/STM32F1xx_HAL_Driver/Src/stm32f1xx_hal_tim_ex.c 0x00000000   Number         0  stm32f1xx_hal_tim_ex.o ABSOLUTE
    ../Drivers/STM32F1xx_HAL_Driver/Src/stm32f1xx_hal_uart.c 0x00000000   Number         0  stm32f1xx_hal_uart.o ABSOLUTE
    ../Middlewares/Third_Party/FreeRTOS/Source/CMSIS_RTOS/cmsis_os.c 0x00000000   Number         0  cmsis_os.o ABSOLUTE
    ../Middlewares/Third_Party/FreeRTOS/Source/croutine.c 0x00000000   Number         0  croutine.o ABSOLUTE
    ../Middlewares/Third_Party/FreeRTOS/Source/event_groups.c 0x00000000   Number         0  event_groups.o ABSOLUTE
    ../Middlewares/Third_Party/FreeRTOS/Source/list.c 0x00000000   Number         0  list.o ABSOLUTE
    ../Middlewares/Third_Party/FreeRTOS/Source/portable/MemMang/heap_4.c 0x00000000   Number         0  heap_4.o ABSOLUTE
    ../Middlewares/Third_Party/FreeRTOS/Source/portable/RVDS/ARM_CM3/port.c 0x00000000   Number         0  port.o ABSOLUTE
    ../Middlewares/Third_Party/FreeRTOS/Source/queue.c 0x00000000   Number         0  queue.o ABSOLUTE
    ../Middlewares/Third_Party/FreeRTOS/Source/tasks.c 0x00000000   Number         0  tasks.o ABSOLUTE
    ../Middlewares/Third_Party/FreeRTOS/Source/timers.c 0x00000000   Number         0  timers.o ABSOLUTE
    ../Src/freertos.c                        0x00000000   Number         0  freertos.o ABSOLUTE
    ../Src/main.c                            0x00000000   Number         0  main.o ABSOLUTE
    ../Src/stm32f1xx_hal_msp.c               0x00000000   Number         0  stm32f1xx_hal_msp.o ABSOLUTE
    ../Src/stm32f1xx_it.c                    0x00000000   Number         0  stm32f1xx_it.o ABSOLUTE
    ../clib/microlib/division.c              0x00000000   Number         0  uldiv.o ABSOLUTE
    ../clib/microlib/division.c              0x00000000   Number         0  uidiv.o ABSOLUTE
    ../clib/microlib/init/entry.s            0x00000000   Number         0  entry11b.o ABSOLUTE
    ../clib/microlib/init/entry.s            0x00000000   Number         0  entry11a.o ABSOLUTE
    ../clib/microlib/init/entry.s            0x00000000   Number         0  entry10b.o ABSOLUTE
    ../clib/microlib/init/entry.s            0x00000000   Number         0  entry10a.o ABSOLUTE
    ../clib/microlib/init/entry.s            0x00000000   Number         0  entry9b.o ABSOLUTE
    ../clib/microlib/init/entry.s            0x00000000   Number         0  entry9a.o ABSOLUTE
    ../clib/microlib/init/entry.s            0x00000000   Number         0  entry8b.o ABSOLUTE
    ../clib/microlib/init/entry.s            0x00000000   Number         0  entry8a.o ABSOLUTE
    ../clib/microlib/init/entry.s            0x00000000   Number         0  entry7b.o ABSOLUTE
    ../clib/microlib/init/entry.s            0x00000000   Number         0  entry7a.o ABSOLUTE
    ../clib/microlib/init/entry.s            0x00000000   Number         0  entry5.o ABSOLUTE
    ../clib/microlib/init/entry.s            0x00000000   Number         0  entry2.o ABSOLUTE
    ../clib/microlib/init/entry.s            0x00000000   Number         0  entry.o ABSOLUTE
    ../clib/microlib/longlong.c              0x00000000   Number         0  llushr.o ABSOLUTE
    ../clib/microlib/longlong.c              0x00000000   Number         0  llsshr.o ABSOLUTE
    ../clib/microlib/longlong.c              0x00000000   Number         0  llshl.o ABSOLUTE
    ../clib/microlib/printf/printf.c         0x00000000   Number         0  printf4.o ABSOLUTE
    ../clib/microlib/printf/printf.c         0x00000000   Number         0  printfa.o ABSOLUTE
    ../clib/microlib/printf/printf.c         0x00000000   Number         0  printf8.o ABSOLUTE
    ../clib/microlib/printf/printf.c         0x00000000   Number         0  printf5.o ABSOLUTE
    ../clib/microlib/printf/printf.c         0x00000000   Number         0  printf7.o ABSOLUTE
    ../clib/microlib/printf/printf.c         0x00000000   Number         0  printf3.o ABSOLUTE
    ../clib/microlib/printf/printf.c         0x00000000   Number         0  printf2.o ABSOLUTE
    ../clib/microlib/printf/printf.c         0x00000000   Number         0  printf0.o ABSOLUTE
    ../clib/microlib/printf/printf.c         0x00000000   Number         0  printfb.o ABSOLUTE
    ../clib/microlib/printf/printf.c         0x00000000   Number         0  printf1.o ABSOLUTE
    ../clib/microlib/printf/printf.c         0x00000000   Number         0  printf6.o ABSOLUTE
    ../clib/microlib/printf/stubs.s          0x00000000   Number         0  stubs.o ABSOLUTE
    ../clib/microlib/stdio/streams.c         0x00000000   Number         0  stdout.o ABSOLUTE
    ../clib/microlib/string/memcpy.c         0x00000000   Number         0  memcpya.o ABSOLUTE
    ../clib/microlib/string/memcpy.c         0x00000000   Number         0  memcpyb.o ABSOLUTE
    ../clib/microlib/string/memset.c         0x00000000   Number         0  memseta.o ABSOLUTE
    ../clib/microlib/string/strlen.c         0x00000000   Number         0  strlen.o ABSOLUTE
    ../clib/microlib/string/strstr.c         0x00000000   Number         0  strstr.o ABSOLUTE
    ../clib/microlib/stubs.s                 0x00000000   Number         0  iusefp.o ABSOLUTE
    ../fplib/microlib/d2f.c                  0x00000000   Number         0  d2f.o ABSOLUTE
    ../fplib/microlib/fpadd.c                0x00000000   Number         0  dadd.o ABSOLUTE
    ../fplib/microlib/fpdiv.c                0x00000000   Number         0  ddiv.o ABSOLUTE
    ../fplib/microlib/fpepilogue.c           0x00000000   Number         0  fepilogue.o ABSOLUTE
    ../fplib/microlib/fpepilogue.c           0x00000000   Number         0  depilogue.o ABSOLUTE
    ../fplib/microlib/fpfix.c                0x00000000   Number         0  dfixul.o ABSOLUTE
    ../fplib/microlib/fpfix.c                0x00000000   Number         0  ffixi.o ABSOLUTE
    ../fplib/microlib/fpflt.c                0x00000000   Number         0  dfltui.o ABSOLUTE
    ../fplib/microlib/fpmul.c                0x00000000   Number         0  dmul.o ABSOLUTE
    ../fplib/microlib/fpscalb.c              0x00000000   Number         0  dscalb.o ABSOLUTE
    ..\Drivers\STM32F1xx_HAL_Driver\Src\stm32f1xx_hal.c 0x00000000   Number         0  stm32f1xx_hal.o ABSOLUTE
    ..\Drivers\STM32F1xx_HAL_Driver\Src\stm32f1xx_hal_cortex.c 0x00000000   Number         0  stm32f1xx_hal_cortex.o ABSOLUTE
    ..\Drivers\STM32F1xx_HAL_Driver\Src\stm32f1xx_hal_dma.c 0x00000000   Number         0  stm32f1xx_hal_dma.o ABSOLUTE
    ..\Drivers\STM32F1xx_HAL_Driver\Src\stm32f1xx_hal_flash.c 0x00000000   Number         0  stm32f1xx_hal_flash.o ABSOLUTE
    ..\Drivers\STM32F1xx_HAL_Driver\Src\stm32f1xx_hal_flash_ex.c 0x00000000   Number         0  stm32f1xx_hal_flash_ex.o ABSOLUTE
    ..\Drivers\STM32F1xx_HAL_Driver\Src\stm32f1xx_hal_gpio.c 0x00000000   Number         0  stm32f1xx_hal_gpio.o ABSOLUTE
    ..\Drivers\STM32F1xx_HAL_Driver\Src\stm32f1xx_hal_gpio_ex.c 0x00000000   Number         0  stm32f1xx_hal_gpio_ex.o ABSOLUTE
    ..\Drivers\STM32F1xx_HAL_Driver\Src\stm32f1xx_hal_iwdg.c 0x00000000   Number         0  stm32f1xx_hal_iwdg.o ABSOLUTE
    ..\Drivers\STM32F1xx_HAL_Driver\Src\stm32f1xx_hal_pwr.c 0x00000000   Number         0  stm32f1xx_hal_pwr.o ABSOLUTE
    ..\Drivers\STM32F1xx_HAL_Driver\Src\stm32f1xx_hal_rcc.c 0x00000000   Number         0  stm32f1xx_hal_rcc.o ABSOLUTE
    ..\Drivers\STM32F1xx_HAL_Driver\Src\stm32f1xx_hal_rcc_ex.c 0x00000000   Number         0  stm32f1xx_hal_rcc_ex.o ABSOLUTE
    ..\Drivers\STM32F1xx_HAL_Driver\Src\stm32f1xx_hal_tim.c 0x00000000   Number         0  stm32f1xx_hal_tim.o ABSOLUTE
    ..\Drivers\STM32F1xx_HAL_Driver\Src\stm32f1xx_hal_tim_ex.c 0x00000000   Number         0  stm32f1xx_hal_tim_ex.o ABSOLUTE
    ..\Drivers\STM32F1xx_HAL_Driver\Src\stm32f1xx_hal_uart.c 0x00000000   Number         0  stm32f1xx_hal_uart.o ABSOLUTE
    ..\Middlewares\Third_Party\FreeRTOS\Source\CMSIS_RTOS\cmsis_os.c 0x00000000   Number         0  cmsis_os.o ABSOLUTE
    ..\Middlewares\Third_Party\FreeRTOS\Source\portable\RVDS\ARM_CM3\port.c 0x00000000   Number         0  port.o ABSOLUTE
    ..\Src\main.c                            0x00000000   Number         0  main.o ABSOLUTE
    ..\Src\stm32f1xx_hal_msp.c               0x00000000   Number         0  stm32f1xx_hal_msp.o ABSOLUTE
    ..\Src\stm32f1xx_it.c                    0x00000000   Number         0  stm32f1xx_it.o ABSOLUTE
    ..\\Src\system_stm32f1xx.c               0x00000000   Number         0  system_stm32f1xx.o ABSOLUTE
    cdrcmple.s                               0x00000000   Number         0  cdrcmple.o ABSOLUTE
    dc.s                                     0x00000000   Number         0  dc.o ABSOLUTE
    handlers.s                               0x00000000   Number         0  handlers.o ABSOLUTE
    init.s                                   0x00000000   Number         0  init.o ABSOLUTE
    startup_stm32f103xb.s                    0x00000000   Number         0  startup_stm32f103xb.o ABSOLUTE
    RESET                                    0x08000000   Section      236  startup_stm32f103xb.o(RESET)
    .ARM.Collect$$$$00000000                 0x080000ec   Section        0  entry.o(.ARM.Collect$$$$00000000)
    .ARM.Collect$$$$00000001                 0x080000ec   Section        4  entry2.o(.ARM.Collect$$$$00000001)
    .ARM.Collect$$$$00000004                 0x080000f0   Section        4  entry5.o(.ARM.Collect$$$$00000004)
    .ARM.Collect$$$$00000008                 0x080000f4   Section        0  entry7b.o(.ARM.Collect$$$$00000008)
    .ARM.Collect$$$$0000000A                 0x080000f4   Section        0  entry8b.o(.ARM.Collect$$$$0000000A)
    .ARM.Collect$$$$0000000B                 0x080000f4   Section        8  entry9a.o(.ARM.Collect$$$$0000000B)
    .ARM.Collect$$$$0000000D                 0x080000fc   Section        0  entry10a.o(.ARM.Collect$$$$0000000D)
    .ARM.Collect$$$$0000000F                 0x080000fc   Section        0  entry11a.o(.ARM.Collect$$$$0000000F)
    .ARM.Collect$$$$00002712                 0x080000fc   Section        4  entry2.o(.ARM.Collect$$$$00002712)
    __lit__00000000                          0x080000fc   Data           4  entry2.o(.ARM.Collect$$$$00002712)
    .emb_text                                0x08000100   Section      150  port.o(.emb_text)
    .text                                    0x08000198   Section       36  startup_stm32f103xb.o(.text)
    .text                                    0x080001bc   Section        0  llushr.o(.text)
    .text                                    0x080001dc   Section        0  memcpya.o(.text)
    .text                                    0x08000200   Section        0  memseta.o(.text)
    .text                                    0x08000224   Section        0  strstr.o(.text)
    .text                                    0x08000248   Section        0  strlen.o(.text)
    .text                                    0x08000256   Section        0  dmul.o(.text)
    .text                                    0x0800033a   Section        0  dscalb.o(.text)
    .text                                    0x08000368   Section        0  dfltui.o(.text)
    .text                                    0x08000382   Section        0  ffixi.o(.text)
    .text                                    0x080003b4   Section        0  d2f.o(.text)
    .text                                    0x080003ec   Section        0  uldiv.o(.text)
    .text                                    0x0800044e   Section        0  fepilogue.o(.text)
    .text                                    0x0800044e   Section        0  iusefp.o(.text)
    .text                                    0x080004bc   Section        0  depilogue.o(.text)
    .text                                    0x08000578   Section       36  init.o(.text)
    .text                                    0x0800059c   Section        0  llshl.o(.text)
    i.BusFault_Handler                       0x080005ba   Section        0  stm32f1xx_it.o(i.BusFault_Handler)
    i.DMA1_Channel2_IRQHandler               0x080005bc   Section        0  stm32f1xx_it.o(i.DMA1_Channel2_IRQHandler)
    i.DMA1_Channel3_IRQHandler               0x080005c8   Section        0  stm32f1xx_it.o(i.DMA1_Channel3_IRQHandler)
    i.DMA1_Channel5_IRQHandler               0x080005d4   Section        0  stm32f1xx_it.o(i.DMA1_Channel5_IRQHandler)
    i.DMA_SetConfig                          0x080005e0   Section        0  stm32f1xx_hal_dma.o(i.DMA_SetConfig)
    DMA_SetConfig                            0x080005e1   Thumb Code    42  stm32f1xx_hal_dma.o(i.DMA_SetConfig)
    i.DebugMon_Handler                       0x0800060a   Section        0  stm32f1xx_it.o(i.DebugMon_Handler)
    i.HAL_DMA_Abort                          0x0800060c   Section        0  stm32f1xx_hal_dma.o(i.HAL_DMA_Abort)
    i.HAL_DMA_Abort_IT                       0x0800063c   Section        0  stm32f1xx_hal_dma.o(i.HAL_DMA_Abort_IT)
    i.HAL_DMA_GetState                       0x080006d4   Section        0  stm32f1xx_hal_dma.o(i.HAL_DMA_GetState)
    i.HAL_DMA_IRQHandler                     0x080006dc   Section        0  stm32f1xx_hal_dma.o(i.HAL_DMA_IRQHandler)
    i.HAL_DMA_Init                           0x08000830   Section        0  stm32f1xx_hal_dma.o(i.HAL_DMA_Init)
    i.HAL_DMA_Start_IT                       0x08000894   Section        0  stm32f1xx_hal_dma.o(i.HAL_DMA_Start_IT)
    i.HAL_GPIO_Init                          0x08000904   Section        0  stm32f1xx_hal_gpio.o(i.HAL_GPIO_Init)
    i.HAL_GPIO_WritePin                      0x08000ac0   Section        0  stm32f1xx_hal_gpio.o(i.HAL_GPIO_WritePin)
    i.HAL_GetTick                            0x08000acc   Section        0  stm32f1xx_hal.o(i.HAL_GetTick)
    i.HAL_IWDG_Init                          0x08000ad8   Section        0  stm32f1xx_hal_iwdg.o(i.HAL_IWDG_Init)
    i.HAL_IWDG_Refresh                       0x08000b2a   Section        0  stm32f1xx_hal_iwdg.o(i.HAL_IWDG_Refresh)
    i.HAL_IncTick                            0x08000b38   Section        0  stm32f1xx_hal.o(i.HAL_IncTick)
    i.HAL_Init                               0x08000b48   Section        0  stm32f1xx_hal.o(i.HAL_Init)
    i.HAL_InitTick                           0x08000b6c   Section        0  stm32f1xx_hal.o(i.HAL_InitTick)
    i.HAL_MspInit                            0x08000bac   Section        0  stm32f1xx_hal_msp.o(i.HAL_MspInit)
    i.HAL_NVIC_EnableIRQ                     0x08000c3c   Section        0  stm32f1xx_hal_cortex.o(i.HAL_NVIC_EnableIRQ)
    i.HAL_NVIC_SetPriority                   0x08000c54   Section        0  stm32f1xx_hal_cortex.o(i.HAL_NVIC_SetPriority)
    i.HAL_NVIC_SetPriorityGrouping           0x08000c94   Section        0  stm32f1xx_hal_cortex.o(i.HAL_NVIC_SetPriorityGrouping)
    i.HAL_RCC_ClockConfig                    0x08000cb8   Section        0  stm32f1xx_hal_rcc.o(i.HAL_RCC_ClockConfig)
    i.HAL_RCC_GetHCLKFreq                    0x08000e0c   Section        0  stm32f1xx_hal_rcc.o(i.HAL_RCC_GetHCLKFreq)
    i.HAL_RCC_GetPCLK1Freq                   0x08000e18   Section        0  stm32f1xx_hal_rcc.o(i.HAL_RCC_GetPCLK1Freq)
    i.HAL_RCC_GetPCLK2Freq                   0x08000e38   Section        0  stm32f1xx_hal_rcc.o(i.HAL_RCC_GetPCLK2Freq)
    i.HAL_RCC_GetSysClockFreq                0x08000e58   Section        0  stm32f1xx_hal_rcc.o(i.HAL_RCC_GetSysClockFreq)
    i.HAL_RCC_OscConfig                      0x08000ec4   Section        0  stm32f1xx_hal_rcc.o(i.HAL_RCC_OscConfig)
    i.HAL_SYSTICK_CLKSourceConfig            0x080011c8   Section        0  stm32f1xx_hal_cortex.o(i.HAL_SYSTICK_CLKSourceConfig)
    i.HAL_SYSTICK_Config                     0x080011e0   Section        0  stm32f1xx_hal_cortex.o(i.HAL_SYSTICK_Config)
    i.HAL_UART_DMAStop                       0x08001208   Section        0  stm32f1xx_hal_uart.o(i.HAL_UART_DMAStop)
    i.HAL_UART_ErrorCallback                 0x08001260   Section        0  main.o(i.HAL_UART_ErrorCallback)
    i.HAL_UART_IRQHandler                    0x08001280   Section        0  stm32f1xx_hal_uart.o(i.HAL_UART_IRQHandler)
    i.HAL_UART_Init                          0x08001390   Section        0  stm32f1xx_hal_uart.o(i.HAL_UART_Init)
    i.HAL_UART_MspInit                       0x080013f4   Section        0  stm32f1xx_hal_msp.o(i.HAL_UART_MspInit)
    i.HAL_UART_Receive_DMA                   0x0800157c   Section        0  stm32f1xx_hal_uart.o(i.HAL_UART_Receive_DMA)
    i.HAL_UART_Receive_IT                    0x08001614   Section        0  stm32f1xx_hal_uart.o(i.HAL_UART_Receive_IT)
    i.HAL_UART_RxCpltCallback                0x08001668   Section        0  main.o(i.HAL_UART_RxCpltCallback)
    i.HAL_UART_RxHalfCpltCallback            0x08001680   Section        0  stm32f1xx_hal_uart.o(i.HAL_UART_RxHalfCpltCallback)
    i.HAL_UART_Transmit                      0x08001682   Section        0  stm32f1xx_hal_uart.o(i.HAL_UART_Transmit)
    i.HAL_UART_Transmit_DMA                  0x0800173c   Section        0  stm32f1xx_hal_uart.o(i.HAL_UART_Transmit_DMA)
    i.HAL_UART_TxCpltCallback                0x080017bc   Section        0  stm32f1xx_hal_uart.o(i.HAL_UART_TxCpltCallback)
    i.HAL_UART_TxHalfCpltCallback            0x080017be   Section        0  stm32f1xx_hal_uart.o(i.HAL_UART_TxHalfCpltCallback)
    i.HardFault_Handler                      0x080017c0   Section        0  stm32f1xx_it.o(i.HardFault_Handler)
    i.MemManage_Handler                      0x080017c2   Section        0  stm32f1xx_it.o(i.MemManage_Handler)
    i.NMI_Handler                            0x080017c4   Section        0  stm32f1xx_it.o(i.NMI_Handler)
    i.NVIC_SetPriority                       0x080017c6   Section        0  stm32f1xx_hal_cortex.o(i.NVIC_SetPriority)
    NVIC_SetPriority                         0x080017c7   Thumb Code    32  stm32f1xx_hal_cortex.o(i.NVIC_SetPriority)
    i.SysTick_Handler                        0x080017e6   Section        0  stm32f1xx_it.o(i.SysTick_Handler)
    i.SystemClock_Config                     0x080017f4   Section        0  main.o(i.SystemClock_Config)
    i.SystemInit                             0x08001850   Section        0  system_stm32f1xx.o(i.SystemInit)
    i.UART_DMAAbortOnError                   0x08001898   Section        0  stm32f1xx_hal_uart.o(i.UART_DMAAbortOnError)
    UART_DMAAbortOnError                     0x08001899   Thumb Code    16  stm32f1xx_hal_uart.o(i.UART_DMAAbortOnError)
    i.UART_DMAError                          0x080018a8   Section        0  stm32f1xx_hal_uart.o(i.UART_DMAError)
    UART_DMAError                            0x080018a9   Thumb Code    74  stm32f1xx_hal_uart.o(i.UART_DMAError)
    i.UART_DMAReceiveCplt                    0x080018f2   Section        0  stm32f1xx_hal_uart.o(i.UART_DMAReceiveCplt)
    UART_DMAReceiveCplt                      0x080018f3   Thumb Code    60  stm32f1xx_hal_uart.o(i.UART_DMAReceiveCplt)
    i.UART_DMARxHalfCplt                     0x0800192e   Section        0  stm32f1xx_hal_uart.o(i.UART_DMARxHalfCplt)
    UART_DMARxHalfCplt                       0x0800192f   Thumb Code    10  stm32f1xx_hal_uart.o(i.UART_DMARxHalfCplt)
    i.UART_DMATransmitCplt                   0x08001938   Section        0  stm32f1xx_hal_uart.o(i.UART_DMATransmitCplt)
    UART_DMATransmitCplt                     0x08001939   Thumb Code    46  stm32f1xx_hal_uart.o(i.UART_DMATransmitCplt)
    i.UART_DMATxHalfCplt                     0x08001966   Section        0  stm32f1xx_hal_uart.o(i.UART_DMATxHalfCplt)
    UART_DMATxHalfCplt                       0x08001967   Thumb Code    10  stm32f1xx_hal_uart.o(i.UART_DMATxHalfCplt)
    i.UART_EndRxTransfer                     0x08001970   Section        0  stm32f1xx_hal_uart.o(i.UART_EndRxTransfer)
    UART_EndRxTransfer                       0x08001971   Thumb Code    28  stm32f1xx_hal_uart.o(i.UART_EndRxTransfer)
    i.UART_EndTxTransfer                     0x0800198c   Section        0  stm32f1xx_hal_uart.o(i.UART_EndTxTransfer)
    UART_EndTxTransfer                       0x0800198d   Thumb Code    18  stm32f1xx_hal_uart.o(i.UART_EndTxTransfer)
    i.UART_Receive_IT                        0x0800199e   Section        0  stm32f1xx_hal_uart.o(i.UART_Receive_IT)
    UART_Receive_IT                          0x0800199f   Thumb Code   150  stm32f1xx_hal_uart.o(i.UART_Receive_IT)
    i.UART_SetConfig                         0x08001a34   Section        0  stm32f1xx_hal_uart.o(i.UART_SetConfig)
    UART_SetConfig                           0x08001a35   Thumb Code   364  stm32f1xx_hal_uart.o(i.UART_SetConfig)
    i.UART_Transmit_IT                       0x08001ba4   Section        0  stm32f1xx_hal_uart.o(i.UART_Transmit_IT)
    UART_Transmit_IT                         0x08001ba5   Thumb Code    98  stm32f1xx_hal_uart.o(i.UART_Transmit_IT)
    i.UART_WaitOnFlagUntilTimeout            0x08001c06   Section        0  stm32f1xx_hal_uart.o(i.UART_WaitOnFlagUntilTimeout)
    UART_WaitOnFlagUntilTimeout              0x08001c07   Thumb Code   100  stm32f1xx_hal_uart.o(i.UART_WaitOnFlagUntilTimeout)
    i.USART1_IRQHandler                      0x08001c6c   Section        0  stm32f1xx_it.o(i.USART1_IRQHandler)
    i.USART3_IRQHandler                      0x08001c78   Section        0  stm32f1xx_it.o(i.USART3_IRQHandler)
    i.UsageFault_Handler                     0x08001c98   Section        0  stm32f1xx_it.o(i.UsageFault_Handler)
    i.UsartReceive_IDLE                      0x08001c9c   Section        0  stm32f1xx_hal_msp.o(i.UsartReceive_IDLE)
    i._Error_Handler                         0x08001d7c   Section        0  main.o(i._Error_Handler)
    i.__0printf$5                            0x08001d80   Section        0  printf5.o(i.__0printf$5)
    i.__scatterload_copy                     0x08001da0   Section       14  handlers.o(i.__scatterload_copy)
    i.__scatterload_null                     0x08001dae   Section        2  handlers.o(i.__scatterload_null)
    i.__scatterload_zeroinit                 0x08001db0   Section       14  handlers.o(i.__scatterload_zeroinit)
    i._printf_core                           0x08001dc0   Section        0  printf5.o(i._printf_core)
    _printf_core                             0x08001dc1   Thumb Code   658  printf5.o(i._printf_core)
    i.cur_value2str_in_out                   0x08002080   Section        0  main.o(i.cur_value2str_in_out)
    i.dma_send                               0x08002120   Section        0  stm32f1xx_hal_msp.o(i.dma_send)
    i.fputc                                  0x08002154   Section        0  main.o(i.fputc)
    i.inHandlerMode                          0x0800216c   Section        0  cmsis_os.o(i.inHandlerMode)
    inHandlerMode                            0x0800216d   Thumb Code    12  cmsis_os.o(i.inHandlerMode)
    i.main                                   0x08002178   Section        0  main.o(i.main)
    i.makeFreeRtosPriority                   0x080023d4   Section        0  cmsis_os.o(i.makeFreeRtosPriority)
    makeFreeRtosPriority                     0x080023d5   Thumb Code    12  cmsis_os.o(i.makeFreeRtosPriority)
    i.net_sendcmd_noblock                    0x080023e0   Section        0  main.o(i.net_sendcmd_noblock)
    i.osDelay                                0x0800240c   Section        0  cmsis_os.o(i.osDelay)
    i.osKernelStart                          0x0800241a   Section        0  cmsis_os.o(i.osKernelStart)
    i.osSemaphoreCreate                      0x08002424   Section        0  cmsis_os.o(i.osSemaphoreCreate)
    i.osSemaphoreRelease                     0x0800244c   Section        0  cmsis_os.o(i.osSemaphoreRelease)
    i.osSemaphoreWait                        0x0800249c   Section        0  cmsis_os.o(i.osSemaphoreWait)
    i.osSystickHandler                       0x08002504   Section        0  cmsis_os.o(i.osSystickHandler)
    i.osThreadCreate                         0x08002518   Section        0  cmsis_os.o(i.osThreadCreate)
    i.prvAddCurrentTaskToDelayedList         0x08002548   Section        0  tasks.o(i.prvAddCurrentTaskToDelayedList)
    prvAddCurrentTaskToDelayedList           0x08002549   Thumb Code   102  tasks.o(i.prvAddCurrentTaskToDelayedList)
    i.prvAddNewTaskToReadyList               0x080025b8   Section        0  tasks.o(i.prvAddNewTaskToReadyList)
    prvAddNewTaskToReadyList                 0x080025b9   Thumb Code   194  tasks.o(i.prvAddNewTaskToReadyList)
    i.prvCheckTasksWaitingTermination        0x08002688   Section        0  tasks.o(i.prvCheckTasksWaitingTermination)
    prvCheckTasksWaitingTermination          0x08002689   Thumb Code    70  tasks.o(i.prvCheckTasksWaitingTermination)
    i.prvCopyDataFromQueue                   0x080026d8   Section        0  queue.o(i.prvCopyDataFromQueue)
    prvCopyDataFromQueue                     0x080026d9   Thumb Code    38  queue.o(i.prvCopyDataFromQueue)
    i.prvCopyDataToQueue                     0x080026fe   Section        0  queue.o(i.prvCopyDataToQueue)
    prvCopyDataToQueue                       0x080026ff   Thumb Code   108  queue.o(i.prvCopyDataToQueue)
    i.prvDeleteTCB                           0x0800276a   Section        0  tasks.o(i.prvDeleteTCB)
    prvDeleteTCB                             0x0800276b   Thumb Code    20  tasks.o(i.prvDeleteTCB)
    i.prvHeapInit                            0x08002780   Section        0  heap_4.o(i.prvHeapInit)
    prvHeapInit                              0x08002781   Thumb Code    66  heap_4.o(i.prvHeapInit)
    i.prvIdleTask                            0x080027cc   Section        0  tasks.o(i.prvIdleTask)
    prvIdleTask                              0x080027cd   Thumb Code    30  tasks.o(i.prvIdleTask)
    i.prvInitialiseNewTask                   0x080027f4   Section        0  tasks.o(i.prvInitialiseNewTask)
    prvInitialiseNewTask                     0x080027f5   Thumb Code   142  tasks.o(i.prvInitialiseNewTask)
    i.prvInsertBlockIntoFreeList             0x08002884   Section        0  heap_4.o(i.prvInsertBlockIntoFreeList)
    prvInsertBlockIntoFreeList               0x08002885   Thumb Code    72  heap_4.o(i.prvInsertBlockIntoFreeList)
    i.prvIsQueueEmpty                        0x080028d0   Section        0  queue.o(i.prvIsQueueEmpty)
    prvIsQueueEmpty                          0x080028d1   Thumb Code    28  queue.o(i.prvIsQueueEmpty)
    i.prvResetNextTaskUnblockTime            0x080028ec   Section        0  tasks.o(i.prvResetNextTaskUnblockTime)
    prvResetNextTaskUnblockTime              0x080028ed   Thumb Code    26  tasks.o(i.prvResetNextTaskUnblockTime)
    i.prvTaskExitError                       0x0800290c   Section        0  port.o(i.prvTaskExitError)
    prvTaskExitError                         0x0800290d   Thumb Code    36  port.o(i.prvTaskExitError)
    i.prvUnlockQueue                         0x08002934   Section        0  queue.o(i.prvUnlockQueue)
    prvUnlockQueue                           0x08002935   Thumb Code   106  queue.o(i.prvUnlockQueue)
    i.pvPortMalloc                           0x080029a0   Section        0  heap_4.o(i.pvPortMalloc)
    i.pvTaskIncrementMutexHeldCount          0x08002a78   Section        0  tasks.o(i.pvTaskIncrementMutexHeldCount)
    i.pwr_value2str_in_out                   0x08002a90   Section        0  main.o(i.pwr_value2str_in_out)
    i.pxPortInitialiseStack                  0x08002b30   Section        0  port.o(i.pxPortInitialiseStack)
    i.start_power_recv                       0x08002b54   Section        0  main.o(i.start_power_recv)
    i.start_sys_main                         0x08002ebc   Section        0  main.o(i.start_sys_main)
    i.start_wifi_recv                        0x08003034   Section        0  main.o(i.start_wifi_recv)
    i.uxListRemove                           0x08003224   Section        0  list.o(i.uxListRemove)
    i.vListInitialise                        0x08003248   Section        0  list.o(i.vListInitialise)
    i.vListInitialiseItem                    0x0800325e   Section        0  list.o(i.vListInitialiseItem)
    i.vListInsert                            0x08003264   Section        0  list.o(i.vListInsert)
    i.vListInsertEnd                         0x08003294   Section        0  list.o(i.vListInsertEnd)
    i.vPortEnterCritical                     0x080032ac   Section        0  port.o(i.vPortEnterCritical)
    i.vPortExitCritical                      0x080032ec   Section        0  port.o(i.vPortExitCritical)
    i.vPortFree                              0x08003314   Section        0  heap_4.o(i.vPortFree)
    i.vPortSetupTimerInterrupt               0x08003370   Section        0  port.o(i.vPortSetupTimerInterrupt)
    i.vPortValidateInterruptPriority         0x08003390   Section        0  port.o(i.vPortValidateInterruptPriority)
    i.vTaskDelay                             0x080033e4   Section        0  tasks.o(i.vTaskDelay)
    i.vTaskMissedYield                       0x08003430   Section        0  tasks.o(i.vTaskMissedYield)
    i.vTaskPlaceOnEventList                  0x0800343c   Section        0  tasks.o(i.vTaskPlaceOnEventList)
    i.vTaskPriorityInherit                   0x0800346c   Section        0  tasks.o(i.vTaskPriorityInherit)
    i.vTaskSetTimeOutState                   0x080034f0   Section        0  tasks.o(i.vTaskSetTimeOutState)
    i.vTaskStartScheduler                    0x08003514   Section        0  tasks.o(i.vTaskStartScheduler)
    i.vTaskSuspendAll                        0x0800357c   Section        0  tasks.o(i.vTaskSuspendAll)
    i.vTaskSwitchContext                     0x0800358c   Section        0  tasks.o(i.vTaskSwitchContext)
    i.value2str_in_out                       0x080035e8   Section        0  main.o(i.value2str_in_out)
    i.xPortStartScheduler                    0x08003688   Section        0  port.o(i.xPortStartScheduler)
    i.xPortSysTickHandler                    0x080036fc   Section        0  port.o(i.xPortSysTickHandler)
    i.xQueueGenericCreate                    0x08003728   Section        0  queue.o(i.xQueueGenericCreate)
    i.xQueueGenericReceive                   0x08003770   Section        0  queue.o(i.xQueueGenericReceive)
    i.xQueueGenericReset                     0x080038dc   Section        0  queue.o(i.xQueueGenericReset)
    i.xQueueGenericSend                      0x08003964   Section        0  queue.o(i.xQueueGenericSend)
    i.xQueueGiveFromISR                      0x08003ac4   Section        0  queue.o(i.xQueueGiveFromISR)
    i.xQueueReceiveFromISR                   0x08003b60   Section        0  queue.o(i.xQueueReceiveFromISR)
    i.xTaskCheckForTimeOut                   0x08003bfc   Section        0  tasks.o(i.xTaskCheckForTimeOut)
    i.xTaskCreate                            0x08003c68   Section        0  tasks.o(i.xTaskCreate)
    i.xTaskGetSchedulerState                 0x08003cc0   Section        0  tasks.o(i.xTaskGetSchedulerState)
    i.xTaskIncrementTick                     0x08003cdc   Section        0  tasks.o(i.xTaskIncrementTick)
    i.xTaskPriorityDisinherit                0x08003da4   Section        0  tasks.o(i.xTaskPriorityDisinherit)
    i.xTaskRemoveFromEventList               0x08003e3c   Section        0  tasks.o(i.xTaskRemoveFromEventList)
    i.xTaskResumeAll                         0x08003eb0   Section        0  tasks.o(i.xTaskResumeAll)
    .constdata                               0x08003f74   Section       60  main.o(.constdata)
    .constdata                               0x08003fb0   Section       16  system_stm32f1xx.o(.constdata)
    .constdata                               0x08003fc0   Section        8  system_stm32f1xx.o(.constdata)
    .conststring                             0x08003fc8   Section      132  main.o(.conststring)
    .data                                    0x20000000   Section       80  main.o(.data)
    send_semp_flag                           0x20000002   Data           1  main.o(.data)
    .data                                    0x20000050   Section        2  main.o(.data)
    .data                                    0x20000054   Section       12  stm32f1xx_hal.o(.data)
    .data                                    0x20000060   Section        4  system_stm32f1xx.o(.data)
    .data                                    0x20000064   Section       24  heap_4.o(.data)
    pxEnd                                    0x20000064   Data           4  heap_4.o(.data)
    xFreeBytesRemaining                      0x20000068   Data           4  heap_4.o(.data)
    xMinimumEverFreeBytesRemaining           0x2000006c   Data           4  heap_4.o(.data)
    xBlockAllocatedBit                       0x20000070   Data           4  heap_4.o(.data)
    xStart                                   0x20000074   Data           8  heap_4.o(.data)
    .data                                    0x2000007c   Section       12  port.o(.data)
    ucMaxSysCallPriority                     0x2000007c   Data           1  port.o(.data)
    uxCriticalNesting                        0x20000080   Data           4  port.o(.data)
    ulMaxPRIGROUPValue                       0x20000084   Data           4  port.o(.data)
    .data                                    0x20000088   Section       60  tasks.o(.data)
    uxDeletedTasksWaitingCleanUp             0x2000008c   Data           4  tasks.o(.data)
    uxCurrentNumberOfTasks                   0x20000090   Data           4  tasks.o(.data)
    xTickCount                               0x20000094   Data           4  tasks.o(.data)
    uxTopReadyPriority                       0x20000098   Data           4  tasks.o(.data)
    xSchedulerRunning                        0x2000009c   Data           4  tasks.o(.data)
    uxPendedTicks                            0x200000a0   Data           4  tasks.o(.data)
    xYieldPending                            0x200000a4   Data           4  tasks.o(.data)
    xNumOfOverflows                          0x200000a8   Data           4  tasks.o(.data)
    uxTaskNumber                             0x200000ac   Data           4  tasks.o(.data)
    xNextTaskUnblockTime                     0x200000b0   Data           4  tasks.o(.data)
    xIdleTaskHandle                          0x200000b4   Data           4  tasks.o(.data)
    uxSchedulerSuspended                     0x200000b8   Data           4  tasks.o(.data)
    pxDelayedTaskList                        0x200000bc   Data           4  tasks.o(.data)
    pxOverflowDelayedTaskList                0x200000c0   Data           4  tasks.o(.data)
    .data                                    0x200000c4   Section        4  stdout.o(.data)
    .bss                                     0x200000c8   Section      572  main.o(.bss)
    .bss                                     0x20000304   Section       68  main.o(.bss)
    .bss                                     0x20000348   Section       68  main.o(.bss)
    .bss                                     0x2000038c   Section       68  main.o(.bss)
    .bss                                     0x200003d0   Section     3072  heap_4.o(.bss)
    ucHeap                                   0x200003d0   Data        3072  heap_4.o(.bss)
    .bss                                     0x20000fd0   Section      240  tasks.o(.bss)
    pxReadyTasksLists                        0x20000fd0   Data         140  tasks.o(.bss)
    xDelayedTaskList1                        0x2000105c   Data          20  tasks.o(.bss)
    xDelayedTaskList2                        0x20001070   Data          20  tasks.o(.bss)
    xPendingReadyList                        0x20001084   Data          20  tasks.o(.bss)
    xTasksWaitingTermination                 0x20001098   Data          20  tasks.o(.bss)
    xSuspendedTaskList                       0x200010ac   Data          20  tasks.o(.bss)
    STACK                                    0x200010c0   Section     1024  startup_stm32f103xb.o(STACK)

    Global Symbols

    Symbol Name                              Value     Ov Type        Size  Object(Section)

    BuildAttributes$$THM_ISAv4$P$D$K$B$S$PE$A:L22UL41UL21$X:L11$S22US41US21$IEEE1$IW$USESV6$~STKCKD$USESV7$~SHL$OTIME$ROPI$EBA8$MICROLIB$REQ8$PRES8$EABIv2 0x00000000   Number         0  anon$$obj.o ABSOLUTE
    __ARM_use_no_argv                        0x00000000   Number         0  main.o ABSOLUTE
    _printf_a                                0x00000000   Number         0  stubs.o ABSOLUTE
    _printf_c                                0x00000000   Number         0  stubs.o ABSOLUTE
    _printf_charcount                        0x00000000   Number         0  stubs.o ABSOLUTE
    _printf_d                                0x00000000   Number         0  stubs.o ABSOLUTE
    _printf_e                                0x00000000   Number         0  stubs.o ABSOLUTE
    _printf_f                                0x00000000   Number         0  stubs.o ABSOLUTE
    _printf_flags                            0x00000000   Number         0  stubs.o ABSOLUTE
    _printf_fp_dec                           0x00000000   Number         0  stubs.o ABSOLUTE
    _printf_fp_hex                           0x00000000   Number         0  stubs.o ABSOLUTE
    _printf_g                                0x00000000   Number         0  stubs.o ABSOLUTE
    _printf_i                                0x00000000   Number         0  stubs.o ABSOLUTE
    _printf_int_dec                          0x00000000   Number         0  stubs.o ABSOLUTE
    _printf_l                                0x00000000   Number         0  stubs.o ABSOLUTE
    _printf_lc                               0x00000000   Number         0  stubs.o ABSOLUTE
    _printf_ll                               0x00000000   Number         0  stubs.o ABSOLUTE
    _printf_lld                              0x00000000   Number         0  stubs.o ABSOLUTE
    _printf_lli                              0x00000000   Number         0  stubs.o ABSOLUTE
    _printf_llo                              0x00000000   Number         0  stubs.o ABSOLUTE
    _printf_llu                              0x00000000   Number         0  stubs.o ABSOLUTE
    _printf_llx                              0x00000000   Number         0  stubs.o ABSOLUTE
    _printf_longlong_dec                     0x00000000   Number         0  stubs.o ABSOLUTE
    _printf_longlong_hex                     0x00000000   Number         0  stubs.o ABSOLUTE
    _printf_longlong_oct                     0x00000000   Number         0  stubs.o ABSOLUTE
    _printf_ls                               0x00000000   Number         0  stubs.o ABSOLUTE
    _printf_mbtowc                           0x00000000   Number         0  stubs.o ABSOLUTE
    _printf_n                                0x00000000   Number         0  stubs.o ABSOLUTE
    _printf_o                                0x00000000   Number         0  stubs.o ABSOLUTE
    _printf_p                                0x00000000   Number         0  stubs.o ABSOLUTE
    _printf_percent                          0x00000000   Number         0  stubs.o ABSOLUTE
    _printf_pre_padding                      0x00000000   Number         0  stubs.o ABSOLUTE
    _printf_return_value                     0x00000000   Number         0  stubs.o ABSOLUTE
    _printf_s                                0x00000000   Number         0  stubs.o ABSOLUTE
    _printf_sizespec                         0x00000000   Number         0  stubs.o ABSOLUTE
    _printf_str                              0x00000000   Number         0  stubs.o ABSOLUTE
    _printf_truncate_signed                  0x00000000   Number         0  stubs.o ABSOLUTE
    _printf_truncate_unsigned                0x00000000   Number         0  stubs.o ABSOLUTE
    _printf_u                                0x00000000   Number         0  stubs.o ABSOLUTE
    _printf_wc                               0x00000000   Number         0  stubs.o ABSOLUTE
    _printf_wctomb                           0x00000000   Number         0  stubs.o ABSOLUTE
    _printf_widthprec                        0x00000000   Number         0  stubs.o ABSOLUTE
    _printf_x                                0x00000000   Number         0  stubs.o ABSOLUTE
    __cpp_initialize__aeabi_                  - Undefined Weak Reference
    __cxa_finalize                            - Undefined Weak Reference
    __decompress                              - Undefined Weak Reference
    _clock_init                               - Undefined Weak Reference
    _microlib_exit                            - Undefined Weak Reference
    __Vectors_Size                           0x000000ec   Number         0  startup_stm32f103xb.o ABSOLUTE
    __Vectors                                0x08000000   Data           4  startup_stm32f103xb.o(RESET)
    __Vectors_End                            0x080000ec   Data           0  startup_stm32f103xb.o(RESET)
    __main                                   0x080000ed   Thumb Code     0  entry.o(.ARM.Collect$$$$00000000)
    _main_stk                                0x080000ed   Thumb Code     0  entry2.o(.ARM.Collect$$$$00000001)
    _main_scatterload                        0x080000f1   Thumb Code     0  entry5.o(.ARM.Collect$$$$00000004)
    __main_after_scatterload                 0x080000f5   Thumb Code     0  entry5.o(.ARM.Collect$$$$00000004)
    _main_clock                              0x080000f5   Thumb Code     0  entry7b.o(.ARM.Collect$$$$00000008)
    _main_cpp_init                           0x080000f5   Thumb Code     0  entry8b.o(.ARM.Collect$$$$0000000A)
    _main_init                               0x080000f5   Thumb Code     0  entry9a.o(.ARM.Collect$$$$0000000B)
    __rt_final_cpp                           0x080000fd   Thumb Code     0  entry10a.o(.ARM.Collect$$$$0000000D)
    __rt_final_exit                          0x080000fd   Thumb Code     0  entry11a.o(.ARM.Collect$$$$0000000F)
    SVC_Handler                              0x08000101   Thumb Code    32  port.o(.emb_text)
    __asm___6_port_c_39a90d8d__prvStartFirstTask 0x08000125   Thumb Code    28  port.o(.emb_text)
    PendSV_Handler                           0x08000145   Thumb Code    72  port.o(.emb_text)
    vPortGetIPSR                             0x08000191   Thumb Code     6  port.o(.emb_text)
    Reset_Handler                            0x08000199   Thumb Code     8  startup_stm32f103xb.o(.text)
    ADC1_2_IRQHandler                        0x080001b3   Thumb Code     0  startup_stm32f103xb.o(.text)
    CAN1_RX1_IRQHandler                      0x080001b3   Thumb Code     0  startup_stm32f103xb.o(.text)
    CAN1_SCE_IRQHandler                      0x080001b3   Thumb Code     0  startup_stm32f103xb.o(.text)
    DMA1_Channel1_IRQHandler                 0x080001b3   Thumb Code     0  startup_stm32f103xb.o(.text)
    DMA1_Channel4_IRQHandler                 0x080001b3   Thumb Code     0  startup_stm32f103xb.o(.text)
    DMA1_Channel6_IRQHandler                 0x080001b3   Thumb Code     0  startup_stm32f103xb.o(.text)
    DMA1_Channel7_IRQHandler                 0x080001b3   Thumb Code     0  startup_stm32f103xb.o(.text)
    EXTI0_IRQHandler                         0x080001b3   Thumb Code     0  startup_stm32f103xb.o(.text)
    EXTI15_10_IRQHandler                     0x080001b3   Thumb Code     0  startup_stm32f103xb.o(.text)
    EXTI1_IRQHandler                         0x080001b3   Thumb Code     0  startup_stm32f103xb.o(.text)
    EXTI2_IRQHandler                         0x080001b3   Thumb Code     0  startup_stm32f103xb.o(.text)
    EXTI3_IRQHandler                         0x080001b3   Thumb Code     0  startup_stm32f103xb.o(.text)
    EXTI4_IRQHandler                         0x080001b3   Thumb Code     0  startup_stm32f103xb.o(.text)
    EXTI9_5_IRQHandler                       0x080001b3   Thumb Code     0  startup_stm32f103xb.o(.text)
    FLASH_IRQHandler                         0x080001b3   Thumb Code     0  startup_stm32f103xb.o(.text)
    I2C1_ER_IRQHandler                       0x080001b3   Thumb Code     0  startup_stm32f103xb.o(.text)
    I2C1_EV_IRQHandler                       0x080001b3   Thumb Code     0  startup_stm32f103xb.o(.text)
    I2C2_ER_IRQHandler                       0x080001b3   Thumb Code     0  startup_stm32f103xb.o(.text)
    I2C2_EV_IRQHandler                       0x080001b3   Thumb Code     0  startup_stm32f103xb.o(.text)
    PVD_IRQHandler                           0x080001b3   Thumb Code     0  startup_stm32f103xb.o(.text)
    RCC_IRQHandler                           0x080001b3   Thumb Code     0  startup_stm32f103xb.o(.text)
    RTC_Alarm_IRQHandler                     0x080001b3   Thumb Code     0  startup_stm32f103xb.o(.text)
    RTC_IRQHandler                           0x080001b3   Thumb Code     0  startup_stm32f103xb.o(.text)
    SPI1_IRQHandler                          0x080001b3   Thumb Code     0  startup_stm32f103xb.o(.text)
    SPI2_IRQHandler                          0x080001b3   Thumb Code     0  startup_stm32f103xb.o(.text)
    TAMPER_IRQHandler                        0x080001b3   Thumb Code     0  startup_stm32f103xb.o(.text)
    TIM1_BRK_IRQHandler                      0x080001b3   Thumb Code     0  startup_stm32f103xb.o(.text)
    TIM1_CC_IRQHandler                       0x080001b3   Thumb Code     0  startup_stm32f103xb.o(.text)
    TIM1_TRG_COM_IRQHandler                  0x080001b3   Thumb Code     0  startup_stm32f103xb.o(.text)
    TIM1_UP_IRQHandler                       0x080001b3   Thumb Code     0  startup_stm32f103xb.o(.text)
    TIM2_IRQHandler                          0x080001b3   Thumb Code     0  startup_stm32f103xb.o(.text)
    TIM3_IRQHandler                          0x080001b3   Thumb Code     0  startup_stm32f103xb.o(.text)
    TIM4_IRQHandler                          0x080001b3   Thumb Code     0  startup_stm32f103xb.o(.text)
    USART2_IRQHandler                        0x080001b3   Thumb Code     0  startup_stm32f103xb.o(.text)
    USBWakeUp_IRQHandler                     0x080001b3   Thumb Code     0  startup_stm32f103xb.o(.text)
    USB_HP_CAN1_TX_IRQHandler                0x080001b3   Thumb Code     0  startup_stm32f103xb.o(.text)
    USB_LP_CAN1_RX0_IRQHandler               0x080001b3   Thumb Code     0  startup_stm32f103xb.o(.text)
    WWDG_IRQHandler                          0x080001b3   Thumb Code     0  startup_stm32f103xb.o(.text)
    __aeabi_llsr                             0x080001bd   Thumb Code    32  llushr.o(.text)
    _ll_ushift_r                             0x080001bd   Thumb Code     0  llushr.o(.text)
    __aeabi_memcpy                           0x080001dd   Thumb Code    36  memcpya.o(.text)
    __aeabi_memcpy4                          0x080001dd   Thumb Code     0  memcpya.o(.text)
    __aeabi_memcpy8                          0x080001dd   Thumb Code     0  memcpya.o(.text)
    __aeabi_memset                           0x08000201   Thumb Code    14  memseta.o(.text)
    __aeabi_memset4                          0x08000201   Thumb Code     0  memseta.o(.text)
    __aeabi_memset8                          0x08000201   Thumb Code     0  memseta.o(.text)
    __aeabi_memclr                           0x0800020f   Thumb Code     4  memseta.o(.text)
    __aeabi_memclr4                          0x0800020f   Thumb Code     0  memseta.o(.text)
    __aeabi_memclr8                          0x0800020f   Thumb Code     0  memseta.o(.text)
    _memset$wrapper                          0x08000213   Thumb Code    18  memseta.o(.text)
    strstr                                   0x08000225   Thumb Code    36  strstr.o(.text)
    strlen                                   0x08000249   Thumb Code    14  strlen.o(.text)
    __aeabi_dmul                             0x08000257   Thumb Code   228  dmul.o(.text)
    __ARM_scalbn                             0x0800033b   Thumb Code    46  dscalb.o(.text)
    scalbn                                   0x0800033b   Thumb Code     0  dscalb.o(.text)
    __aeabi_ui2d                             0x08000369   Thumb Code    26  dfltui.o(.text)
    __aeabi_f2iz                             0x08000383   Thumb Code    50  ffixi.o(.text)
    __aeabi_d2f                              0x080003b5   Thumb Code    56  d2f.o(.text)
    __aeabi_uldivmod                         0x080003ed   Thumb Code    98  uldiv.o(.text)
    __I$use$fp                               0x0800044f   Thumb Code     0  iusefp.o(.text)
    _float_round                             0x0800044f   Thumb Code    18  fepilogue.o(.text)
    _float_epilogue                          0x08000461   Thumb Code    92  fepilogue.o(.text)
    _double_round                            0x080004bd   Thumb Code    30  depilogue.o(.text)
    _double_epilogue                         0x080004db   Thumb Code   156  depilogue.o(.text)
    __scatterload                            0x08000579   Thumb Code    28  init.o(.text)
    __scatterload_rt2                        0x08000579   Thumb Code     0  init.o(.text)
    __aeabi_llsl                             0x0800059d   Thumb Code    30  llshl.o(.text)
    _ll_shift_l                              0x0800059d   Thumb Code     0  llshl.o(.text)
    BusFault_Handler                         0x080005bb   Thumb Code     2  stm32f1xx_it.o(i.BusFault_Handler)
    DMA1_Channel2_IRQHandler                 0x080005bd   Thumb Code     6  stm32f1xx_it.o(i.DMA1_Channel2_IRQHandler)
    DMA1_Channel3_IRQHandler                 0x080005c9   Thumb Code     6  stm32f1xx_it.o(i.DMA1_Channel3_IRQHandler)
    DMA1_Channel5_IRQHandler                 0x080005d5   Thumb Code     6  stm32f1xx_it.o(i.DMA1_Channel5_IRQHandler)
    DebugMon_Handler                         0x0800060b   Thumb Code     2  stm32f1xx_it.o(i.DebugMon_Handler)
    HAL_DMA_Abort                            0x0800060d   Thumb Code    48  stm32f1xx_hal_dma.o(i.HAL_DMA_Abort)
    HAL_DMA_Abort_IT                         0x0800063d   Thumb Code   148  stm32f1xx_hal_dma.o(i.HAL_DMA_Abort_IT)
    HAL_DMA_GetState                         0x080006d5   Thumb Code     6  stm32f1xx_hal_dma.o(i.HAL_DMA_GetState)
    HAL_DMA_IRQHandler                       0x080006dd   Thumb Code   316  stm32f1xx_hal_dma.o(i.HAL_DMA_IRQHandler)
    HAL_DMA_Init                             0x08000831   Thumb Code    92  stm32f1xx_hal_dma.o(i.HAL_DMA_Init)
    HAL_DMA_Start_IT                         0x08000895   Thumb Code   112  stm32f1xx_hal_dma.o(i.HAL_DMA_Start_IT)
    HAL_GPIO_Init                            0x08000905   Thumb Code   408  stm32f1xx_hal_gpio.o(i.HAL_GPIO_Init)
    HAL_GPIO_WritePin                        0x08000ac1   Thumb Code    10  stm32f1xx_hal_gpio.o(i.HAL_GPIO_WritePin)
    HAL_GetTick                              0x08000acd   Thumb Code     6  stm32f1xx_hal.o(i.HAL_GetTick)
    HAL_IWDG_Init                            0x08000ad9   Thumb Code    82  stm32f1xx_hal_iwdg.o(i.HAL_IWDG_Init)
    HAL_IWDG_Refresh                         0x08000b2b   Thumb Code    12  stm32f1xx_hal_iwdg.o(i.HAL_IWDG_Refresh)
    HAL_IncTick                              0x08000b39   Thumb Code    12  stm32f1xx_hal.o(i.HAL_IncTick)
    HAL_Init                                 0x08000b49   Thumb Code    32  stm32f1xx_hal.o(i.HAL_Init)
    HAL_InitTick                             0x08000b6d   Thumb Code    54  stm32f1xx_hal.o(i.HAL_InitTick)
    HAL_MspInit                              0x08000bad   Thumb Code   134  stm32f1xx_hal_msp.o(i.HAL_MspInit)
    HAL_NVIC_EnableIRQ                       0x08000c3d   Thumb Code    22  stm32f1xx_hal_cortex.o(i.HAL_NVIC_EnableIRQ)
    HAL_NVIC_SetPriority                     0x08000c55   Thumb Code    60  stm32f1xx_hal_cortex.o(i.HAL_NVIC_SetPriority)
    HAL_NVIC_SetPriorityGrouping             0x08000c95   Thumb Code    26  stm32f1xx_hal_cortex.o(i.HAL_NVIC_SetPriorityGrouping)
    HAL_RCC_ClockConfig                      0x08000cb9   Thumb Code   322  stm32f1xx_hal_rcc.o(i.HAL_RCC_ClockConfig)
    HAL_RCC_GetHCLKFreq                      0x08000e0d   Thumb Code     6  stm32f1xx_hal_rcc.o(i.HAL_RCC_GetHCLKFreq)
    HAL_RCC_GetPCLK1Freq                     0x08000e19   Thumb Code    20  stm32f1xx_hal_rcc.o(i.HAL_RCC_GetPCLK1Freq)
    HAL_RCC_GetPCLK2Freq                     0x08000e39   Thumb Code    20  stm32f1xx_hal_rcc.o(i.HAL_RCC_GetPCLK2Freq)
    HAL_RCC_GetSysClockFreq                  0x08000e59   Thumb Code    74  stm32f1xx_hal_rcc.o(i.HAL_RCC_GetSysClockFreq)
    HAL_RCC_OscConfig                        0x08000ec5   Thumb Code   750  stm32f1xx_hal_rcc.o(i.HAL_RCC_OscConfig)
    HAL_SYSTICK_CLKSourceConfig              0x080011c9   Thumb Code    24  stm32f1xx_hal_cortex.o(i.HAL_SYSTICK_CLKSourceConfig)
    HAL_SYSTICK_Config                       0x080011e1   Thumb Code    40  stm32f1xx_hal_cortex.o(i.HAL_SYSTICK_Config)
    HAL_UART_DMAStop                         0x08001209   Thumb Code    88  stm32f1xx_hal_uart.o(i.HAL_UART_DMAStop)
    HAL_UART_ErrorCallback                   0x08001261   Thumb Code    22  main.o(i.HAL_UART_ErrorCallback)
    HAL_UART_IRQHandler                      0x08001281   Thumb Code   266  stm32f1xx_hal_uart.o(i.HAL_UART_IRQHandler)
    HAL_UART_Init                            0x08001391   Thumb Code    98  stm32f1xx_hal_uart.o(i.HAL_UART_Init)
    HAL_UART_MspInit                         0x080013f5   Thumb Code   324  stm32f1xx_hal_msp.o(i.HAL_UART_MspInit)
    HAL_UART_Receive_DMA                     0x0800157d   Thumb Code   138  stm32f1xx_hal_uart.o(i.HAL_UART_Receive_DMA)
    HAL_UART_Receive_IT                      0x08001615   Thumb Code    82  stm32f1xx_hal_uart.o(i.HAL_UART_Receive_IT)
    HAL_UART_RxCpltCallback                  0x08001669   Thumb Code    16  main.o(i.HAL_UART_RxCpltCallback)
    HAL_UART_RxHalfCpltCallback              0x08001681   Thumb Code     2  stm32f1xx_hal_uart.o(i.HAL_UART_RxHalfCpltCallback)
    HAL_UART_Transmit                        0x08001683   Thumb Code   186  stm32f1xx_hal_uart.o(i.HAL_UART_Transmit)
    HAL_UART_Transmit_DMA                    0x0800173d   Thumb Code   114  stm32f1xx_hal_uart.o(i.HAL_UART_Transmit_DMA)
    HAL_UART_TxCpltCallback                  0x080017bd   Thumb Code     2  stm32f1xx_hal_uart.o(i.HAL_UART_TxCpltCallback)
    HAL_UART_TxHalfCpltCallback              0x080017bf   Thumb Code     2  stm32f1xx_hal_uart.o(i.HAL_UART_TxHalfCpltCallback)
    HardFault_Handler                        0x080017c1   Thumb Code     2  stm32f1xx_it.o(i.HardFault_Handler)
    MemManage_Handler                        0x080017c3   Thumb Code     2  stm32f1xx_it.o(i.MemManage_Handler)
    NMI_Handler                              0x080017c5   Thumb Code     2  stm32f1xx_it.o(i.NMI_Handler)
    SysTick_Handler                          0x080017e7   Thumb Code    14  stm32f1xx_it.o(i.SysTick_Handler)
    SystemClock_Config                       0x080017f5   Thumb Code    92  main.o(i.SystemClock_Config)
    SystemInit                               0x08001851   Thumb Code    56  system_stm32f1xx.o(i.SystemInit)
    USART1_IRQHandler                        0x08001c6d   Thumb Code     6  stm32f1xx_it.o(i.USART1_IRQHandler)
    USART3_IRQHandler                        0x08001c79   Thumb Code    28  stm32f1xx_it.o(i.USART3_IRQHandler)
    UsageFault_Handler                       0x08001c99   Thumb Code     2  stm32f1xx_it.o(i.UsageFault_Handler)
    UsartReceive_IDLE                        0x08001c9d   Thumb Code   160  stm32f1xx_hal_msp.o(i.UsartReceive_IDLE)
    _Error_Handler                           0x08001d7d   Thumb Code     2  main.o(i._Error_Handler)
    __0printf$5                              0x08001d81   Thumb Code    22  printf5.o(i.__0printf$5)
    __1printf$5                              0x08001d81   Thumb Code     0  printf5.o(i.__0printf$5)
    __2printf                                0x08001d81   Thumb Code     0  printf5.o(i.__0printf$5)
    __scatterload_copy                       0x08001da1   Thumb Code    14  handlers.o(i.__scatterload_copy)
    __scatterload_null                       0x08001daf   Thumb Code     2  handlers.o(i.__scatterload_null)
    __scatterload_zeroinit                   0x08001db1   Thumb Code    14  handlers.o(i.__scatterload_zeroinit)
    cur_value2str_in_out                     0x08002081   Thumb Code   154  main.o(i.cur_value2str_in_out)
    dma_send                                 0x08002121   Thumb Code    42  stm32f1xx_hal_msp.o(i.dma_send)
    fputc                                    0x08002155   Thumb Code    20  main.o(i.fputc)
    main                                     0x08002179   Thumb Code   454  main.o(i.main)
    net_sendcmd_noblock                      0x080023e1   Thumb Code    30  main.o(i.net_sendcmd_noblock)
    osDelay                                  0x0800240d   Thumb Code    14  cmsis_os.o(i.osDelay)
    osKernelStart                            0x0800241b   Thumb Code    10  cmsis_os.o(i.osKernelStart)
    osSemaphoreCreate                        0x08002425   Thumb Code    38  cmsis_os.o(i.osSemaphoreCreate)
    osSemaphoreRelease                       0x0800244d   Thumb Code    74  cmsis_os.o(i.osSemaphoreRelease)
    osSemaphoreWait                          0x0800249d   Thumb Code   100  cmsis_os.o(i.osSemaphoreWait)
    osSystickHandler                         0x08002505   Thumb Code    20  cmsis_os.o(i.osSystickHandler)
    osThreadCreate                           0x08002519   Thumb Code    46  cmsis_os.o(i.osThreadCreate)
    pvPortMalloc                             0x080029a1   Thumb Code   210  heap_4.o(i.pvPortMalloc)
    pvTaskIncrementMutexHeldCount            0x08002a79   Thumb Code    18  tasks.o(i.pvTaskIncrementMutexHeldCount)
    pwr_value2str_in_out                     0x08002a91   Thumb Code   154  main.o(i.pwr_value2str_in_out)
    pxPortInitialiseStack                    0x08002b31   Thumb Code    32  port.o(i.pxPortInitialiseStack)
    start_power_recv                         0x08002b55   Thumb Code   796  main.o(i.start_power_recv)
    start_sys_main                           0x08002ebd   Thumb Code   178  main.o(i.start_sys_main)
    start_wifi_recv                          0x08003035   Thumb Code   402  main.o(i.start_wifi_recv)
    uxListRemove                             0x08003225   Thumb Code    36  list.o(i.uxListRemove)
    vListInitialise                          0x08003249   Thumb Code    22  list.o(i.vListInitialise)
    vListInitialiseItem                      0x0800325f   Thumb Code     6  list.o(i.vListInitialiseItem)
    vListInsert                              0x08003265   Thumb Code    48  list.o(i.vListInsert)
    vListInsertEnd                           0x08003295   Thumb Code    24  list.o(i.vListInsertEnd)
    vPortEnterCritical                       0x080032ad   Thumb Code    54  port.o(i.vPortEnterCritical)
    vPortExitCritical                        0x080032ed   Thumb Code    34  port.o(i.vPortExitCritical)
    vPortFree                                0x08003315   Thumb Code    88  heap_4.o(i.vPortFree)
    vPortSetupTimerInterrupt                 0x08003371   Thumb Code    26  port.o(i.vPortSetupTimerInterrupt)
    vPortValidateInterruptPriority           0x08003391   Thumb Code    74  port.o(i.vPortValidateInterruptPriority)
    vTaskDelay                               0x080033e5   Thumb Code    66  tasks.o(i.vTaskDelay)
    vTaskMissedYield                         0x08003431   Thumb Code     8  tasks.o(i.vTaskMissedYield)
    vTaskPlaceOnEventList                    0x0800343d   Thumb Code    44  tasks.o(i.vTaskPlaceOnEventList)
    vTaskPriorityInherit                     0x0800346d   Thumb Code   124  tasks.o(i.vTaskPriorityInherit)
    vTaskSetTimeOutState                     0x080034f1   Thumb Code    30  tasks.o(i.vTaskSetTimeOutState)
    vTaskStartScheduler                      0x08003515   Thumb Code    86  tasks.o(i.vTaskStartScheduler)
    vTaskSuspendAll                          0x0800357d   Thumb Code    10  tasks.o(i.vTaskSuspendAll)
    vTaskSwitchContext                       0x0800358d   Thumb Code    82  tasks.o(i.vTaskSwitchContext)
    value2str_in_out                         0x080035e9   Thumb Code   154  main.o(i.value2str_in_out)
    xPortStartScheduler                      0x08003689   Thumb Code   102  port.o(i.xPortStartScheduler)
    xPortSysTickHandler                      0x080036fd   Thumb Code    38  port.o(i.xPortSysTickHandler)
    xQueueGenericCreate                      0x08003729   Thumb Code    72  queue.o(i.xQueueGenericCreate)
    xQueueGenericReceive                     0x08003771   Thumb Code   360  queue.o(i.xQueueGenericReceive)
    xQueueGenericReset                       0x080038dd   Thumb Code   132  queue.o(i.xQueueGenericReset)
    xQueueGenericSend                        0x08003965   Thumb Code   346  queue.o(i.xQueueGenericSend)
    xQueueGiveFromISR                        0x08003ac5   Thumb Code   156  queue.o(i.xQueueGiveFromISR)
    xQueueReceiveFromISR                     0x08003b61   Thumb Code   154  queue.o(i.xQueueReceiveFromISR)
    xTaskCheckForTimeOut                     0x08003bfd   Thumb Code   102  tasks.o(i.xTaskCheckForTimeOut)
    xTaskCreate                              0x08003c69   Thumb Code    86  tasks.o(i.xTaskCreate)
    xTaskGetSchedulerState                   0x08003cc1   Thumb Code    22  tasks.o(i.xTaskGetSchedulerState)
    xTaskIncrementTick                       0x08003cdd   Thumb Code   192  tasks.o(i.xTaskIncrementTick)
    xTaskPriorityDisinherit                  0x08003da5   Thumb Code   144  tasks.o(i.xTaskPriorityDisinherit)
    xTaskRemoveFromEventList                 0x08003e3d   Thumb Code   108  tasks.o(i.xTaskRemoveFromEventList)
    xTaskResumeAll                           0x08003eb1   Thumb Code   182  tasks.o(i.xTaskResumeAll)
    AHBPrescTable                            0x08003fb0   Data          16  system_stm32f1xx.o(.constdata)
    APBPrescTable                            0x08003fc0   Data           8  system_stm32f1xx.o(.constdata)
    Region$$Table$$Base                      0x0800404c   Number         0  anon$$obj.o(Region$$Table)
    Region$$Table$$Limit                     0x0800406c   Number         0  anon$$obj.o(Region$$Table)
    usart3_rx_flag                           0x20000000   Data           1  main.o(.data)
    usart1_rx_flag                           0x20000001   Data           1  main.o(.data)
    thousand_char                            0x20000003   Data           1  main.o(.data)
    hundred_char                             0x20000004   Data           1  main.o(.data)
    deci_char                                0x20000005   Data           1  main.o(.data)
    last_char                                0x20000006   Data           1  main.o(.data)
    net_state_machine                        0x20000008   Data           4  main.o(.data)
    rely_state                               0x2000000c   Data           4  main.o(.data)
    sys_main_taskHandle                      0x20000010   Data           4  main.o(.data)
    wifi_recv_taskHandle                     0x20000014   Data           4  main.o(.data)
    power_recv_taskHandle                    0x20000018   Data           4  main.o(.data)
    sys_main_can_send_wifiHandle             0x2000001c   Data           4  main.o(.data)
    voltage_par_value                        0x20000020   Data           4  main.o(.data)
    voltage_reg_value                        0x20000024   Data           4  main.o(.data)
    current_par_value                        0x20000028   Data           4  main.o(.data)
    current_reg_value                        0x2000002c   Data           4  main.o(.data)
    power_param_value                        0x20000030   Data           4  main.o(.data)
    power_reges_value                        0x20000034   Data           4  main.o(.data)
    voltage                                  0x20000038   Data           4  main.o(.data)
    voltage_int                              0x2000003c   Data           4  main.o(.data)
    current                                  0x20000040   Data           4  main.o(.data)
    current_int                              0x20000044   Data           4  main.o(.data)
    power                                    0x20000048   Data           4  main.o(.data)
    power_int                                0x2000004c   Data           4  main.o(.data)
    usart3_tx_len                            0x20000050   Data           2  main.o(.data)
    uwTickFreq                               0x20000054   Data           1  stm32f1xx_hal.o(.data)
    uwTickPrio                               0x20000058   Data           4  stm32f1xx_hal.o(.data)
    uwTick                                   0x2000005c   Data           4  stm32f1xx_hal.o(.data)
    SystemCoreClock                          0x20000060   Data           4  system_stm32f1xx.o(.data)
    pxCurrentTCB                             0x20000088   Data           4  tasks.o(.data)
    __stdout                                 0x200000c4   Data           4  stdout.o(.data)
    hiwdg                                    0x200000c8   Data          12  main.o(.bss)
    huart1                                   0x200000d4   Data          64  main.o(.bss)
    huart2                                   0x20000114   Data          64  main.o(.bss)
    huart3                                   0x20000154   Data          64  main.o(.bss)
    usart3_rx_buffer                         0x20000194   Data         128  main.o(.bss)
    usart3_tx_buffer                         0x20000214   Data         128  main.o(.bss)
    usart1_rx_buffer                         0x20000294   Data          48  main.o(.bss)
    value2str_vol_cur                        0x200002c4   Data          20  main.o(.bss)
    value2str_vol                            0x200002d8   Data          11  main.o(.bss)
    value2str_cur                            0x200002e3   Data          11  main.o(.bss)
    value2str_pwr                            0x200002ee   Data          11  main.o(.bss)
    relay_state                              0x200002f9   Data          11  main.o(.bss)
    hdma_usart1_rx                           0x20000304   Data          68  main.o(.bss)
    hdma_usart3_rx                           0x20000348   Data          68  main.o(.bss)
    hdma_usart3_tx                           0x2000038c   Data          68  main.o(.bss)
    __initial_sp                             0x200014c0   Data           0  startup_stm32f103xb.o(STACK)



==============================================================================

Memory Map of the image

  Image Entry point : 0x080000ed

  Load Region LR_IROM1 (Base: 0x08000000, Size: 0x00004134, Max: 0x00010000, ABSOLUTE)

    Execution Region ER_IROM1 (Exec base: 0x08000000, Load base: 0x08000000, Size: 0x0000406c, Max: 0x00010000, ABSOLUTE)

    Exec Addr    Load Addr    Size         Type   Attr      Idx    E Section Name        Object

    0x08000000   0x08000000   0x000000ec   Data   RO            3    RESET               startup_stm32f103xb.o
    0x080000ec   0x080000ec   0x00000000   Code   RO         2845  * .ARM.Collect$$$$00000000  mc_w.l(entry.o)
    0x080000ec   0x080000ec   0x00000004   Code   RO         3131    .ARM.Collect$$$$00000001  mc_w.l(entry2.o)
    0x080000f0   0x080000f0   0x00000004   Code   RO         3134    .ARM.Collect$$$$00000004  mc_w.l(entry5.o)
    0x080000f4   0x080000f4   0x00000000   Code   RO         3136    .ARM.Collect$$$$00000008  mc_w.l(entry7b.o)
    0x080000f4   0x080000f4   0x00000000   Code   RO         3138    .ARM.Collect$$$$0000000A  mc_w.l(entry8b.o)
    0x080000f4   0x080000f4   0x00000008   Code   RO         3139    .ARM.Collect$$$$0000000B  mc_w.l(entry9a.o)
    0x080000fc   0x080000fc   0x00000000   Code   RO         3141    .ARM.Collect$$$$0000000D  mc_w.l(entry10a.o)
    0x080000fc   0x080000fc   0x00000000   Code   RO         3143    .ARM.Collect$$$$0000000F  mc_w.l(entry11a.o)
    0x080000fc   0x080000fc   0x00000004   Code   RO         3132    .ARM.Collect$$$$00002712  mc_w.l(entry2.o)
    0x08000100   0x08000100   0x00000096   Code   RO         1840    .emb_text           port.o
    0x08000196   0x08000196   0x00000002   PAD
    0x08000198   0x08000198   0x00000024   Code   RO            4    .text               startup_stm32f103xb.o
    0x080001bc   0x080001bc   0x00000020   Code   RO         2848    .text               mc_w.l(llushr.o)
    0x080001dc   0x080001dc   0x00000024   Code   RO         2850    .text               mc_w.l(memcpya.o)
    0x08000200   0x08000200   0x00000024   Code   RO         2852    .text               mc_w.l(memseta.o)
    0x08000224   0x08000224   0x00000024   Code   RO         2854    .text               mc_w.l(strstr.o)
    0x08000248   0x08000248   0x0000000e   Code   RO         2856    .text               mc_w.l(strlen.o)
    0x08000256   0x08000256   0x000000e4   Code   RO         3121    .text               mf_w.l(dmul.o)
    0x0800033a   0x0800033a   0x0000002e   Code   RO         3123    .text               mf_w.l(dscalb.o)
    0x08000368   0x08000368   0x0000001a   Code   RO         3125    .text               mf_w.l(dfltui.o)
    0x08000382   0x08000382   0x00000032   Code   RO         3127    .text               mf_w.l(ffixi.o)
    0x080003b4   0x080003b4   0x00000038   Code   RO         3129    .text               mf_w.l(d2f.o)
    0x080003ec   0x080003ec   0x00000062   Code   RO         3148    .text               mc_w.l(uldiv.o)
    0x0800044e   0x0800044e   0x00000000   Code   RO         3150    .text               mc_w.l(iusefp.o)
    0x0800044e   0x0800044e   0x0000006e   Code   RO         3151    .text               mf_w.l(fepilogue.o)
    0x080004bc   0x080004bc   0x000000ba   Code   RO         3153    .text               mf_w.l(depilogue.o)
    0x08000576   0x08000576   0x00000002   PAD
    0x08000578   0x08000578   0x00000024   Code   RO         3163    .text               mc_w.l(init.o)
    0x0800059c   0x0800059c   0x0000001e   Code   RO         3165    .text               mc_w.l(llshl.o)
    0x080005ba   0x080005ba   0x00000002   Code   RO          266    i.BusFault_Handler  stm32f1xx_it.o
    0x080005bc   0x080005bc   0x0000000c   Code   RO          267    i.DMA1_Channel2_IRQHandler  stm32f1xx_it.o
    0x080005c8   0x080005c8   0x0000000c   Code   RO          268    i.DMA1_Channel3_IRQHandler  stm32f1xx_it.o
    0x080005d4   0x080005d4   0x0000000c   Code   RO          269    i.DMA1_Channel5_IRQHandler  stm32f1xx_it.o
    0x080005e0   0x080005e0   0x0000002a   Code   RO         1210    i.DMA_SetConfig     stm32f1xx_hal_dma.o
    0x0800060a   0x0800060a   0x00000002   Code   RO          270    i.DebugMon_Handler  stm32f1xx_it.o
    0x0800060c   0x0800060c   0x00000030   Code   RO         1211    i.HAL_DMA_Abort     stm32f1xx_hal_dma.o
    0x0800063c   0x0800063c   0x00000098   Code   RO         1212    i.HAL_DMA_Abort_IT  stm32f1xx_hal_dma.o
    0x080006d4   0x080006d4   0x00000006   Code   RO         1215    i.HAL_DMA_GetState  stm32f1xx_hal_dma.o
    0x080006da   0x080006da   0x00000002   PAD
    0x080006dc   0x080006dc   0x00000154   Code   RO         1216    i.HAL_DMA_IRQHandler  stm32f1xx_hal_dma.o
    0x08000830   0x08000830   0x00000064   Code   RO         1217    i.HAL_DMA_Init      stm32f1xx_hal_dma.o
    0x08000894   0x08000894   0x00000070   Code   RO         1221    i.HAL_DMA_Start_IT  stm32f1xx_hal_dma.o
    0x08000904   0x08000904   0x000001bc   Code   RO         1147    i.HAL_GPIO_Init     stm32f1xx_hal_gpio.o
    0x08000ac0   0x08000ac0   0x0000000a   Code   RO         1151    i.HAL_GPIO_WritePin  stm32f1xx_hal_gpio.o
    0x08000aca   0x08000aca   0x00000002   PAD
    0x08000acc   0x08000acc   0x0000000c   Code   RO          858    i.HAL_GetTick       stm32f1xx_hal.o
    0x08000ad8   0x08000ad8   0x00000052   Code   RO          455    i.HAL_IWDG_Init     stm32f1xx_hal_iwdg.o
    0x08000b2a   0x08000b2a   0x0000000c   Code   RO          456    i.HAL_IWDG_Refresh  stm32f1xx_hal_iwdg.o
    0x08000b36   0x08000b36   0x00000002   PAD
    0x08000b38   0x08000b38   0x00000010   Code   RO          862    i.HAL_IncTick       stm32f1xx_hal.o
    0x08000b48   0x08000b48   0x00000024   Code   RO          863    i.HAL_Init          stm32f1xx_hal.o
    0x08000b6c   0x08000b6c   0x00000040   Code   RO          864    i.HAL_InitTick      stm32f1xx_hal.o
    0x08000bac   0x08000bac   0x00000090   Code   RO          360    i.HAL_MspInit       stm32f1xx_hal_msp.o
    0x08000c3c   0x08000c3c   0x00000016   Code   RO         1307    i.HAL_NVIC_EnableIRQ  stm32f1xx_hal_cortex.o
    0x08000c52   0x08000c52   0x00000002   PAD
    0x08000c54   0x08000c54   0x00000040   Code   RO         1313    i.HAL_NVIC_SetPriority  stm32f1xx_hal_cortex.o
    0x08000c94   0x08000c94   0x00000024   Code   RO         1314    i.HAL_NVIC_SetPriorityGrouping  stm32f1xx_hal_cortex.o
    0x08000cb8   0x08000cb8   0x00000154   Code   RO         1007    i.HAL_RCC_ClockConfig  stm32f1xx_hal_rcc.o
    0x08000e0c   0x08000e0c   0x0000000c   Code   RO         1012    i.HAL_RCC_GetHCLKFreq  stm32f1xx_hal_rcc.o
    0x08000e18   0x08000e18   0x00000020   Code   RO         1014    i.HAL_RCC_GetPCLK1Freq  stm32f1xx_hal_rcc.o
    0x08000e38   0x08000e38   0x00000020   Code   RO         1015    i.HAL_RCC_GetPCLK2Freq  stm32f1xx_hal_rcc.o
    0x08000e58   0x08000e58   0x0000006c   Code   RO         1016    i.HAL_RCC_GetSysClockFreq  stm32f1xx_hal_rcc.o
    0x08000ec4   0x08000ec4   0x00000304   Code   RO         1019    i.HAL_RCC_OscConfig  stm32f1xx_hal_rcc.o
    0x080011c8   0x080011c8   0x00000018   Code   RO         1316    i.HAL_SYSTICK_CLKSourceConfig  stm32f1xx_hal_cortex.o
    0x080011e0   0x080011e0   0x00000028   Code   RO         1318    i.HAL_SYSTICK_Config  stm32f1xx_hal_cortex.o
    0x08001208   0x08001208   0x00000058   Code   RO          540    i.HAL_UART_DMAStop  stm32f1xx_hal_uart.o
    0x08001260   0x08001260   0x00000020   Code   RO           13    i.HAL_UART_ErrorCallback  main.o
    0x08001280   0x08001280   0x00000110   Code   RO          545    i.HAL_UART_IRQHandler  stm32f1xx_hal_uart.o
    0x08001390   0x08001390   0x00000062   Code   RO          546    i.HAL_UART_Init     stm32f1xx_hal_uart.o
    0x080013f2   0x080013f2   0x00000002   PAD
    0x080013f4   0x080013f4   0x00000188   Code   RO          362    i.HAL_UART_MspInit  stm32f1xx_hal_msp.o
    0x0800157c   0x0800157c   0x00000098   Code   RO          550    i.HAL_UART_Receive_DMA  stm32f1xx_hal_uart.o
    0x08001614   0x08001614   0x00000052   Code   RO          551    i.HAL_UART_Receive_IT  stm32f1xx_hal_uart.o
    0x08001666   0x08001666   0x00000002   PAD
    0x08001668   0x08001668   0x00000018   Code   RO           14    i.HAL_UART_RxCpltCallback  main.o
    0x08001680   0x08001680   0x00000002   Code   RO          553    i.HAL_UART_RxHalfCpltCallback  stm32f1xx_hal_uart.o
    0x08001682   0x08001682   0x000000ba   Code   RO          554    i.HAL_UART_Transmit  stm32f1xx_hal_uart.o
    0x0800173c   0x0800173c   0x00000080   Code   RO          555    i.HAL_UART_Transmit_DMA  stm32f1xx_hal_uart.o
    0x080017bc   0x080017bc   0x00000002   Code   RO          557    i.HAL_UART_TxCpltCallback  stm32f1xx_hal_uart.o
    0x080017be   0x080017be   0x00000002   Code   RO          558    i.HAL_UART_TxHalfCpltCallback  stm32f1xx_hal_uart.o
    0x080017c0   0x080017c0   0x00000002   Code   RO          271    i.HardFault_Handler  stm32f1xx_it.o
    0x080017c2   0x080017c2   0x00000002   Code   RO          272    i.MemManage_Handler  stm32f1xx_it.o
    0x080017c4   0x080017c4   0x00000002   Code   RO          273    i.NMI_Handler       stm32f1xx_it.o
    0x080017c6   0x080017c6   0x00000020   Code   RO         1320    i.NVIC_SetPriority  stm32f1xx_hal_cortex.o
    0x080017e6   0x080017e6   0x0000000e   Code   RO          274    i.SysTick_Handler   stm32f1xx_it.o
    0x080017f4   0x080017f4   0x0000005c   Code   RO           15    i.SystemClock_Config  main.o
    0x08001850   0x08001850   0x00000048   Code   RO         1736    i.SystemInit        system_stm32f1xx.o
    0x08001898   0x08001898   0x00000010   Code   RO          559    i.UART_DMAAbortOnError  stm32f1xx_hal_uart.o
    0x080018a8   0x080018a8   0x0000004a   Code   RO          560    i.UART_DMAError     stm32f1xx_hal_uart.o
    0x080018f2   0x080018f2   0x0000003c   Code   RO          561    i.UART_DMAReceiveCplt  stm32f1xx_hal_uart.o
    0x0800192e   0x0800192e   0x0000000a   Code   RO          563    i.UART_DMARxHalfCplt  stm32f1xx_hal_uart.o
    0x08001938   0x08001938   0x0000002e   Code   RO          565    i.UART_DMATransmitCplt  stm32f1xx_hal_uart.o
    0x08001966   0x08001966   0x0000000a   Code   RO          567    i.UART_DMATxHalfCplt  stm32f1xx_hal_uart.o
    0x08001970   0x08001970   0x0000001c   Code   RO          569    i.UART_EndRxTransfer  stm32f1xx_hal_uart.o
    0x0800198c   0x0800198c   0x00000012   Code   RO          570    i.UART_EndTxTransfer  stm32f1xx_hal_uart.o
    0x0800199e   0x0800199e   0x00000096   Code   RO          571    i.UART_Receive_IT   stm32f1xx_hal_uart.o
    0x08001a34   0x08001a34   0x00000170   Code   RO          572    i.UART_SetConfig    stm32f1xx_hal_uart.o
    0x08001ba4   0x08001ba4   0x00000062   Code   RO          573    i.UART_Transmit_IT  stm32f1xx_hal_uart.o
    0x08001c06   0x08001c06   0x00000064   Code   RO          574    i.UART_WaitOnFlagUntilTimeout  stm32f1xx_hal_uart.o
    0x08001c6a   0x08001c6a   0x00000002   PAD
    0x08001c6c   0x08001c6c   0x0000000c   Code   RO          275    i.USART1_IRQHandler  stm32f1xx_it.o
    0x08001c78   0x08001c78   0x00000020   Code   RO          276    i.USART3_IRQHandler  stm32f1xx_it.o
    0x08001c98   0x08001c98   0x00000002   Code   RO          277    i.UsageFault_Handler  stm32f1xx_it.o
    0x08001c9a   0x08001c9a   0x00000002   PAD
    0x08001c9c   0x08001c9c   0x000000e0   Code   RO          363    i.UsartReceive_IDLE  stm32f1xx_hal_msp.o
    0x08001d7c   0x08001d7c   0x00000002   Code   RO           16    i._Error_Handler    main.o
    0x08001d7e   0x08001d7e   0x00000002   PAD
    0x08001d80   0x08001d80   0x00000020   Code   RO         2993    i.__0printf$5       mc_w.l(printf5.o)
    0x08001da0   0x08001da0   0x0000000e   Code   RO         3171    i.__scatterload_copy  mc_w.l(handlers.o)
    0x08001dae   0x08001dae   0x00000002   Code   RO         3172    i.__scatterload_null  mc_w.l(handlers.o)
    0x08001db0   0x08001db0   0x0000000e   Code   RO         3173    i.__scatterload_zeroinit  mc_w.l(handlers.o)
    0x08001dbe   0x08001dbe   0x00000002   PAD
    0x08001dc0   0x08001dc0   0x000002c0   Code   RO         3000    i._printf_core      mc_w.l(printf5.o)
    0x08002080   0x08002080   0x000000a0   Code   RO           17    i.cur_value2str_in_out  main.o
    0x08002120   0x08002120   0x00000034   Code   RO          364    i.dma_send          stm32f1xx_hal_msp.o
    0x08002154   0x08002154   0x00000018   Code   RO           18    i.fputc             main.o
    0x0800216c   0x0800216c   0x0000000c   Code   RO         2470    i.inHandlerMode     cmsis_os.o
    0x08002178   0x08002178   0x0000025c   Code   RO           20    i.main              main.o
    0x080023d4   0x080023d4   0x0000000c   Code   RO         2472    i.makeFreeRtosPriority  cmsis_os.o
    0x080023e0   0x080023e0   0x0000002c   Code   RO           21    i.net_sendcmd_noblock  main.o
    0x0800240c   0x0800240c   0x0000000e   Code   RO         2474    i.osDelay           cmsis_os.o
    0x0800241a   0x0800241a   0x0000000a   Code   RO         2477    i.osKernelStart     cmsis_os.o
    0x08002424   0x08002424   0x00000026   Code   RO         2503    i.osSemaphoreCreate  cmsis_os.o
    0x0800244a   0x0800244a   0x00000002   PAD
    0x0800244c   0x0800244c   0x00000050   Code   RO         2506    i.osSemaphoreRelease  cmsis_os.o
    0x0800249c   0x0800249c   0x00000068   Code   RO         2507    i.osSemaphoreWait   cmsis_os.o
    0x08002504   0x08002504   0x00000014   Code   RO         2510    i.osSystickHandler  cmsis_os.o
    0x08002518   0x08002518   0x0000002e   Code   RO         2511    i.osThreadCreate    cmsis_os.o
    0x08002546   0x08002546   0x00000002   PAD
    0x08002548   0x08002548   0x00000070   Code   RO         2183    i.prvAddCurrentTaskToDelayedList  tasks.o
    0x080025b8   0x080025b8   0x000000d0   Code   RO         2184    i.prvAddNewTaskToReadyList  tasks.o
    0x08002688   0x08002688   0x00000050   Code   RO         2185    i.prvCheckTasksWaitingTermination  tasks.o
    0x080026d8   0x080026d8   0x00000026   Code   RO         2043    i.prvCopyDataFromQueue  queue.o
    0x080026fe   0x080026fe   0x0000006c   Code   RO         2044    i.prvCopyDataToQueue  queue.o
    0x0800276a   0x0800276a   0x00000014   Code   RO         2186    i.prvDeleteTCB      tasks.o
    0x0800277e   0x0800277e   0x00000002   PAD
    0x08002780   0x08002780   0x0000004c   Code   RO         1770    i.prvHeapInit       heap_4.o
    0x080027cc   0x080027cc   0x00000028   Code   RO         2187    i.prvIdleTask       tasks.o
    0x080027f4   0x080027f4   0x0000008e   Code   RO         2188    i.prvInitialiseNewTask  tasks.o
    0x08002882   0x08002882   0x00000002   PAD
    0x08002884   0x08002884   0x0000004c   Code   RO         1771    i.prvInsertBlockIntoFreeList  heap_4.o
    0x080028d0   0x080028d0   0x0000001c   Code   RO         2045    i.prvIsQueueEmpty   queue.o
    0x080028ec   0x080028ec   0x00000020   Code   RO         2189    i.prvResetNextTaskUnblockTime  tasks.o
    0x0800290c   0x0800290c   0x00000028   Code   RO         1841    i.prvTaskExitError  port.o
    0x08002934   0x08002934   0x0000006a   Code   RO         2046    i.prvUnlockQueue    queue.o
    0x0800299e   0x0800299e   0x00000002   PAD
    0x080029a0   0x080029a0   0x000000d8   Code   RO         1772    i.pvPortMalloc      heap_4.o
    0x08002a78   0x08002a78   0x00000018   Code   RO         2191    i.pvTaskIncrementMutexHeldCount  tasks.o
    0x08002a90   0x08002a90   0x000000a0   Code   RO           22    i.pwr_value2str_in_out  main.o
    0x08002b30   0x08002b30   0x00000024   Code   RO         1842    i.pxPortInitialiseStack  port.o
    0x08002b54   0x08002b54   0x00000368   Code   RO           23    i.start_power_recv  main.o
    0x08002ebc   0x08002ebc   0x00000178   Code   RO           24    i.start_sys_main    main.o
    0x08003034   0x08003034   0x000001f0   Code   RO           25    i.start_wifi_recv   main.o
    0x08003224   0x08003224   0x00000024   Code   RO         2006    i.uxListRemove      list.o
    0x08003248   0x08003248   0x00000016   Code   RO         2007    i.vListInitialise   list.o
    0x0800325e   0x0800325e   0x00000006   Code   RO         2008    i.vListInitialiseItem  list.o
    0x08003264   0x08003264   0x00000030   Code   RO         2009    i.vListInsert       list.o
    0x08003294   0x08003294   0x00000018   Code   RO         2010    i.vListInsertEnd    list.o
    0x080032ac   0x080032ac   0x00000040   Code   RO         1844    i.vPortEnterCritical  port.o
    0x080032ec   0x080032ec   0x00000028   Code   RO         1845    i.vPortExitCritical  port.o
    0x08003314   0x08003314   0x0000005c   Code   RO         1773    i.vPortFree         heap_4.o
    0x08003370   0x08003370   0x00000020   Code   RO         1846    i.vPortSetupTimerInterrupt  port.o
    0x08003390   0x08003390   0x00000054   Code   RO         1847    i.vPortValidateInterruptPriority  port.o
    0x080033e4   0x080033e4   0x0000004c   Code   RO         2197    i.vTaskDelay        tasks.o
    0x08003430   0x08003430   0x0000000c   Code   RO         2200    i.vTaskMissedYield  tasks.o
    0x0800343c   0x0800343c   0x00000030   Code   RO         2202    i.vTaskPlaceOnEventList  tasks.o
    0x0800346c   0x0800346c   0x00000084   Code   RO         2204    i.vTaskPriorityInherit  tasks.o
    0x080034f0   0x080034f0   0x00000024   Code   RO         2207    i.vTaskSetTimeOutState  tasks.o
    0x08003514   0x08003514   0x00000068   Code   RO         2208    i.vTaskStartScheduler  tasks.o
    0x0800357c   0x0800357c   0x00000010   Code   RO         2210    i.vTaskSuspendAll   tasks.o
    0x0800358c   0x0800358c   0x0000005c   Code   RO         2211    i.vTaskSwitchContext  tasks.o
    0x080035e8   0x080035e8   0x000000a0   Code   RO           26    i.value2str_in_out  main.o
    0x08003688   0x08003688   0x00000074   Code   RO         1848    i.xPortStartScheduler  port.o
    0x080036fc   0x080036fc   0x0000002c   Code   RO         1849    i.xPortSysTickHandler  port.o
    0x08003728   0x08003728   0x00000048   Code   RO         2054    i.xQueueGenericCreate  queue.o
    0x08003770   0x08003770   0x0000016c   Code   RO         2055    i.xQueueGenericReceive  queue.o
    0x080038dc   0x080038dc   0x00000088   Code   RO         2056    i.xQueueGenericReset  queue.o
    0x08003964   0x08003964   0x00000160   Code   RO         2057    i.xQueueGenericSend  queue.o
    0x08003ac4   0x08003ac4   0x0000009c   Code   RO         2059    i.xQueueGiveFromISR  queue.o
    0x08003b60   0x08003b60   0x0000009a   Code   RO         2063    i.xQueueReceiveFromISR  queue.o
    0x08003bfa   0x08003bfa   0x00000002   PAD
    0x08003bfc   0x08003bfc   0x0000006c   Code   RO         2212    i.xTaskCheckForTimeOut  tasks.o
    0x08003c68   0x08003c68   0x00000056   Code   RO         2213    i.xTaskCreate       tasks.o
    0x08003cbe   0x08003cbe   0x00000002   PAD
    0x08003cc0   0x08003cc0   0x0000001c   Code   RO         2217    i.xTaskGetSchedulerState  tasks.o
    0x08003cdc   0x08003cdc   0x000000c8   Code   RO         2220    i.xTaskIncrementTick  tasks.o
    0x08003da4   0x08003da4   0x00000098   Code   RO         2223    i.xTaskPriorityDisinherit  tasks.o
    0x08003e3c   0x08003e3c   0x00000074   Code   RO         2224    i.xTaskRemoveFromEventList  tasks.o
    0x08003eb0   0x08003eb0   0x000000c4   Code   RO         2226    i.xTaskResumeAll    tasks.o
    0x08003f74   0x08003f74   0x0000003c   Data   RO           32    .constdata          main.o
    0x08003fb0   0x08003fb0   0x00000010   Data   RO         1737    .constdata          system_stm32f1xx.o
    0x08003fc0   0x08003fc0   0x00000008   Data   RO         1738    .constdata          system_stm32f1xx.o
    0x08003fc8   0x08003fc8   0x00000084   Data   RO           33    .conststring        main.o
    0x0800404c   0x0800404c   0x00000020   Data   RO         3169    Region$$Table       anon$$obj.o


    Execution Region RW_IRAM1 (Exec base: 0x20000000, Load base: 0x0800406c, Size: 0x000014c0, Max: 0x00005000, ABSOLUTE)

    Exec Addr    Load Addr    Size         Type   Attr      Idx    E Section Name        Object

    0x20000000   0x0800406c   0x00000050   Data   RW           34    .data               main.o
    0x20000050   0x080040bc   0x00000002   Data   RW           35    .data               main.o
    0x20000052   0x080040be   0x00000002   PAD
    0x20000054   0x080040c0   0x0000000c   Data   RW          870    .data               stm32f1xx_hal.o
    0x20000060   0x080040cc   0x00000004   Data   RW         1739    .data               system_stm32f1xx.o
    0x20000064   0x080040d0   0x00000018   Data   RW         1778    .data               heap_4.o
    0x2000007c   0x080040e8   0x0000000c   Data   RW         1850    .data               port.o
    0x20000088   0x080040f4   0x0000003c   Data   RW         2229    .data               tasks.o
    0x200000c4   0x08004130   0x00000004   Data   RW         3145    .data               mc_w.l(stdout.o)
    0x200000c8        -       0x0000023c   Zero   RW           27    .bss                main.o
    0x20000304        -       0x00000044   Zero   RW           28    .bss                main.o
    0x20000348        -       0x00000044   Zero   RW           29    .bss                main.o
    0x2000038c        -       0x00000044   Zero   RW           30    .bss                main.o
    0x200003d0        -       0x00000c00   Zero   RW         1777    .bss                heap_4.o
    0x20000fd0        -       0x000000f0   Zero   RW         2228    .bss                tasks.o
    0x200010c0        -       0x00000400   Zero   RW            1    STACK               startup_stm32f103xb.o


==============================================================================

Image component sizes


      Code (inc. data)   RO Data    RW Data    ZI Data      Debug   Object Name

       336         10          0          0          0      17627   cmsis_os.o
         0          0          0          0          0       8100   event_groups.o
       460         24          0         24       3072       8731   heap_4.o
       136          0          0          0          0       3402   list.o
      3046        572        192         82        776     441315   main.o
       606         72          0         12          0      11061   port.o
      1514         14          0          0          0      13317   queue.o
        36          8        236          0       1024        832   startup_stm32f103xb.o
       128         24          0         12          0       3253   stm32f1xx_hal.o
       218         14          0          0          0      26365   stm32f1xx_hal_cortex.o
       800         36          0          0          0       5477   stm32f1xx_hal_dma.o
       454         36          0          0          0       2884   stm32f1xx_hal_gpio.o
        94          0          0          0          0       1707   stm32f1xx_hal_iwdg.o
       812        152          0          0          0       3915   stm32f1xx_hal_msp.o
      1296        104          0          0          0       5656   stm32f1xx_hal_rcc.o
      1990         38          0          0          0      15612   stm32f1xx_hal_uart.o
       106         28          0          0          0       5260   stm32f1xx_it.o
        72         16         24          4          0       1163   system_stm32f1xx.o
      2060        172          0         60        240      21689   tasks.o

    ----------------------------------------------------------------------
     14198       1320        484        196       5112     597366   Object Totals
         0          0         32          0          0          0   (incl. Generated)
        34          0          0          2          0          0   (incl. Padding)

    ----------------------------------------------------------------------

      Code (inc. data)   RO Data    RW Data    ZI Data      Debug   Library Member Name

         0          0          0          0          0          0   entry.o
         0          0          0          0          0          0   entry10a.o
         0          0          0          0          0          0   entry11a.o
         8          4          0          0          0          0   entry2.o
         4          0          0          0          0          0   entry5.o
         0          0          0          0          0          0   entry7b.o
         0          0          0          0          0          0   entry8b.o
         8          4          0          0          0          0   entry9a.o
        30          0          0          0          0          0   handlers.o
        36          8          0          0          0         68   init.o
         0          0          0          0          0          0   iusefp.o
        30          0          0          0          0         68   llshl.o
        32          0          0          0          0         68   llushr.o
        36          0          0          0          0         68   memcpya.o
        36          0          0          0          0        108   memseta.o
       736         56          0          0          0        184   printf5.o
         0          0          0          4          0          0   stdout.o
        14          0          0          0          0         68   strlen.o
        36          0          0          0          0         80   strstr.o
        98          0          0          0          0         92   uldiv.o
        56          0          0          0          0         88   d2f.o
       186          0          0          0          0        176   depilogue.o
        26          0          0          0          0         76   dfltui.o
       228          0          0          0          0         96   dmul.o
        46          0          0          0          0         80   dscalb.o
       110          0          0          0          0        168   fepilogue.o
        50          0          0          0          0         68   ffixi.o

    ----------------------------------------------------------------------
      1810         72          0          4          0       1556   Library Totals
         4          0          0          0          0          0   (incl. Padding)

    ----------------------------------------------------------------------

      Code (inc. data)   RO Data    RW Data    ZI Data      Debug   Library Name

      1104         72          0          4          0        804   mc_w.l
       702          0          0          0          0        752   mf_w.l

    ----------------------------------------------------------------------
      1810         72          0          4          0       1556   Library Totals

    ----------------------------------------------------------------------

==============================================================================


      Code (inc. data)   RO Data    RW Data    ZI Data      Debug   

     16008       1392        484        200       5112     591222   Grand Totals
     16008       1392        484        200       5112     591222   ELF Image Totals
     16008       1392        484        200          0          0   ROM Totals

==============================================================================

    Total RO  Size (Code + RO Data)                16492 (  16.11kB)
    Total RW  Size (RW Data + ZI Data)              5312 (   5.19kB)
    Total ROM Size (Code + RO Data + RW Data)      16692 (  16.30kB)

==============================================================================

