<html>
<body>
<pre>
<h1>µVision Build Log</h1>
<h2>Tool Versions:</h2>
IDE-Version: ¦ÌVision V5.24.2.0
Copyright (C) 2017 ARM Ltd and ARM Germany GmbH. All rights reserved.
License Information: dav AutoBVT, Microsoft, LIC=W96AR-KWC6F-05WTY-I5TNG-7FG8R-9GIXH
 
Tool Versions:
Toolchain:       MDK-ARM Professional  Version: 5.24.1
Toolchain Path:  C:\Keil_v5\ARM\ARMCC\Bin
C Compiler:      Armcc.exe V5.06 update 5 (build 528)
Assembler:       Armasm.exe V5.06 update 5 (build 528)
Linker/Locator:  ArmLink.exe V5.06 update 5 (build 528)
Library Manager: ArmAr.exe V5.06 update 5 (build 528)
Hex Converter:   FromElf.exe V5.06 update 5 (build 528)
CPU DLL:         SARMCM3.DLL V5.24.1
Dialog DLL:      DCM.DLL V1.16.0.0
Target DLL:      STLink\ST-LINKIII-KEIL_SWO.dll V3.0.1.0
Dialog DLL:      TCM.DLL V1.32.0.0
 
<h2>Project:</h2>
D:\smartplug_firmware_stm32_hlw8012\powerplug_hlw8032\MDK-ARM\powerplug.uvprojx
Project File Date:  10/15/2018

<h2>Output:</h2>
*** Using Compiler 'V5.06 update 5 (build 528)', folder: 'C:\Keil_v5\ARM\ARMCC\Bin'
Rebuild target 'powerplug'
assembling startup_stm32f103xb.s...
compiling freertos.c...
compiling main.c...
../Src/main.c(136): warning:  #223-D: function "dma_send" declared implicitly
    dma_send((unsigned char *)cmd, strlen((const char *)cmd));
../Src/main.c(136): warning:  #223-D: function "strlen" declared implicitly
    dma_send((unsigned char *)cmd, strlen((const char *)cmd));
../Src/main.c(138): warning:  #940-D: missing return statement at end of non-void function "net_sendcmd_noblock" 
  }
../Src/main.c(142): warning:  #69-D: integer conversion resulted in truncation
    unsigned char timeOut = 300;
../Src/main.c(145): warning:  #223-D: function "dma_send" declared implicitly
    dma_send((unsigned char *)cmd, strlen((const char *)cmd));
../Src/main.c(145): warning:  #223-D: function "strlen" declared implicitly
    dma_send((unsigned char *)cmd, strlen((const char *)cmd));
../Src/main.c(154): warning:  #223-D: function "memset" declared implicitly
        memset(usart3_tx_buffer, 0x00, 128);
../Src/main.c(156): warning:  #223-D: function "strstr" declared implicitly
      if (strstr(usart3_tx_buffer, "ERROR") != NULL)
../Src/main.c(159): warning:  #69-D: integer conversion resulted in truncation
        timeOut = 300;
../Src/main.c(161): warning:  #223-D: function "strstr" declared implicitly
      if (strstr(usart3_tx_buffer, res) != NULL)
../Src/main.c(422): warning:  #223-D: function "dma_send" declared implicitly
      dma_send(value2str, 11);
../Src/main.c(433): warning:  #223-D: function "memcpy" declared implicitly
      memcpy(value2str, "cur", 3);
../Src/main.c(478): warning:  #223-D: function "memset" declared implicitly
        memset(usart1_tx_buffer, 0x00, 48);
../Src/main.c(705): warning:  #223-D: function "memset" declared implicitly
          memset(usart3_tx_buffer, 0x00, 128);
../Src/main.c(713): warning:  #223-D: function "memset" declared implicitly
          memset(usart3_tx_buffer, 0x00, 128);
../Src/main.c: 15 warnings, 0 errors
compiling stm32f1xx_hal_msp.c...
../Src/stm32f1xx_hal_msp.c(351): warning:  #167-D: argument of type "char *" is incompatible with parameter of type "unsigned char *"
    dma_send(ptr, len1);
../Src/stm32f1xx_hal_msp.c: 1 warning, 0 errors
compiling stm32f1xx_hal_gpio_ex.c...
compiling stm32f1xx_it.c...
compiling stm32f1xx_hal_tim.c...
compiling stm32f1xx_hal_tim_ex.c...
compiling stm32f1xx_hal_uart.c...
compiling stm32f1xx_hal.c...
compiling stm32f1xx_hal_rcc.c...
compiling stm32f1xx_hal_rcc_ex.c...
compiling stm32f1xx_hal_dma.c...
compiling stm32f1xx_hal_cortex.c...
compiling stm32f1xx_hal_gpio.c...
compiling stm32f1xx_hal_pwr.c...
compiling stm32f1xx_hal_flash.c...
compiling heap_4.c...
compiling stm32f1xx_hal_flash_ex.c...
compiling croutine.c...
compiling system_stm32f1xx.c...
compiling port.c...
compiling event_groups.c...
compiling queue.c...
compiling list.c...
compiling timers.c...
compiling tasks.c...
compiling cmsis_os.c...
linking...
Program Size: Code=17184 RO-data=400 RW-data=188 ZI-data=5028  
FromELF: creating hex file...
"powerplug\powerplug.axf" - 0 Error(s), 16 Warning(s).

<h2>Software Packages used:</h2>

Package Vendor: ARM
                http://www.keil.com/pack/ARM.CMSIS.5.3.0.pack
                ARM.CMSIS.5.3.0
                CMSIS (Cortex Microcontroller Software Interface Standard)
   * Component: CORE Version: 5.1.1

Package Vendor: Keil
                http://www.keil.com/pack/Keil.STM32F1xx_DFP.2.2.0.pack
                Keil.STM32F1xx_DFP.2.2.0
                STMicroelectronics STM32F1 Series Device Support, Drivers and Examples

<h2>Collection of Component include folders:</h2>
  .\RTE\_powerplug
  C:\Keil_v5\ARM\PACK\ARM\CMSIS\5.3.0\CMSIS\Include
  C:\Keil_v5\ARM\PACK\Keil\STM32F1xx_DFP\2.2.0\Device\Include

<h2>Collection of Component Files used:</h2>

   * Component: ARM::CMSIS:CORE:5.1.1
Build Time Elapsed:  00:00:14
</pre>
</body>
</html>
